<?xml version="1.0" encoding="ISO-8859-1" ?>
<link_info>
   <banner>TMS320C2000 Linker PC v20.8.0.STS</banner>
   <copyright>Copyright (c) 1996-2018 Texas Instruments Incorporated</copyright>
   <link_time>0x5fa706be</link_time>
   <link_errors>0x0</link_errors>
   <output_file>Resonant_Demo.out</output_file>
   <entry_point>
      <name>_c_int00</name>
      <address>0x8541b</address>
   </entry_point>
   <input_file_list>
      <input_file id="fl-2">
         <path>.\</path>
         <kind>object</kind>
         <file>ADC_Operation.obj</file>
         <name>ADC_Operation.obj</name>
      </input_file>
      <input_file id="fl-3">
         <path>.\</path>
         <kind>object</kind>
         <file>Init_Resonant.obj</file>
         <name>Init_Resonant.obj</name>
      </input_file>
      <input_file id="fl-4">
         <path>.\</path>
         <kind>object</kind>
         <file>Main_Resonant.obj</file>
         <name>Main_Resonant.obj</name>
      </input_file>
      <input_file id="fl-5">
         <path>.\</path>
         <kind>object</kind>
         <file>PWM_Operation.obj</file>
         <name>PWM_Operation.obj</name>
      </input_file>
      <input_file id="fl-6">
         <path>.\</path>
         <kind>object</kind>
         <file>f28004x_adc.obj</file>
         <name>f28004x_adc.obj</name>
      </input_file>
      <input_file id="fl-7">
         <path>.\</path>
         <kind>object</kind>
         <file>f28004x_codestartbranch.obj</file>
         <name>f28004x_codestartbranch.obj</name>
      </input_file>
      <input_file id="fl-8">
         <path>.\</path>
         <kind>object</kind>
         <file>f28004x_defaultisr.obj</file>
         <name>f28004x_defaultisr.obj</name>
      </input_file>
      <input_file id="fl-9">
         <path>.\</path>
         <kind>object</kind>
         <file>f28004x_globalvariabledefs.obj</file>
         <name>f28004x_globalvariabledefs.obj</name>
      </input_file>
      <input_file id="fl-a">
         <path>.\</path>
         <kind>object</kind>
         <file>f28004x_gpio.obj</file>
         <name>f28004x_gpio.obj</name>
      </input_file>
      <input_file id="fl-b">
         <path>.\</path>
         <kind>object</kind>
         <file>f28004x_piectrl.obj</file>
         <name>f28004x_piectrl.obj</name>
      </input_file>
      <input_file id="fl-c">
         <path>.\</path>
         <kind>object</kind>
         <file>f28004x_pievect.obj</file>
         <name>f28004x_pievect.obj</name>
      </input_file>
      <input_file id="fl-d">
         <path>.\</path>
         <kind>object</kind>
         <file>f28004x_sysctrl.obj</file>
         <name>f28004x_sysctrl.obj</name>
      </input_file>
      <input_file id="fl-e">
         <path>.\</path>
         <kind>object</kind>
         <file>f28004x_usdelay.obj</file>
         <name>f28004x_usdelay.obj</name>
      </input_file>
      <input_file id="fl-f">
         <path>.\device\</path>
         <kind>object</kind>
         <file>device.obj</file>
         <name>device.obj</name>
      </input_file>
      <input_file id="fl-10">
         <path>.\driverlib\</path>
         <kind>object</kind>
         <file>adc.obj</file>
         <name>adc.obj</name>
      </input_file>
      <input_file id="fl-11">
         <path>.\driverlib\</path>
         <kind>object</kind>
         <file>asysctl.obj</file>
         <name>asysctl.obj</name>
      </input_file>
      <input_file id="fl-12">
         <path>.\driverlib\</path>
         <kind>object</kind>
         <file>can.obj</file>
         <name>can.obj</name>
      </input_file>
      <input_file id="fl-13">
         <path>.\driverlib\</path>
         <kind>object</kind>
         <file>cla.obj</file>
         <name>cla.obj</name>
      </input_file>
      <input_file id="fl-14">
         <path>.\driverlib\</path>
         <kind>object</kind>
         <file>clapromcrc.obj</file>
         <name>clapromcrc.obj</name>
      </input_file>
      <input_file id="fl-15">
         <path>.\driverlib\</path>
         <kind>object</kind>
         <file>clb.obj</file>
         <name>clb.obj</name>
      </input_file>
      <input_file id="fl-16">
         <path>.\driverlib\</path>
         <kind>object</kind>
         <file>cmpss.obj</file>
         <name>cmpss.obj</name>
      </input_file>
      <input_file id="fl-17">
         <path>.\driverlib\</path>
         <kind>object</kind>
         <file>cputimer.obj</file>
         <name>cputimer.obj</name>
      </input_file>
      <input_file id="fl-18">
         <path>.\driverlib\</path>
         <kind>object</kind>
         <file>dac.obj</file>
         <name>dac.obj</name>
      </input_file>
      <input_file id="fl-19">
         <path>.\driverlib\</path>
         <kind>object</kind>
         <file>dcc.obj</file>
         <name>dcc.obj</name>
      </input_file>
      <input_file id="fl-1a">
         <path>.\driverlib\</path>
         <kind>object</kind>
         <file>dcsm.obj</file>
         <name>dcsm.obj</name>
      </input_file>
      <input_file id="fl-1b">
         <path>.\driverlib\</path>
         <kind>object</kind>
         <file>dma.obj</file>
         <name>dma.obj</name>
      </input_file>
      <input_file id="fl-1c">
         <path>.\driverlib\</path>
         <kind>object</kind>
         <file>ecap.obj</file>
         <name>ecap.obj</name>
      </input_file>
      <input_file id="fl-1d">
         <path>.\driverlib\</path>
         <kind>object</kind>
         <file>epwm.obj</file>
         <name>epwm.obj</name>
      </input_file>
      <input_file id="fl-1e">
         <path>.\driverlib\</path>
         <kind>object</kind>
         <file>eqep.obj</file>
         <name>eqep.obj</name>
      </input_file>
      <input_file id="fl-1f">
         <path>.\driverlib\</path>
         <kind>object</kind>
         <file>flash.obj</file>
         <name>flash.obj</name>
      </input_file>
      <input_file id="fl-20">
         <path>.\driverlib\</path>
         <kind>object</kind>
         <file>fsi.obj</file>
         <name>fsi.obj</name>
      </input_file>
      <input_file id="fl-21">
         <path>.\driverlib\</path>
         <kind>object</kind>
         <file>gpio.obj</file>
         <name>gpio.obj</name>
      </input_file>
      <input_file id="fl-22">
         <path>.\driverlib\</path>
         <kind>object</kind>
         <file>hrcap.obj</file>
         <name>hrcap.obj</name>
      </input_file>
      <input_file id="fl-23">
         <path>.\driverlib\</path>
         <kind>object</kind>
         <file>hrpwm.obj</file>
         <name>hrpwm.obj</name>
      </input_file>
      <input_file id="fl-24">
         <path>.\driverlib\</path>
         <kind>object</kind>
         <file>i2c.obj</file>
         <name>i2c.obj</name>
      </input_file>
      <input_file id="fl-25">
         <path>.\driverlib\</path>
         <kind>object</kind>
         <file>interrupt.obj</file>
         <name>interrupt.obj</name>
      </input_file>
      <input_file id="fl-26">
         <path>.\driverlib\</path>
         <kind>object</kind>
         <file>lin.obj</file>
         <name>lin.obj</name>
      </input_file>
      <input_file id="fl-27">
         <path>.\driverlib\</path>
         <kind>object</kind>
         <file>memcfg.obj</file>
         <name>memcfg.obj</name>
      </input_file>
      <input_file id="fl-28">
         <path>.\driverlib\</path>
         <kind>object</kind>
         <file>pga.obj</file>
         <name>pga.obj</name>
      </input_file>
      <input_file id="fl-29">
         <path>.\driverlib\</path>
         <kind>object</kind>
         <file>pmbus.obj</file>
         <name>pmbus.obj</name>
      </input_file>
      <input_file id="fl-2a">
         <path>.\driverlib\</path>
         <kind>object</kind>
         <file>sci.obj</file>
         <name>sci.obj</name>
      </input_file>
      <input_file id="fl-2b">
         <path>.\driverlib\</path>
         <kind>object</kind>
         <file>sdfm.obj</file>
         <name>sdfm.obj</name>
      </input_file>
      <input_file id="fl-2c">
         <path>.\driverlib\</path>
         <kind>object</kind>
         <file>spi.obj</file>
         <name>spi.obj</name>
      </input_file>
      <input_file id="fl-2d">
         <path>.\driverlib\</path>
         <kind>object</kind>
         <file>sysctl.obj</file>
         <name>sysctl.obj</name>
      </input_file>
      <input_file id="fl-2e">
         <path>.\driverlib\</path>
         <kind>object</kind>
         <file>version.obj</file>
         <name>version.obj</name>
      </input_file>
      <input_file id="fl-2f">
         <path>.\driverlib\</path>
         <kind>object</kind>
         <file>xbar.obj</file>
         <name>xbar.obj</name>
      </input_file>
      <input_file id="fl-3b">
         <kind>object</kind>
         <file>&lt;internal&gt;</file>
         <name>&lt;internal&gt;</name>
      </input_file>
      <input_file id="fl-50">
         <path>C:\ti\ccs1011\ccs\tools\compiler\ti-cgt-c2000_20.8.0.STS\lib\</path>
         <kind>archive</kind>
         <file>rts2800_fpu32_eabi.lib</file>
         <name>sprintf.c.obj</name>
      </input_file>
      <input_file id="fl-51">
         <path>C:\ti\ccs1011\ccs\tools\compiler\ti-cgt-c2000_20.8.0.STS\lib\</path>
         <kind>archive</kind>
         <file>rts2800_fpu32_eabi.lib</file>
         <name>boot28.asm.obj</name>
      </input_file>
      <input_file id="fl-52">
         <path>C:\ti\ccs1011\ccs\tools\compiler\ti-cgt-c2000_20.8.0.STS\lib\</path>
         <kind>archive</kind>
         <file>rts2800_fpu32_eabi.lib</file>
         <name>fd_add28.asm.obj</name>
      </input_file>
      <input_file id="fl-53">
         <path>C:\ti\ccs1011\ccs\tools\compiler\ti-cgt-c2000_20.8.0.STS\lib\</path>
         <kind>archive</kind>
         <file>rts2800_fpu32_eabi.lib</file>
         <name>fd_mpy28.asm.obj</name>
      </input_file>
      <input_file id="fl-54">
         <path>C:\ti\ccs1011\ccs\tools\compiler\ti-cgt-c2000_20.8.0.STS\lib\</path>
         <kind>archive</kind>
         <file>rts2800_fpu32_eabi.lib</file>
         <name>fs_div28.asm.obj</name>
      </input_file>
      <input_file id="fl-55">
         <path>C:\ti\ccs1011\ccs\tools\compiler\ti-cgt-c2000_20.8.0.STS\lib\</path>
         <kind>archive</kind>
         <file>rts2800_fpu32_eabi.lib</file>
         <name>u_tofd28.asm.obj</name>
      </input_file>
      <input_file id="fl-56">
         <path>C:\ti\ccs1011\ccs\tools\compiler\ti-cgt-c2000_20.8.0.STS\lib\</path>
         <kind>archive</kind>
         <file>rts2800_fpu32_eabi.lib</file>
         <name>l_tofd28.asm.obj</name>
      </input_file>
      <input_file id="fl-57">
         <path>C:\ti\ccs1011\ccs\tools\compiler\ti-cgt-c2000_20.8.0.STS\lib\</path>
         <kind>archive</kind>
         <file>rts2800_fpu32_eabi.lib</file>
         <name>fs_tofdfpu32.asm.obj</name>
      </input_file>
      <input_file id="fl-58">
         <path>C:\ti\ccs1011\ccs\tools\compiler\ti-cgt-c2000_20.8.0.STS\lib\</path>
         <kind>archive</kind>
         <file>rts2800_fpu32_eabi.lib</file>
         <name>fd_tofsfpu32.asm.obj</name>
      </input_file>
      <input_file id="fl-59">
         <path>C:\ti\ccs1011\ccs\tools\compiler\ti-cgt-c2000_20.8.0.STS\lib\</path>
         <kind>archive</kind>
         <file>rts2800_fpu32_eabi.lib</file>
         <name>memcpy.c.obj</name>
      </input_file>
      <input_file id="fl-5a">
         <path>C:\ti\ccs1011\ccs\tools\compiler\ti-cgt-c2000_20.8.0.STS\lib\</path>
         <kind>archive</kind>
         <file>rts2800_fpu32_eabi.lib</file>
         <name>pre_init.c.obj</name>
      </input_file>
      <input_file id="fl-5b">
         <path>C:\ti\ccs1011\ccs\tools\compiler\ti-cgt-c2000_20.8.0.STS\lib\</path>
         <kind>archive</kind>
         <file>rts2800_fpu32_eabi.lib</file>
         <name>autoinit.c.obj</name>
      </input_file>
      <input_file id="fl-5c">
         <path>C:\ti\ccs1011\ccs\tools\compiler\ti-cgt-c2000_20.8.0.STS\lib\</path>
         <kind>archive</kind>
         <file>rts2800_fpu32_eabi.lib</file>
         <name>copy_zero_init.c.obj</name>
      </input_file>
      <input_file id="fl-5d">
         <path>C:\ti\ccs1011\ccs\tools\compiler\ti-cgt-c2000_20.8.0.STS\lib\</path>
         <kind>archive</kind>
         <file>rts2800_fpu32_eabi.lib</file>
         <name>copy_decompress_none.c.obj</name>
      </input_file>
      <input_file id="fl-5e">
         <path>C:\ti\ccs1011\ccs\tools\compiler\ti-cgt-c2000_20.8.0.STS\lib\</path>
         <kind>archive</kind>
         <file>rts2800_fpu32_eabi.lib</file>
         <name>copy_decompress_lzss.c.obj</name>
      </input_file>
      <input_file id="fl-5f">
         <path>C:\ti\ccs1011\ccs\tools\compiler\ti-cgt-c2000_20.8.0.STS\lib\</path>
         <kind>archive</kind>
         <file>rts2800_fpu32_eabi.lib</file>
         <name>exit.c.obj</name>
      </input_file>
      <input_file id="fl-60">
         <path>C:\ti\ccs1011\ccs\tools\compiler\ti-cgt-c2000_20.8.0.STS\lib\</path>
         <kind>archive</kind>
         <file>rts2800_fpu32_eabi.lib</file>
         <name>_lock.c.obj</name>
      </input_file>
      <input_file id="fl-61">
         <path>C:\ti\ccs1011\ccs\tools\compiler\ti-cgt-c2000_20.8.0.STS\lib\</path>
         <kind>archive</kind>
         <file>rts2800_fpu32_eabi.lib</file>
         <name>args_main.c.obj</name>
      </input_file>
      <input_file id="fl-62">
         <path>C:\ti\ccs1011\ccs\tools\compiler\ti-cgt-c2000_20.8.0.STS\lib\</path>
         <kind>archive</kind>
         <file>rts2800_fpu32_eabi.lib</file>
         <name>memset.c.obj</name>
      </input_file>
      <input_file id="fl-63">
         <path>C:\ti\ccs1011\ccs\tools\compiler\ti-cgt-c2000_20.8.0.STS\lib\</path>
         <kind>archive</kind>
         <file>rts2800_fpu32_eabi.lib</file>
         <name>_printfi.c.obj</name>
      </input_file>
      <input_file id="fl-64">
         <path>C:\ti\ccs1011\ccs\tools\compiler\ti-cgt-c2000_20.8.0.STS\lib\</path>
         <kind>archive</kind>
         <file>rts2800_fpu32_eabi.lib</file>
         <name>wcslen.c.obj</name>
      </input_file>
      <input_file id="fl-65">
         <path>C:\ti\ccs1011\ccs\tools\compiler\ti-cgt-c2000_20.8.0.STS\lib\</path>
         <kind>archive</kind>
         <file>rts2800_fpu32_eabi.lib</file>
         <name>s_frexp.c.obj</name>
      </input_file>
      <input_file id="fl-66">
         <path>C:\ti\ccs1011\ccs\tools\compiler\ti-cgt-c2000_20.8.0.STS\lib\</path>
         <kind>archive</kind>
         <file>rts2800_fpu32_eabi.lib</file>
         <name>s_scalbn.c.obj</name>
      </input_file>
      <input_file id="fl-67">
         <path>C:\ti\ccs1011\ccs\tools\compiler\ti-cgt-c2000_20.8.0.STS\lib\</path>
         <kind>archive</kind>
         <file>rts2800_fpu32_eabi.lib</file>
         <name>s_copysign.c.obj</name>
      </input_file>
      <input_file id="fl-68">
         <path>C:\ti\ccs1011\ccs\tools\compiler\ti-cgt-c2000_20.8.0.STS\lib\</path>
         <kind>archive</kind>
         <file>rts2800_fpu32_eabi.lib</file>
         <name>fd_cmp28.asm.obj</name>
      </input_file>
      <input_file id="fl-69">
         <path>C:\ti\ccs1011\ccs\tools\compiler\ti-cgt-c2000_20.8.0.STS\lib\</path>
         <kind>archive</kind>
         <file>rts2800_fpu32_eabi.lib</file>
         <name>fd_neg28.asm.obj</name>
      </input_file>
      <input_file id="fl-6a">
         <path>C:\ti\ccs1011\ccs\tools\compiler\ti-cgt-c2000_20.8.0.STS\lib\</path>
         <kind>archive</kind>
         <file>rts2800_fpu32_eabi.lib</file>
         <name>fd_sub28.asm.obj</name>
      </input_file>
      <input_file id="fl-6b">
         <path>C:\ti\ccs1011\ccs\tools\compiler\ti-cgt-c2000_20.8.0.STS\lib\</path>
         <kind>archive</kind>
         <file>rts2800_fpu32_eabi.lib</file>
         <name>fd_toi28.asm.obj</name>
      </input_file>
      <input_file id="fl-6c">
         <path>C:\ti\ccs1011\ccs\tools\compiler\ti-cgt-c2000_20.8.0.STS\lib\</path>
         <kind>archive</kind>
         <file>rts2800_fpu32_eabi.lib</file>
         <name>fd_tol28.asm.obj</name>
      </input_file>
      <input_file id="fl-6d">
         <path>C:\ti\ccs1011\ccs\tools\compiler\ti-cgt-c2000_20.8.0.STS\lib\</path>
         <kind>archive</kind>
         <file>rts2800_fpu32_eabi.lib</file>
         <name>ll_aox28.asm.obj</name>
      </input_file>
      <input_file id="fl-6e">
         <path>C:\ti\ccs1011\ccs\tools\compiler\ti-cgt-c2000_20.8.0.STS\lib\</path>
         <kind>archive</kind>
         <file>rts2800_fpu32_eabi.lib</file>
         <name>ll_cmp28.asm.obj</name>
      </input_file>
      <input_file id="fl-6f">
         <path>C:\ti\ccs1011\ccs\tools\compiler\ti-cgt-c2000_20.8.0.STS\lib\</path>
         <kind>archive</kind>
         <file>rts2800_fpu32_eabi.lib</file>
         <name>ll_div28.asm.obj</name>
      </input_file>
      <input_file id="fl-70">
         <path>C:\ti\ccs1011\ccs\tools\compiler\ti-cgt-c2000_20.8.0.STS\lib\</path>
         <kind>archive</kind>
         <file>rts2800_fpu32_eabi.lib</file>
         <name>i_tofd28.asm.obj</name>
      </input_file>
      <input_file id="fl-71">
         <path>C:\ti\ccs1011\ccs\tools\compiler\ti-cgt-c2000_20.8.0.STS\lib\</path>
         <kind>archive</kind>
         <file>rts2800_fpu32_eabi.lib</file>
         <name>fd_div28.asm.obj</name>
      </input_file>
      <input_file id="fl-72">
         <path>C:\ti\ccs1011\ccs\tools\compiler\ti-cgt-c2000_20.8.0.STS\lib\</path>
         <kind>archive</kind>
         <file>rts2800_fpu32_eabi.lib</file>
         <name>cpy_tbl.c.obj</name>
      </input_file>
      <input_file id="fl-73">
         <path>C:\ti\ccs1011\ccs\tools\compiler\ti-cgt-c2000_20.8.0.STS\lib\</path>
         <kind>archive</kind>
         <file>rts2800_fpu32_eabi.lib</file>
         <name>startup.c.obj</name>
      </input_file>
      <input_file id="fl-74">
         <path>C:\ti\ccs1011\ccs\tools\compiler\ti-cgt-c2000_20.8.0.STS\lib\</path>
         <kind>archive</kind>
         <file>rts2800_fpu32_eabi.lib</file>
         <name>_ltoa.c.obj</name>
      </input_file>
      <input_file id="fl-75">
         <path>C:\ti\ccs1011\ccs\tools\compiler\ti-cgt-c2000_20.8.0.STS\lib\</path>
         <kind>archive</kind>
         <file>rts2800_fpu32_eabi.lib</file>
         <name>atoi.c.obj</name>
      </input_file>
      <input_file id="fl-76">
         <path>C:\ti\ccs1011\ccs\tools\compiler\ti-cgt-c2000_20.8.0.STS\lib\</path>
         <kind>archive</kind>
         <file>rts2800_fpu32_eabi.lib</file>
         <name>ctype.c.obj</name>
      </input_file>
      <input_file id="fl-77">
         <path>C:\ti\ccs1011\ccs\tools\compiler\ti-cgt-c2000_20.8.0.STS\lib\</path>
         <kind>archive</kind>
         <file>rts2800_fpu32_eabi.lib</file>
         <name>memccpy.c.obj</name>
      </input_file>
      <input_file id="fl-78">
         <path>C:\ti\ccs1011\ccs\tools\compiler\ti-cgt-c2000_20.8.0.STS\lib\</path>
         <kind>archive</kind>
         <file>rts2800_fpu32_eabi.lib</file>
         <name>strchr.c.obj</name>
      </input_file>
      <input_file id="fl-79">
         <path>C:\ti\ccs1011\ccs\tools\compiler\ti-cgt-c2000_20.8.0.STS\lib\</path>
         <kind>archive</kind>
         <file>rts2800_fpu32_eabi.lib</file>
         <name>strcpy.c.obj</name>
      </input_file>
      <input_file id="fl-7a">
         <path>C:\ti\ccs1011\ccs\tools\compiler\ti-cgt-c2000_20.8.0.STS\lib\</path>
         <kind>archive</kind>
         <file>rts2800_fpu32_eabi.lib</file>
         <name>strlen.c.obj</name>
      </input_file>
      <input_file id="fl-7b">
         <path>C:\ti\ccs1011\ccs\tools\compiler\ti-cgt-c2000_20.8.0.STS\lib\</path>
         <kind>archive</kind>
         <file>rts2800_fpu32_eabi.lib</file>
         <name>errno.c.obj</name>
      </input_file>
      <input_file id="fl-7c">
         <path>C:\ti\ccs1011\ccs\tools\compiler\ti-cgt-c2000_20.8.0.STS\lib\</path>
         <kind>archive</kind>
         <file>rts2800_fpu32_eabi.lib</file>
         <name>l_div28.asm.obj</name>
      </input_file>
   </input_file_list>
   <object_component_list>
      <object_component id="oc-2aa">
         <name>.text</name>
         <load_address>0x82000</load_address>
         <run_address>0x82000</run_address>
         <size>0x6c9</size>
         <input_file_ref idref="fl-63"/>
      </object_component>
      <object_component id="oc-238">
         <name>.text:__TI_printfi</name>
         <load_address>0x826c9</load_address>
         <run_address>0x826c9</run_address>
         <size>0x62a</size>
         <input_file_ref idref="fl-63"/>
      </object_component>
      <object_component id="oc-1e2">
         <name>.text</name>
         <load_address>0x82cf3</load_address>
         <run_address>0x82cf3</run_address>
         <size>0x25f</size>
         <input_file_ref idref="fl-2d"/>
      </object_component>
      <object_component id="oc-305">
         <name>.text</name>
         <load_address>0x82f52</load_address>
         <run_address>0x82f52</run_address>
         <size>0xae</size>
         <input_file_ref idref="fl-66"/>
      </object_component>
      <object_component id="oc-a3">
         <name>.text:retain</name>
         <load_address>0x83000</load_address>
         <run_address>0x83000</run_address>
         <size>0x4b3</size>
         <input_file_ref idref="fl-8"/>
      </object_component>
      <object_component id="oc-97">
         <name>.text:retain</name>
         <load_address>0x834b3</load_address>
         <run_address>0x834b3</run_address>
         <size>0x1b0</size>
         <input_file_ref idref="fl-4"/>
      </object_component>
      <object_component id="oc-137">
         <name>.text</name>
         <load_address>0x83663</load_address>
         <run_address>0x83663</run_address>
         <size>0x18c</size>
         <input_file_ref idref="fl-21"/>
      </object_component>
      <object_component id="oc-143">
         <name>.text</name>
         <load_address>0x837ef</load_address>
         <run_address>0x837ef</run_address>
         <size>0x154</size>
         <input_file_ref idref="fl-25"/>
      </object_component>
      <object_component id="oc-149">
         <name>.text</name>
         <load_address>0x83943</load_address>
         <run_address>0x83943</run_address>
         <size>0x13c</size>
         <input_file_ref idref="fl-f"/>
      </object_component>
      <object_component id="oc-98">
         <name>.text</name>
         <load_address>0x83a7f</load_address>
         <run_address>0x83a7f</run_address>
         <size>0x108</size>
         <input_file_ref idref="fl-3"/>
      </object_component>
      <object_component id="oc-296">
         <name>.text</name>
         <load_address>0x83b87</load_address>
         <run_address>0x83b87</run_address>
         <size>0x107</size>
         <input_file_ref idref="fl-6f"/>
      </object_component>
      <object_component id="oc-110">
         <name>.text</name>
         <load_address>0x83c8e</load_address>
         <run_address>0x83c8e</run_address>
         <size>0xd3</size>
         <input_file_ref idref="fl-2a"/>
      </object_component>
      <object_component id="oc-125">
         <name>.text</name>
         <load_address>0x83d61</load_address>
         <run_address>0x83d61</run_address>
         <size>0xb2</size>
         <input_file_ref idref="fl-5"/>
      </object_component>
      <object_component id="oc-11b">
         <name>.text</name>
         <load_address>0x83e13</load_address>
         <run_address>0x83e13</run_address>
         <size>0x9c</size>
         <input_file_ref idref="fl-52"/>
      </object_component>
      <object_component id="oc-13d">
         <name>.text</name>
         <load_address>0x83eaf</load_address>
         <run_address>0x83eaf</run_address>
         <size>0x96</size>
         <input_file_ref idref="fl-2"/>
      </object_component>
      <object_component id="oc-2e5">
         <name>.text</name>
         <load_address>0x83f45</load_address>
         <run_address>0x83f45</run_address>
         <size>0x8b</size>
         <input_file_ref idref="fl-71"/>
      </object_component>
      <object_component id="oc-2ef">
         <name>.text</name>
         <load_address>0x83fd0</load_address>
         <run_address>0x83fd0</run_address>
         <size>0x30</size>
         <input_file_ref idref="fl-74"/>
      </object_component>
      <object_component id="oc-120">
         <name>.text</name>
         <load_address>0x85000</load_address>
         <run_address>0x85000</run_address>
         <size>0x88</size>
         <input_file_ref idref="fl-54"/>
      </object_component>
      <object_component id="oc-f7">
         <name>.text</name>
         <load_address>0x85088</load_address>
         <run_address>0x85088</run_address>
         <size>0x83</size>
         <input_file_ref idref="fl-53"/>
      </object_component>
      <object_component id="oc-2ff">
         <name>.text</name>
         <load_address>0x8510b</load_address>
         <run_address>0x8510b</run_address>
         <size>0x5a</size>
         <input_file_ref idref="fl-65"/>
      </object_component>
      <object_component id="oc-19b">
         <name>.text</name>
         <load_address>0x85165</load_address>
         <run_address>0x85165</run_address>
         <size>0x4a</size>
         <input_file_ref idref="fl-4"/>
      </object_component>
      <object_component id="oc-10a">
         <name>.text</name>
         <load_address>0x851af</load_address>
         <run_address>0x851af</run_address>
         <size>0x32</size>
         <input_file_ref idref="fl-50"/>
      </object_component>
      <object_component id="oc-7f">
         <name>.text:decompress:lzss</name>
         <load_address>0x851e1</load_address>
         <run_address>0x851e1</run_address>
         <size>0x31</size>
         <input_file_ref idref="fl-5e"/>
      </object_component>
      <object_component id="oc-28b">
         <name>.text</name>
         <load_address>0x85212</load_address>
         <run_address>0x85212</run_address>
         <size>0x31</size>
         <input_file_ref idref="fl-75"/>
      </object_component>
      <object_component id="oc-16b">
         <name>.text:__TI_auto_init_nobinit_nopinit</name>
         <load_address>0x85243</load_address>
         <run_address>0x85243</run_address>
         <size>0x2b</size>
         <input_file_ref idref="fl-5b"/>
      </object_component>
      <object_component id="oc-2db">
         <name>.text</name>
         <load_address>0x8526e</load_address>
         <run_address>0x8526e</run_address>
         <size>0x2a</size>
         <input_file_ref idref="fl-68"/>
      </object_component>
      <object_component id="oc-330">
         <name>.text</name>
         <load_address>0x85298</load_address>
         <run_address>0x85298</run_address>
         <size>0x2a</size>
         <input_file_ref idref="fl-7c"/>
      </object_component>
      <object_component id="oc-d0">
         <name>.text</name>
         <load_address>0x852c2</load_address>
         <run_address>0x852c2</run_address>
         <size>0x29</size>
         <input_file_ref idref="fl-5f"/>
      </object_component>
      <object_component id="oc-341">
         <name>.text</name>
         <load_address>0x852eb</load_address>
         <run_address>0x852eb</run_address>
         <size>0x25</size>
         <input_file_ref idref="fl-67"/>
      </object_component>
      <object_component id="oc-fc">
         <name>.text</name>
         <load_address>0x85310</load_address>
         <run_address>0x85310</run_address>
         <size>0x23</size>
         <input_file_ref idref="fl-58"/>
      </object_component>
      <object_component id="oc-2fa">
         <name>.text</name>
         <load_address>0x85333</load_address>
         <run_address>0x85333</run_address>
         <size>0x21</size>
         <input_file_ref idref="fl-6b"/>
      </object_component>
      <object_component id="oc-2ea">
         <name>.text</name>
         <load_address>0x85354</load_address>
         <run_address>0x85354</run_address>
         <size>0x1f</size>
         <input_file_ref idref="fl-6c"/>
      </object_component>
      <object_component id="oc-291">
         <name>.text</name>
         <load_address>0x85373</load_address>
         <run_address>0x85373</run_address>
         <size>0x1e</size>
         <input_file_ref idref="fl-6e"/>
      </object_component>
      <object_component id="oc-30b">
         <name>.text</name>
         <load_address>0x85391</load_address>
         <run_address>0x85391</run_address>
         <size>0x1d</size>
         <input_file_ref idref="fl-70"/>
      </object_component>
      <object_component id="oc-af">
         <name>.text</name>
         <load_address>0x853ae</load_address>
         <run_address>0x853ae</run_address>
         <size>0x1d</size>
         <input_file_ref idref="fl-59"/>
      </object_component>
      <object_component id="oc-101">
         <name>.text</name>
         <load_address>0x853cb</load_address>
         <run_address>0x853cb</run_address>
         <size>0x1c</size>
         <input_file_ref idref="fl-57"/>
      </object_component>
      <object_component id="oc-116">
         <name>.text</name>
         <load_address>0x853e7</load_address>
         <run_address>0x853e7</run_address>
         <size>0x1c</size>
         <input_file_ref idref="fl-56"/>
      </object_component>
      <object_component id="oc-29b">
         <name>.text</name>
         <load_address>0x85403</load_address>
         <run_address>0x85403</run_address>
         <size>0x18</size>
         <input_file_ref idref="fl-6d"/>
      </object_component>
      <object_component id="oc-8c">
         <name>.text</name>
         <load_address>0x8541b</load_address>
         <run_address>0x8541b</run_address>
         <size>0x17</size>
         <input_file_ref idref="fl-51"/>
      </object_component>
      <object_component id="oc-ef">
         <name>.text</name>
         <load_address>0x85432</load_address>
         <run_address>0x85432</run_address>
         <size>0x17</size>
         <input_file_ref idref="fl-55"/>
      </object_component>
      <object_component id="oc-283">
         <name>.text</name>
         <load_address>0x85449</load_address>
         <run_address>0x85449</run_address>
         <size>0x10</size>
         <input_file_ref idref="fl-77"/>
      </object_component>
      <object_component id="oc-2f5">
         <name>.text</name>
         <load_address>0x85459</load_address>
         <run_address>0x85459</run_address>
         <size>0xe</size>
         <input_file_ref idref="fl-6a"/>
      </object_component>
      <object_component id="oc-ca">
         <name>.text</name>
         <load_address>0x85467</load_address>
         <run_address>0x85467</run_address>
         <size>0xc</size>
         <input_file_ref idref="fl-61"/>
      </object_component>
      <object_component id="oc-310">
         <name>.text</name>
         <load_address>0x85473</load_address>
         <run_address>0x85473</run_address>
         <size>0xc</size>
         <input_file_ref idref="fl-78"/>
      </object_component>
      <object_component id="oc-2a0">
         <name>.text</name>
         <load_address>0x8547f</load_address>
         <run_address>0x8547f</run_address>
         <size>0xb</size>
         <input_file_ref idref="fl-64"/>
      </object_component>
      <object_component id="oc-21d">
         <name>.text</name>
         <load_address>0x8548a</load_address>
         <run_address>0x8548a</run_address>
         <size>0x9</size>
         <input_file_ref idref="fl-60"/>
      </object_component>
      <object_component id="oc-2e0">
         <name>.text</name>
         <load_address>0x85493</load_address>
         <run_address>0x85493</run_address>
         <size>0x9</size>
         <input_file_ref idref="fl-69"/>
      </object_component>
      <object_component id="oc-85">
         <name>.text:decompress:none</name>
         <load_address>0x8549c</load_address>
         <run_address>0x8549c</run_address>
         <size>0x8</size>
         <input_file_ref idref="fl-5d"/>
      </object_component>
      <object_component id="oc-277">
         <name>.text</name>
         <load_address>0x854a4</load_address>
         <run_address>0x854a4</run_address>
         <size>0x8</size>
         <input_file_ref idref="fl-7a"/>
      </object_component>
      <object_component id="oc-162">
         <name>.text</name>
         <load_address>0x854ac</load_address>
         <run_address>0x854ac</run_address>
         <size>0x7</size>
         <input_file_ref idref="fl-62"/>
      </object_component>
      <object_component id="oc-bd">
         <name>.text:decompress:ZI</name>
         <load_address>0x854b3</load_address>
         <run_address>0x854b3</run_address>
         <size>0x6</size>
         <input_file_ref idref="fl-5c"/>
      </object_component>
      <object_component id="oc-27d">
         <name>.text</name>
         <load_address>0x854b9</load_address>
         <run_address>0x854b9</run_address>
         <size>0x5</size>
         <input_file_ref idref="fl-79"/>
      </object_component>
      <object_component id="oc-c3">
         <name>.text</name>
         <load_address>0x854be</load_address>
         <run_address>0x854be</run_address>
         <size>0x2</size>
         <input_file_ref idref="fl-5a"/>
      </object_component>
      <object_component id="oc-202">
         <name>.text</name>
         <load_address>0x854c0</load_address>
         <run_address>0x854c0</run_address>
         <size>0x1</size>
         <input_file_ref idref="fl-73"/>
      </object_component>
      <object_component id="oc-3fa">
         <name>.cinit..data.load</name>
         <load_address>0x81004</load_address>
         <run_address>0x81004</run_address>
         <size>0x1d</size>
      </object_component>
      <object_component id="oc-3f7">
         <name>__TI_handler_table</name>
         <load_address>0x81022</load_address>
         <run_address>0x81022</run_address>
         <size>0x6</size>
      </object_component>
      <object_component id="oc-3f9">
         <name>.cinit..bss.load</name>
         <load_address>0x81028</load_address>
         <run_address>0x81028</run_address>
         <size>0x4</size>
      </object_component>
      <object_component id="oc-3ff">
         <name>.cinit.AdcaRegsFile.load</name>
         <load_address>0x8102c</load_address>
         <run_address>0x8102c</run_address>
         <size>0x4</size>
      </object_component>
      <object_component id="oc-3fc">
         <name>.cinit.AdcaResultFile.load</name>
         <load_address>0x81030</load_address>
         <run_address>0x81030</run_address>
         <size>0x4</size>
      </object_component>
      <object_component id="oc-400">
         <name>.cinit.AdcbRegsFile.load</name>
         <load_address>0x81034</load_address>
         <run_address>0x81034</run_address>
         <size>0x4</size>
      </object_component>
      <object_component id="oc-3fd">
         <name>.cinit.AdcbResultFile.load</name>
         <load_address>0x81038</load_address>
         <run_address>0x81038</run_address>
         <size>0x4</size>
      </object_component>
      <object_component id="oc-401">
         <name>.cinit.AdccRegsFile.load</name>
         <load_address>0x8103c</load_address>
         <run_address>0x8103c</run_address>
         <size>0x4</size>
      </object_component>
      <object_component id="oc-3fe">
         <name>.cinit.AdccResultFile.load</name>
         <load_address>0x81040</load_address>
         <run_address>0x81040</run_address>
         <size>0x4</size>
      </object_component>
      <object_component id="oc-406">
         <name>.cinit.CpuSysRegsFile.load</name>
         <load_address>0x81044</load_address>
         <run_address>0x81044</run_address>
         <size>0x4</size>
      </object_component>
      <object_component id="oc-402">
         <name>.cinit.CpuTimer0RegsFile.load</name>
         <load_address>0x81048</load_address>
         <run_address>0x81048</run_address>
         <size>0x4</size>
      </object_component>
      <object_component id="oc-403">
         <name>.cinit.EPwm1RegsFile.load</name>
         <load_address>0x8104c</load_address>
         <run_address>0x8104c</run_address>
         <size>0x4</size>
      </object_component>
      <object_component id="oc-404">
         <name>.cinit.GpioCtrlRegsFile.load</name>
         <load_address>0x81050</load_address>
         <run_address>0x81050</run_address>
         <size>0x4</size>
      </object_component>
      <object_component id="oc-405">
         <name>.cinit.PieCtrlRegsFile.load</name>
         <load_address>0x81054</load_address>
         <run_address>0x81054</run_address>
         <size>0x4</size>
      </object_component>
      <object_component id="oc-3fb">
         <name>.cinit.PieVectTableFile.load</name>
         <load_address>0x81058</load_address>
         <run_address>0x81058</run_address>
         <size>0x4</size>
      </object_component>
      <object_component id="oc-3f8">
         <name>__TI_cinit_table</name>
         <load_address>0x8105c</load_address>
         <run_address>0x8105c</run_address>
         <size>0x38</size>
      </object_component>
      <object_component id="oc-ac">
         <name>.stack</name>
         <uninitialized>true</uninitialized>
         <run_address>0x400</run_address>
         <size>0x0</size>
         <input_file_ref idref="fl-51"/>
      </object_component>
      <object_component id="oc-407">
         <name>.stack</name>
         <uninitialized>true</uninitialized>
         <run_address>0x400</run_address>
         <size>0x0</size>
      </object_component>
      <object_component id="oc-e3">
         <name>.bss</name>
         <uninitialized>true</uninitialized>
         <run_address>0xa82e</run_address>
         <size>0xa</size>
         <input_file_ref idref="fl-4"/>
      </object_component>
      <object_component id="oc-e0">
         <name>.bss:Adc_sweep_Result</name>
         <uninitialized>true</uninitialized>
         <run_address>0xa83b</run_address>
         <size>0x2</size>
         <input_file_ref idref="fl-4"/>
      </object_component>
      <object_component id="oc-ec">
         <name>.bss:AdcResult</name>
         <uninitialized>true</uninitialized>
         <run_address>0xa838</run_address>
         <size>0x3</size>
         <input_file_ref idref="fl-4"/>
      </object_component>
      <object_component id="oc-106">
         <name>.bss:data_buff</name>
         <uninitialized>true</uninitialized>
         <run_address>0xa822</run_address>
         <size>0xc</size>
         <input_file_ref idref="fl-4"/>
      </object_component>
      <object_component id="oc-1db">
         <name>.data</name>
         <load_address>0xa80e</load_address>
         <run_address>0xa80e</run_address>
         <size>0x6</size>
         <input_file_ref idref="fl-2"/>
      </object_component>
      <object_component id="oc-d7">
         <name>.data</name>
         <load_address>0xa800</load_address>
         <run_address>0xa800</run_address>
         <size>0xe</size>
         <input_file_ref idref="fl-4"/>
      </object_component>
      <object_component id="oc-1cc">
         <name>.data</name>
         <load_address>0xa81a</load_address>
         <run_address>0xa81a</run_address>
         <size>0x2</size>
         <input_file_ref idref="fl-5"/>
      </object_component>
      <object_component id="oc-1a3">
         <name>.data</name>
         <load_address>0xa814</load_address>
         <run_address>0xa814</run_address>
         <size>0x6</size>
         <input_file_ref idref="fl-5f"/>
      </object_component>
      <object_component id="oc-1a6">
         <name>.data:_lock</name>
         <load_address>0xa81c</load_address>
         <run_address>0xa81c</run_address>
         <size>0x2</size>
         <input_file_ref idref="fl-60"/>
      </object_component>
      <object_component id="oc-26f">
         <name>.data:_unlock</name>
         <load_address>0xa81e</load_address>
         <run_address>0xa81e</run_address>
         <size>0x2</size>
         <input_file_ref idref="fl-60"/>
      </object_component>
      <object_component id="oc-2a6">
         <name>.data</name>
         <load_address>0xa820</load_address>
         <run_address>0xa820</run_address>
         <size>0x1</size>
         <input_file_ref idref="fl-7b"/>
      </object_component>
      <object_component id="oc-a9">
         <name>.const</name>
         <load_address>0x84000</load_address>
         <run_address>0x84000</run_address>
         <size>0x1c0</size>
         <input_file_ref idref="fl-c"/>
      </object_component>
      <object_component id="oc-2cd">
         <name>.const:.string:_ctypes_</name>
         <load_address>0x841c0</load_address>
         <run_address>0x841c0</run_address>
         <size>0x101</size>
         <input_file_ref idref="fl-76"/>
      </object_component>
      <object_component id="oc-276">
         <name>.const:.string</name>
         <load_address>0x842c2</load_address>
         <run_address>0x842c2</run_address>
         <size>0x26</size>
         <input_file_ref idref="fl-63"/>
      </object_component>
      <object_component id="oc-2da">
         <name>.const</name>
         <load_address>0x842e8</load_address>
         <run_address>0x842e8</run_address>
         <size>0x1c</size>
         <input_file_ref idref="fl-63"/>
      </object_component>
      <object_component id="oc-33e">
         <name>.const</name>
         <load_address>0x84304</load_address>
         <run_address>0x84304</run_address>
         <size>0x1c</size>
         <input_file_ref idref="fl-66"/>
      </object_component>
      <object_component id="oc-f4">
         <name>.const</name>
         <load_address>0x84320</load_address>
         <run_address>0x84320</run_address>
         <size>0xe</size>
         <input_file_ref idref="fl-4"/>
      </object_component>
      <object_component id="oc-109">
         <name>.const:.string</name>
         <load_address>0x8432e</load_address>
         <run_address>0x8432e</run_address>
         <size>0x9</size>
         <input_file_ref idref="fl-4"/>
      </object_component>
      <object_component id="oc-339">
         <name>.const</name>
         <load_address>0x84338</load_address>
         <run_address>0x84338</run_address>
         <size>0x8</size>
         <input_file_ref idref="fl-65"/>
      </object_component>
      <object_component id="oc-1e8">
         <name>.TI.ramfunc</name>
         <load_address>0x81000</load_address>
         <run_address>0x8000</run_address>
         <size>0x4</size>
         <input_file_ref idref="fl-2d"/>
      </object_component>
      <object_component id="oc-134">
         <name>PieVectTableFile</name>
         <uninitialized>true</uninitialized>
         <run_address>0xd00</run_address>
         <size>0x1c0</size>
         <input_file_ref idref="fl-9"/>
      </object_component>
      <object_component id="oc-e9">
         <name>AdcaResultFile</name>
         <uninitialized>true</uninitialized>
         <run_address>0xb00</run_address>
         <size>0x18</size>
         <input_file_ref idref="fl-9"/>
      </object_component>
      <object_component id="oc-dd">
         <name>AdcbResultFile</name>
         <uninitialized>true</uninitialized>
         <run_address>0xb20</run_address>
         <size>0x18</size>
         <input_file_ref idref="fl-9"/>
      </object_component>
      <object_component id="oc-da">
         <name>AdccResultFile</name>
         <uninitialized>true</uninitialized>
         <run_address>0xb40</run_address>
         <size>0x18</size>
         <input_file_ref idref="fl-9"/>
      </object_component>
      <object_component id="oc-24f">
         <name>AdcaRegsFile</name>
         <uninitialized>true</uninitialized>
         <run_address>0x7400</run_address>
         <size>0x76</size>
         <input_file_ref idref="fl-9"/>
      </object_component>
      <object_component id="oc-252">
         <name>AdcbRegsFile</name>
         <uninitialized>true</uninitialized>
         <run_address>0x7480</run_address>
         <size>0x76</size>
         <input_file_ref idref="fl-9"/>
      </object_component>
      <object_component id="oc-255">
         <name>AdccRegsFile</name>
         <uninitialized>true</uninitialized>
         <run_address>0x7500</run_address>
         <size>0x76</size>
         <input_file_ref idref="fl-9"/>
      </object_component>
      <object_component id="oc-12e">
         <name>CpuTimer0RegsFile</name>
         <uninitialized>true</uninitialized>
         <run_address>0xc00</run_address>
         <size>0x8</size>
         <input_file_ref idref="fl-9"/>
      </object_component>
      <object_component id="oc-244">
         <name>EPwm1RegsFile</name>
         <uninitialized>true</uninitialized>
         <run_address>0x4000</run_address>
         <size>0x100</size>
         <input_file_ref idref="fl-9"/>
      </object_component>
      <object_component id="oc-131">
         <name>GpioCtrlRegsFile</name>
         <uninitialized>true</uninitialized>
         <run_address>0x7c00</run_address>
         <size>0x200</size>
         <input_file_ref idref="fl-9"/>
      </object_component>
      <object_component id="oc-e6">
         <name>PieCtrlRegsFile</name>
         <uninitialized>true</uninitialized>
         <run_address>0xce0</run_address>
         <size>0x1a</size>
         <input_file_ref idref="fl-9"/>
      </object_component>
      <object_component id="oc-12b">
         <name>CpuSysRegsFile</name>
         <uninitialized>true</uninitialized>
         <run_address>0x5d300</run_address>
         <size>0x82</size>
         <input_file_ref idref="fl-9"/>
      </object_component>
      <object_component id="oc-1df">
         <name>.debug_types</name>
         <load_address>0x0</load_address>
         <run_address>0x0</run_address>
         <size>0x52cb</size>
         <input_file_ref idref="fl-2"/>
      </object_component>
      <object_component id="oc-150">
         <name>.debug_types</name>
         <load_address>0x52cb</load_address>
         <run_address>0x52cb</run_address>
         <size>0xfa01</size>
         <input_file_ref idref="fl-3"/>
      </object_component>
      <object_component id="oc-152">
         <name>.debug_types</name>
         <load_address>0x14ccc</load_address>
         <run_address>0x14ccc</run_address>
         <size>0x827</size>
         <input_file_ref idref="fl-4"/>
      </object_component>
      <object_component id="oc-1d0">
         <name>.debug_types</name>
         <load_address>0x154f3</load_address>
         <run_address>0x154f3</run_address>
         <size>0x6164</size>
         <input_file_ref idref="fl-5"/>
      </object_component>
      <object_component id="oc-154">
         <name>.debug_types</name>
         <load_address>0x0</load_address>
         <run_address>0x0</run_address>
         <size>0x0</size>
         <input_file_ref idref="fl-8"/>
      </object_component>
      <object_component id="oc-1af">
         <name>.debug_types</name>
         <load_address>0x1b657</load_address>
         <run_address>0x1b657</run_address>
         <size>0x39f4b</size>
         <input_file_ref idref="fl-9"/>
      </object_component>
      <object_component id="oc-157">
         <name>.debug_types</name>
         <load_address>0x555a2</load_address>
         <run_address>0x555a2</run_address>
         <size>0x5a</size>
         <input_file_ref idref="fl-c"/>
      </object_component>
      <object_component id="oc-1ea">
         <name>.debug_types</name>
         <load_address>0x555fc</load_address>
         <run_address>0x555fc</run_address>
         <size>0xaca</size>
         <input_file_ref idref="fl-f"/>
      </object_component>
      <object_component id="oc-1da">
         <name>.debug_types</name>
         <load_address>0x560c6</load_address>
         <run_address>0x560c6</run_address>
         <size>0x55d</size>
         <input_file_ref idref="fl-21"/>
      </object_component>
      <object_component id="oc-1e1">
         <name>.debug_types</name>
         <load_address>0x0</load_address>
         <run_address>0x0</run_address>
         <size>0x0</size>
         <input_file_ref idref="fl-25"/>
      </object_component>
      <object_component id="oc-1c8">
         <name>.debug_types</name>
         <load_address>0x56623</load_address>
         <run_address>0x56623</run_address>
         <size>0x2b</size>
         <input_file_ref idref="fl-2a"/>
      </object_component>
      <object_component id="oc-261">
         <name>.debug_types</name>
         <load_address>0x5664e</load_address>
         <run_address>0x5664e</run_address>
         <size>0x315</size>
         <input_file_ref idref="fl-2d"/>
      </object_component>
      <object_component id="oc-1c6">
         <name>.debug_types</name>
         <load_address>0x56963</load_address>
         <run_address>0x56963</run_address>
         <size>0x2c2</size>
         <input_file_ref idref="fl-50"/>
      </object_component>
      <object_component id="oc-15c">
         <name>.debug_types</name>
         <load_address>0x56c25</load_address>
         <run_address>0x56c25</run_address>
         <size>0x89</size>
         <input_file_ref idref="fl-59"/>
      </object_component>
      <object_component id="oc-16a">
         <name>.debug_types</name>
         <load_address>0x0</load_address>
         <run_address>0x0</run_address>
         <size>0x0</size>
         <input_file_ref idref="fl-5a"/>
      </object_component>
      <object_component id="oc-209">
         <name>.debug_types</name>
         <load_address>0x56cae</load_address>
         <run_address>0x56cae</run_address>
         <size>0x441</size>
         <input_file_ref idref="fl-5b"/>
      </object_component>
      <object_component id="oc-161">
         <name>.debug_types</name>
         <load_address>0x570ef</load_address>
         <run_address>0x570ef</run_address>
         <size>0x194</size>
         <input_file_ref idref="fl-5c"/>
      </object_component>
      <object_component id="oc-b6">
         <name>.debug_types</name>
         <load_address>0x0</load_address>
         <run_address>0x0</run_address>
         <size>0x0</size>
         <input_file_ref idref="fl-5d"/>
      </object_component>
      <object_component id="oc-ae">
         <name>.debug_types</name>
         <load_address>0x57283</load_address>
         <run_address>0x57283</run_address>
         <size>0x191</size>
         <input_file_ref idref="fl-5e"/>
      </object_component>
      <object_component id="oc-1aa">
         <name>.debug_types</name>
         <load_address>0x57414</load_address>
         <run_address>0x57414</run_address>
         <size>0x90</size>
         <input_file_ref idref="fl-5f"/>
      </object_component>
      <object_component id="oc-225">
         <name>.debug_types</name>
         <load_address>0x574a4</load_address>
         <run_address>0x574a4</run_address>
         <size>0x2f</size>
         <input_file_ref idref="fl-60"/>
      </object_component>
      <object_component id="oc-1a2">
         <name>.debug_types</name>
         <load_address>0x574d3</load_address>
         <run_address>0x574d3</run_address>
         <size>0xb6</size>
         <input_file_ref idref="fl-61"/>
      </object_component>
      <object_component id="oc-1fe">
         <name>.debug_types</name>
         <load_address>0x0</load_address>
         <run_address>0x0</run_address>
         <size>0x0</size>
         <input_file_ref idref="fl-62"/>
      </object_component>
      <object_component id="oc-28a">
         <name>.debug_types</name>
         <load_address>0x57589</load_address>
         <run_address>0x57589</run_address>
         <size>0x93e</size>
         <input_file_ref idref="fl-63"/>
      </object_component>
      <object_component id="oc-2d6">
         <name>.debug_types</name>
         <load_address>0x57ec7</load_address>
         <run_address>0x57ec7</run_address>
         <size>0x160</size>
         <input_file_ref idref="fl-64"/>
      </object_component>
      <object_component id="oc-33d">
         <name>.debug_types</name>
         <load_address>0x58027</load_address>
         <run_address>0x58027</run_address>
         <size>0x9b</size>
         <input_file_ref idref="fl-65"/>
      </object_component>
      <object_component id="oc-348">
         <name>.debug_types</name>
         <load_address>0x0</load_address>
         <run_address>0x0</run_address>
         <size>0x0</size>
         <input_file_ref idref="fl-66"/>
      </object_component>
      <object_component id="oc-35b">
         <name>.debug_types</name>
         <load_address>0x0</load_address>
         <run_address>0x0</run_address>
         <size>0x0</size>
         <input_file_ref idref="fl-67"/>
      </object_component>
      <object_component id="oc-269">
         <name>.debug_types</name>
         <load_address>0x0</load_address>
         <run_address>0x0</run_address>
         <size>0x0</size>
         <input_file_ref idref="fl-73"/>
      </object_component>
      <object_component id="oc-336">
         <name>.debug_types</name>
         <load_address>0x580c2</load_address>
         <run_address>0x580c2</run_address>
         <size>0x61</size>
         <input_file_ref idref="fl-74"/>
      </object_component>
      <object_component id="oc-2d1">
         <name>.debug_types</name>
         <load_address>0x58123</load_address>
         <run_address>0x58123</run_address>
         <size>0x34</size>
         <input_file_ref idref="fl-75"/>
      </object_component>
      <object_component id="oc-322">
         <name>.debug_types</name>
         <load_address>0x0</load_address>
         <run_address>0x0</run_address>
         <size>0x0</size>
         <input_file_ref idref="fl-76"/>
      </object_component>
      <object_component id="oc-2c9">
         <name>.debug_types</name>
         <load_address>0x0</load_address>
         <run_address>0x0</run_address>
         <size>0x0</size>
         <input_file_ref idref="fl-77"/>
      </object_component>
      <object_component id="oc-34b">
         <name>.debug_types</name>
         <load_address>0x0</load_address>
         <run_address>0x0</run_address>
         <size>0x0</size>
         <input_file_ref idref="fl-78"/>
      </object_component>
      <object_component id="oc-2c7">
         <name>.debug_types</name>
         <load_address>0x58157</load_address>
         <run_address>0x58157</run_address>
         <size>0x34</size>
         <input_file_ref idref="fl-79"/>
      </object_component>
      <object_component id="oc-2c5">
         <name>.debug_types</name>
         <load_address>0x0</load_address>
         <run_address>0x0</run_address>
         <size>0x0</size>
         <input_file_ref idref="fl-7a"/>
      </object_component>
      <object_component id="oc-2d9">
         <name>.debug_types</name>
         <load_address>0x0</load_address>
         <run_address>0x0</run_address>
         <size>0x0</size>
         <input_file_ref idref="fl-7b"/>
      </object_component>
      <object_component id="oc-1dc">
         <name>.debug_info</name>
         <load_address>0x0</load_address>
         <run_address>0x0</run_address>
         <size>0x142</size>
         <input_file_ref idref="fl-2"/>
      </object_component>
      <object_component id="oc-13f">
         <name>.debug_info</name>
         <load_address>0x142</load_address>
         <run_address>0x142</run_address>
         <size>0x18c</size>
         <input_file_ref idref="fl-2"/>
      </object_component>
      <object_component id="oc-9b">
         <name>.debug_info</name>
         <load_address>0x2ce</load_address>
         <run_address>0x2ce</run_address>
         <size>0x3a1</size>
         <input_file_ref idref="fl-3"/>
      </object_component>
      <object_component id="oc-d8">
         <name>.debug_info</name>
         <load_address>0x66f</load_address>
         <run_address>0x66f</run_address>
         <size>0x1fe</size>
         <input_file_ref idref="fl-4"/>
      </object_component>
      <object_component id="oc-e4">
         <name>.debug_info</name>
         <load_address>0x86d</load_address>
         <run_address>0x86d</run_address>
         <size>0x162</size>
         <input_file_ref idref="fl-4"/>
      </object_component>
      <object_component id="oc-f5">
         <name>.debug_info</name>
         <load_address>0x9cf</load_address>
         <run_address>0x9cf</run_address>
         <size>0xe8</size>
         <input_file_ref idref="fl-4"/>
      </object_component>
      <object_component id="oc-e1">
         <name>.debug_info</name>
         <load_address>0xab7</load_address>
         <run_address>0xab7</run_address>
         <size>0xf2</size>
         <input_file_ref idref="fl-4"/>
      </object_component>
      <object_component id="oc-ed">
         <name>.debug_info</name>
         <load_address>0xba9</load_address>
         <run_address>0xba9</run_address>
         <size>0xe4</size>
         <input_file_ref idref="fl-4"/>
      </object_component>
      <object_component id="oc-107">
         <name>.debug_info</name>
         <load_address>0xc8d</load_address>
         <run_address>0xc8d</run_address>
         <size>0xe4</size>
         <input_file_ref idref="fl-4"/>
      </object_component>
      <object_component id="oc-19d">
         <name>.debug_info</name>
         <load_address>0xd71</load_address>
         <run_address>0xd71</run_address>
         <size>0x11a</size>
         <input_file_ref idref="fl-4"/>
      </object_component>
      <object_component id="oc-a0">
         <name>.debug_info</name>
         <load_address>0xe8b</load_address>
         <run_address>0xe8b</run_address>
         <size>0x30f</size>
         <input_file_ref idref="fl-4"/>
      </object_component>
      <object_component id="oc-1cd">
         <name>.debug_info</name>
         <load_address>0x119a</load_address>
         <run_address>0x119a</run_address>
         <size>0xe0</size>
         <input_file_ref idref="fl-5"/>
      </object_component>
      <object_component id="oc-128">
         <name>.debug_info</name>
         <load_address>0x127a</load_address>
         <run_address>0x127a</run_address>
         <size>0x20c</size>
         <input_file_ref idref="fl-5"/>
      </object_component>
      <object_component id="oc-a5">
         <name>.debug_info</name>
         <load_address>0x1486</load_address>
         <run_address>0x1486</run_address>
         <size>0x1eda</size>
         <input_file_ref idref="fl-8"/>
      </object_component>
      <object_component id="oc-12f">
         <name>.debug_info</name>
         <load_address>0x3360</load_address>
         <run_address>0x3360</run_address>
         <size>0xf8</size>
         <input_file_ref idref="fl-9"/>
      </object_component>
      <object_component id="oc-ea">
         <name>.debug_info</name>
         <load_address>0x3458</load_address>
         <run_address>0x3458</run_address>
         <size>0xfa</size>
         <input_file_ref idref="fl-9"/>
      </object_component>
      <object_component id="oc-de">
         <name>.debug_info</name>
         <load_address>0x3552</load_address>
         <run_address>0x3552</run_address>
         <size>0xfa</size>
         <input_file_ref idref="fl-9"/>
      </object_component>
      <object_component id="oc-db">
         <name>.debug_info</name>
         <load_address>0x364c</load_address>
         <run_address>0x364c</run_address>
         <size>0xfa</size>
         <input_file_ref idref="fl-9"/>
      </object_component>
      <object_component id="oc-e7">
         <name>.debug_info</name>
         <load_address>0x3746</load_address>
         <run_address>0x3746</run_address>
         <size>0xf5</size>
         <input_file_ref idref="fl-9"/>
      </object_component>
      <object_component id="oc-250">
         <name>.debug_info</name>
         <load_address>0x383b</load_address>
         <run_address>0x383b</run_address>
         <size>0xee</size>
         <input_file_ref idref="fl-9"/>
      </object_component>
      <object_component id="oc-253">
         <name>.debug_info</name>
         <load_address>0x3929</load_address>
         <run_address>0x3929</run_address>
         <size>0xee</size>
         <input_file_ref idref="fl-9"/>
      </object_component>
      <object_component id="oc-256">
         <name>.debug_info</name>
         <load_address>0x3a17</load_address>
         <run_address>0x3a17</run_address>
         <size>0xee</size>
         <input_file_ref idref="fl-9"/>
      </object_component>
      <object_component id="oc-12c">
         <name>.debug_info</name>
         <load_address>0x3b05</load_address>
         <run_address>0x3b05</run_address>
         <size>0xf3</size>
         <input_file_ref idref="fl-9"/>
      </object_component>
      <object_component id="oc-245">
         <name>.debug_info</name>
         <load_address>0x3bf8</load_address>
         <run_address>0x3bf8</run_address>
         <size>0xf1</size>
         <input_file_ref idref="fl-9"/>
      </object_component>
      <object_component id="oc-135">
         <name>.debug_info</name>
         <load_address>0x3ce9</load_address>
         <run_address>0x3ce9</run_address>
         <size>0xf7</size>
         <input_file_ref idref="fl-9"/>
      </object_component>
      <object_component id="oc-132">
         <name>.debug_info</name>
         <load_address>0x3de0</load_address>
         <run_address>0x3de0</run_address>
         <size>0xf7</size>
         <input_file_ref idref="fl-9"/>
      </object_component>
      <object_component id="oc-aa">
         <name>.debug_info</name>
         <load_address>0x3ed7</load_address>
         <run_address>0x3ed7</run_address>
         <size>0xf4</size>
         <input_file_ref idref="fl-c"/>
      </object_component>
      <object_component id="oc-14d">
         <name>.debug_info</name>
         <load_address>0x3fcb</load_address>
         <run_address>0x3fcb</run_address>
         <size>0x300</size>
         <input_file_ref idref="fl-f"/>
      </object_component>
      <object_component id="oc-139">
         <name>.debug_info</name>
         <load_address>0x42cb</load_address>
         <run_address>0x42cb</run_address>
         <size>0x7ef</size>
         <input_file_ref idref="fl-21"/>
      </object_component>
      <object_component id="oc-144">
         <name>.debug_info</name>
         <load_address>0x4aba</load_address>
         <run_address>0x4aba</run_address>
         <size>0x4e7</size>
         <input_file_ref idref="fl-25"/>
      </object_component>
      <object_component id="oc-113">
         <name>.debug_info</name>
         <load_address>0x4fa1</load_address>
         <run_address>0x4fa1</run_address>
         <size>0x53a</size>
         <input_file_ref idref="fl-2a"/>
      </object_component>
      <object_component id="oc-1e4">
         <name>.debug_info</name>
         <load_address>0x54db</load_address>
         <run_address>0x54db</run_address>
         <size>0x70e</size>
         <input_file_ref idref="fl-2d"/>
      </object_component>
      <object_component id="oc-10b">
         <name>.debug_info</name>
         <load_address>0x5be9</load_address>
         <run_address>0x5be9</run_address>
         <size>0x2c9</size>
         <input_file_ref idref="fl-50"/>
      </object_component>
      <object_component id="oc-8f">
         <name>.debug_info</name>
         <load_address>0x5eb2</load_address>
         <run_address>0x5eb2</run_address>
         <size>0x158</size>
         <input_file_ref idref="fl-51"/>
      </object_component>
      <object_component id="oc-11d">
         <name>.debug_info</name>
         <load_address>0x600a</load_address>
         <run_address>0x600a</run_address>
         <size>0x127</size>
         <input_file_ref idref="fl-52"/>
      </object_component>
      <object_component id="oc-fa">
         <name>.debug_info</name>
         <load_address>0x6131</load_address>
         <run_address>0x6131</run_address>
         <size>0x127</size>
         <input_file_ref idref="fl-53"/>
      </object_component>
      <object_component id="oc-121">
         <name>.debug_info</name>
         <load_address>0x6258</load_address>
         <run_address>0x6258</run_address>
         <size>0x127</size>
         <input_file_ref idref="fl-54"/>
      </object_component>
      <object_component id="oc-f0">
         <name>.debug_info</name>
         <load_address>0x637f</load_address>
         <run_address>0x637f</run_address>
         <size>0x12b</size>
         <input_file_ref idref="fl-55"/>
      </object_component>
      <object_component id="oc-119">
         <name>.debug_info</name>
         <load_address>0x64aa</load_address>
         <run_address>0x64aa</run_address>
         <size>0x12b</size>
         <input_file_ref idref="fl-56"/>
      </object_component>
      <object_component id="oc-104">
         <name>.debug_info</name>
         <load_address>0x65d5</load_address>
         <run_address>0x65d5</run_address>
         <size>0x12b</size>
         <input_file_ref idref="fl-57"/>
      </object_component>
      <object_component id="oc-ff">
         <name>.debug_info</name>
         <load_address>0x6700</load_address>
         <run_address>0x6700</run_address>
         <size>0x12b</size>
         <input_file_ref idref="fl-58"/>
      </object_component>
      <object_component id="oc-b3">
         <name>.debug_info</name>
         <load_address>0x682b</load_address>
         <run_address>0x682b</run_address>
         <size>0x19b</size>
         <input_file_ref idref="fl-59"/>
      </object_component>
      <object_component id="oc-c4">
         <name>.debug_info</name>
         <load_address>0x69c6</load_address>
         <run_address>0x69c6</run_address>
         <size>0x14d</size>
         <input_file_ref idref="fl-5a"/>
      </object_component>
      <object_component id="oc-16f">
         <name>.debug_info</name>
         <load_address>0x6b13</load_address>
         <run_address>0x6b13</run_address>
         <size>0x1bf</size>
         <input_file_ref idref="fl-5b"/>
      </object_component>
      <object_component id="oc-be">
         <name>.debug_info</name>
         <load_address>0x6cd2</load_address>
         <run_address>0x6cd2</run_address>
         <size>0x19f</size>
         <input_file_ref idref="fl-5c"/>
      </object_component>
      <object_component id="oc-86">
         <name>.debug_info</name>
         <load_address>0x6e71</load_address>
         <run_address>0x6e71</run_address>
         <size>0x1b7</size>
         <input_file_ref idref="fl-5d"/>
      </object_component>
      <object_component id="oc-80">
         <name>.debug_info</name>
         <load_address>0x7028</load_address>
         <run_address>0x7028</run_address>
         <size>0x20c</size>
         <input_file_ref idref="fl-5e"/>
      </object_component>
      <object_component id="oc-1a4">
         <name>.debug_info</name>
         <load_address>0x7234</load_address>
         <run_address>0x7234</run_address>
         <size>0x19e</size>
         <input_file_ref idref="fl-5f"/>
      </object_component>
      <object_component id="oc-d4">
         <name>.debug_info</name>
         <load_address>0x73d2</load_address>
         <run_address>0x73d2</run_address>
         <size>0x1a9</size>
         <input_file_ref idref="fl-5f"/>
      </object_component>
      <object_component id="oc-1a7">
         <name>.debug_info</name>
         <load_address>0x757b</load_address>
         <run_address>0x757b</run_address>
         <size>0x107</size>
         <input_file_ref idref="fl-60"/>
      </object_component>
      <object_component id="oc-270">
         <name>.debug_info</name>
         <load_address>0x7682</load_address>
         <run_address>0x7682</run_address>
         <size>0x10b</size>
         <input_file_ref idref="fl-60"/>
      </object_component>
      <object_component id="oc-220">
         <name>.debug_info</name>
         <load_address>0x778d</load_address>
         <run_address>0x778d</run_address>
         <size>0x203</size>
         <input_file_ref idref="fl-60"/>
      </object_component>
      <object_component id="oc-cc">
         <name>.debug_info</name>
         <load_address>0x7990</load_address>
         <run_address>0x7990</run_address>
         <size>0x15d</size>
         <input_file_ref idref="fl-61"/>
      </object_component>
      <object_component id="oc-163">
         <name>.debug_info</name>
         <load_address>0x7aed</load_address>
         <run_address>0x7aed</run_address>
         <size>0x208</size>
         <input_file_ref idref="fl-62"/>
      </object_component>
      <object_component id="oc-239">
         <name>.debug_info</name>
         <load_address>0x7cf5</load_address>
         <run_address>0x7cf5</run_address>
         <size>0xd2a</size>
         <input_file_ref idref="fl-63"/>
      </object_component>
      <object_component id="oc-2ad">
         <name>.debug_info</name>
         <load_address>0x8a1f</load_address>
         <run_address>0x8a1f</run_address>
         <size>0x137d</size>
         <input_file_ref idref="fl-63"/>
      </object_component>
      <object_component id="oc-2a1">
         <name>.debug_info</name>
         <load_address>0x9d9c</load_address>
         <run_address>0x9d9c</run_address>
         <size>0x15c</size>
         <input_file_ref idref="fl-64"/>
      </object_component>
      <object_component id="oc-33a">
         <name>.debug_info</name>
         <load_address>0x9ef8</load_address>
         <run_address>0x9ef8</run_address>
         <size>0x109</size>
         <input_file_ref idref="fl-65"/>
      </object_component>
      <object_component id="oc-302">
         <name>.debug_info</name>
         <load_address>0xa001</load_address>
         <run_address>0xa001</run_address>
         <size>0x1cf</size>
         <input_file_ref idref="fl-65"/>
      </object_component>
      <object_component id="oc-33f">
         <name>.debug_info</name>
         <load_address>0xa1d0</load_address>
         <run_address>0xa1d0</run_address>
         <size>0x146</size>
         <input_file_ref idref="fl-66"/>
      </object_component>
      <object_component id="oc-306">
         <name>.debug_info</name>
         <load_address>0xa316</load_address>
         <run_address>0xa316</run_address>
         <size>0x208</size>
         <input_file_ref idref="fl-66"/>
      </object_component>
      <object_component id="oc-344">
         <name>.debug_info</name>
         <load_address>0xa51e</load_address>
         <run_address>0xa51e</run_address>
         <size>0x189</size>
         <input_file_ref idref="fl-67"/>
      </object_component>
      <object_component id="oc-2de">
         <name>.debug_info</name>
         <load_address>0xa6a7</load_address>
         <run_address>0xa6a7</run_address>
         <size>0x131</size>
         <input_file_ref idref="fl-68"/>
      </object_component>
      <object_component id="oc-2e1">
         <name>.debug_info</name>
         <load_address>0xa7d8</load_address>
         <run_address>0xa7d8</run_address>
         <size>0x127</size>
         <input_file_ref idref="fl-69"/>
      </object_component>
      <object_component id="oc-2f7">
         <name>.debug_info</name>
         <load_address>0xa8ff</load_address>
         <run_address>0xa8ff</run_address>
         <size>0x13b</size>
         <input_file_ref idref="fl-6a"/>
      </object_component>
      <object_component id="oc-2fc">
         <name>.debug_info</name>
         <load_address>0xaa3a</load_address>
         <run_address>0xaa3a</run_address>
         <size>0x127</size>
         <input_file_ref idref="fl-6b"/>
      </object_component>
      <object_component id="oc-2ec">
         <name>.debug_info</name>
         <load_address>0xab61</load_address>
         <run_address>0xab61</run_address>
         <size>0x127</size>
         <input_file_ref idref="fl-6c"/>
      </object_component>
      <object_component id="oc-29d">
         <name>.debug_info</name>
         <load_address>0xac88</load_address>
         <run_address>0xac88</run_address>
         <size>0x1a5</size>
         <input_file_ref idref="fl-6d"/>
      </object_component>
      <object_component id="oc-293">
         <name>.debug_info</name>
         <load_address>0xae2d</load_address>
         <run_address>0xae2d</run_address>
         <size>0x16f</size>
         <input_file_ref idref="fl-6e"/>
      </object_component>
      <object_component id="oc-299">
         <name>.debug_info</name>
         <load_address>0xaf9c</load_address>
         <run_address>0xaf9c</run_address>
         <size>0x266</size>
         <input_file_ref idref="fl-6f"/>
      </object_component>
      <object_component id="oc-30d">
         <name>.debug_info</name>
         <load_address>0xb202</load_address>
         <run_address>0xb202</run_address>
         <size>0x12b</size>
         <input_file_ref idref="fl-70"/>
      </object_component>
      <object_component id="oc-2e8">
         <name>.debug_info</name>
         <load_address>0xb32d</load_address>
         <run_address>0xb32d</run_address>
         <size>0x127</size>
         <input_file_ref idref="fl-71"/>
      </object_component>
      <object_component id="oc-204">
         <name>.debug_info</name>
         <load_address>0xb454</load_address>
         <run_address>0xb454</run_address>
         <size>0x147</size>
         <input_file_ref idref="fl-73"/>
      </object_component>
      <object_component id="oc-2f1">
         <name>.debug_info</name>
         <load_address>0xb59b</load_address>
         <run_address>0xb59b</run_address>
         <size>0x1e0</size>
         <input_file_ref idref="fl-74"/>
      </object_component>
      <object_component id="oc-28f">
         <name>.debug_info</name>
         <load_address>0xb77b</load_address>
         <run_address>0xb77b</run_address>
         <size>0x179</size>
         <input_file_ref idref="fl-75"/>
      </object_component>
      <object_component id="oc-2ce">
         <name>.debug_info</name>
         <load_address>0xb8f4</load_address>
         <run_address>0xb8f4</run_address>
         <size>0x10c</size>
         <input_file_ref idref="fl-76"/>
      </object_component>
      <object_component id="oc-284">
         <name>.debug_info</name>
         <load_address>0xba00</load_address>
         <run_address>0xba00</run_address>
         <size>0x1b3</size>
         <input_file_ref idref="fl-77"/>
      </object_component>
      <object_component id="oc-313">
         <name>.debug_info</name>
         <load_address>0xbbb3</load_address>
         <run_address>0xbbb3</run_address>
         <size>0x1fc</size>
         <input_file_ref idref="fl-78"/>
      </object_component>
      <object_component id="oc-280">
         <name>.debug_info</name>
         <load_address>0xbdaf</load_address>
         <run_address>0xbdaf</run_address>
         <size>0x1e5</size>
         <input_file_ref idref="fl-79"/>
      </object_component>
      <object_component id="oc-27a">
         <name>.debug_info</name>
         <load_address>0xbf94</load_address>
         <run_address>0xbf94</run_address>
         <size>0x1c7</size>
         <input_file_ref idref="fl-7a"/>
      </object_component>
      <object_component id="oc-2a7">
         <name>.debug_info</name>
         <load_address>0xc15b</load_address>
         <run_address>0xc15b</run_address>
         <size>0x106</size>
         <input_file_ref idref="fl-7b"/>
      </object_component>
      <object_component id="oc-331">
         <name>.debug_info</name>
         <load_address>0xc261</load_address>
         <run_address>0xc261</run_address>
         <size>0x1e1</size>
         <input_file_ref idref="fl-7c"/>
      </object_component>
      <object_component id="oc-40b">
         <name>.debug_info</name>
         <load_address>0xc442</load_address>
         <run_address>0xc442</run_address>
         <size>0xa5</size>
      </object_component>
      <object_component id="oc-259">
         <name>.debug_line</name>
         <load_address>0x0</load_address>
         <run_address>0x0</run_address>
         <size>0x37</size>
         <input_file_ref idref="fl-2"/>
      </object_component>
      <object_component id="oc-141">
         <name>.debug_line</name>
         <load_address>0x37</load_address>
         <run_address>0x37</run_address>
         <size>0xdc</size>
         <input_file_ref idref="fl-2"/>
      </object_component>
      <object_component id="oc-25b">
         <name>.debug_line</name>
         <load_address>0x113</load_address>
         <run_address>0x113</run_address>
         <size>0x93</size>
         <input_file_ref idref="fl-2"/>
      </object_component>
      <object_component id="oc-99">
         <name>.debug_line</name>
         <load_address>0x1a6</load_address>
         <run_address>0x1a6</run_address>
         <size>0x1c9</size>
         <input_file_ref idref="fl-3"/>
      </object_component>
      <object_component id="oc-1ec">
         <name>.debug_line</name>
         <load_address>0x36f</load_address>
         <run_address>0x36f</run_address>
         <size>0xb4</size>
         <input_file_ref idref="fl-3"/>
      </object_component>
      <object_component id="oc-1ac">
         <name>.debug_line</name>
         <load_address>0x423</load_address>
         <run_address>0x423</run_address>
         <size>0x37</size>
         <input_file_ref idref="fl-4"/>
      </object_component>
      <object_component id="oc-1b5">
         <name>.debug_line</name>
         <load_address>0x45a</load_address>
         <run_address>0x45a</run_address>
         <size>0x37</size>
         <input_file_ref idref="fl-4"/>
      </object_component>
      <object_component id="oc-1be">
         <name>.debug_line</name>
         <load_address>0x491</load_address>
         <run_address>0x491</run_address>
         <size>0x37</size>
         <input_file_ref idref="fl-4"/>
      </object_component>
      <object_component id="oc-1b3">
         <name>.debug_line</name>
         <load_address>0x4c8</load_address>
         <run_address>0x4c8</run_address>
         <size>0x37</size>
         <input_file_ref idref="fl-4"/>
      </object_component>
      <object_component id="oc-1bb">
         <name>.debug_line</name>
         <load_address>0x4ff</load_address>
         <run_address>0x4ff</run_address>
         <size>0x37</size>
         <input_file_ref idref="fl-4"/>
      </object_component>
      <object_component id="oc-1c3">
         <name>.debug_line</name>
         <load_address>0x536</load_address>
         <run_address>0x536</run_address>
         <size>0x37</size>
         <input_file_ref idref="fl-4"/>
      </object_component>
      <object_component id="oc-1a0">
         <name>.debug_line</name>
         <load_address>0x56d</load_address>
         <run_address>0x56d</run_address>
         <size>0xd8</size>
         <input_file_ref idref="fl-4"/>
      </object_component>
      <object_component id="oc-9f">
         <name>.debug_line</name>
         <load_address>0x645</load_address>
         <run_address>0x645</run_address>
         <size>0xc6</size>
         <input_file_ref idref="fl-4"/>
      </object_component>
      <object_component id="oc-1ef">
         <name>.debug_line</name>
         <load_address>0x70b</load_address>
         <run_address>0x70b</run_address>
         <size>0x96</size>
         <input_file_ref idref="fl-4"/>
      </object_component>
      <object_component id="oc-248">
         <name>.debug_line</name>
         <load_address>0x7a1</load_address>
         <run_address>0x7a1</run_address>
         <size>0x37</size>
         <input_file_ref idref="fl-5"/>
      </object_component>
      <object_component id="oc-126">
         <name>.debug_line</name>
         <load_address>0x7d8</load_address>
         <run_address>0x7d8</run_address>
         <size>0x105</size>
         <input_file_ref idref="fl-5"/>
      </object_component>
[...]
         <object_component_ref idref="oc-a3"/>
      </symbol>
      <symbol id="sm-220">
         <name>CANA1_ISR</name>
         <value>0x83409</value>
         <object_component_ref idref="oc-a3"/>
      </symbol>
      <symbol id="sm-221">
         <name>CANB1_ISR</name>
         <value>0x833f5</value>
         <object_component_ref idref="oc-a3"/>
      </symbol>
      <symbol id="sm-222">
         <name>FSIRXA2_ISR</name>
         <value>0x831ea</value>
         <object_component_ref idref="oc-a3"/>
      </symbol>
      <symbol id="sm-223">
         <name>ILLEGAL_ISR</name>
         <value>0x831b8</value>
         <object_component_ref idref="oc-a3"/>
      </symbol>
      <symbol id="sm-224">
         <name>EPWM3_ISR</name>
         <value>0x8329e</value>
         <object_component_ref idref="oc-a3"/>
      </symbol>
      <symbol id="sm-225">
         <name>TIMER0_ISR</name>
         <value>0x830c8</value>
         <object_component_ref idref="oc-a3"/>
      </symbol>
      <symbol id="sm-226">
         <name>USER3_ISR</name>
         <value>0x83078</value>
         <object_component_ref idref="oc-a3"/>
      </symbol>
      <symbol id="sm-227">
         <name>SD1DR4_ISR</name>
         <value>0x8310e</value>
         <object_component_ref idref="oc-a3"/>
      </symbol>
      <symbol id="sm-269">
         <name>AdcbRegs</name>
         <value>0x7480</value>
         <object_component_ref idref="oc-252"/>
      </symbol>
      <symbol id="sm-26a">
         <name>AdccRegs</name>
         <value>0x7500</value>
         <object_component_ref idref="oc-255"/>
      </symbol>
      <symbol id="sm-26b">
         <name>PieVectTable</name>
         <value>0xd00</value>
         <object_component_ref idref="oc-134"/>
      </symbol>
      <symbol id="sm-26c">
         <name>GpioCtrlRegs</name>
         <value>0x7c00</value>
         <object_component_ref idref="oc-131"/>
      </symbol>
      <symbol id="sm-26d">
         <name>CpuSysRegs</name>
         <value>0x5d300</value>
         <object_component_ref idref="oc-12b"/>
      </symbol>
      <symbol id="sm-26e">
         <name>CpuTimer0Regs</name>
         <value>0xc00</value>
         <object_component_ref idref="oc-12e"/>
      </symbol>
      <symbol id="sm-26f">
         <name>AdcaResultRegs</name>
         <value>0xb00</value>
         <object_component_ref idref="oc-e9"/>
      </symbol>
      <symbol id="sm-270">
         <name>AdccResultRegs</name>
         <value>0xb40</value>
         <object_component_ref idref="oc-da"/>
      </symbol>
      <symbol id="sm-271">
         <name>PieCtrlRegs</name>
         <value>0xce0</value>
         <object_component_ref idref="oc-e6"/>
      </symbol>
      <symbol id="sm-272">
         <name>AdcbResultRegs</name>
         <value>0xb20</value>
         <object_component_ref idref="oc-dd"/>
      </symbol>
      <symbol id="sm-273">
         <name>EPwm1Regs</name>
         <value>0x4000</value>
         <object_component_ref idref="oc-244"/>
      </symbol>
      <symbol id="sm-274">
         <name>AdcaRegs</name>
         <value>0x7400</value>
         <object_component_ref idref="oc-24f"/>
      </symbol>
      <symbol id="sm-281">
         <name>PieVectTableInit</name>
         <value>0x84000</value>
         <object_component_ref idref="oc-a9"/>
      </symbol>
      <symbol id="sm-290">
         <name>Device_enableAllPeripherals</name>
         <value>0x83956</value>
         <object_component_ref idref="oc-149"/>
      </symbol>
      <symbol id="sm-291">
         <name>Device_initGPIO</name>
         <value>0x83946</value>
         <object_component_ref idref="oc-149"/>
      </symbol>
      <symbol id="sm-292">
         <name>Device_init</name>
         <value>0x83a28</value>
         <object_component_ref idref="oc-149"/>
      </symbol>
      <symbol id="sm-293">
         <name>__error__</name>
         <value>0x83943</value>
         <object_component_ref idref="oc-149"/>
      </symbol>
      <symbol id="sm-2c6">
         <name>GPIO_setQualificationMode</name>
         <value>0x8367e</value>
         <object_component_ref idref="oc-137"/>
      </symbol>
      <symbol id="sm-2c7">
         <name>GPIO_getPadConfig</name>
         <value>0x837b1</value>
         <object_component_ref idref="oc-137"/>
      </symbol>
      <symbol id="sm-2c8">
         <name>GPIO_setPadConfig</name>
         <value>0x836d0</value>
         <object_component_ref idref="oc-137"/>
      </symbol>
      <symbol id="sm-2c9">
         <name>GPIO_setInterruptPin</name>
         <value>0x83731</value>
         <object_component_ref idref="oc-137"/>
      </symbol>
      <symbol id="sm-2ca">
         <name>GPIO_setAnalogMode</name>
         <value>0x83771</value>
         <object_component_ref idref="oc-137"/>
      </symbol>
      <symbol id="sm-2cb">
         <name>GPIO_setDirectionMode</name>
         <value>0x83751</value>
         <object_component_ref idref="oc-137"/>
      </symbol>
      <symbol id="sm-2cc">
         <name>GPIO_setQualificationPeriod</name>
         <value>0x83663</value>
         <object_component_ref idref="oc-137"/>
      </symbol>
      <symbol id="sm-2cd">
         <name>GPIO_getQualificationMode</name>
         <value>0x83792</value>
         <object_component_ref idref="oc-137"/>
      </symbol>
      <symbol id="sm-2ce">
         <name>GPIO_setPinConfig</name>
         <value>0x836a0</value>
         <object_component_ref idref="oc-137"/>
      </symbol>
      <symbol id="sm-2cf">
         <name>GPIO_setMasterCore</name>
         <value>0x8370f</value>
         <object_component_ref idref="oc-137"/>
      </symbol>
      <symbol id="sm-2d0">
         <name>GPIO_getDirectionMode</name>
         <value>0x837dd</value>
         <object_component_ref idref="oc-137"/>
      </symbol>
      <symbol id="sm-301">
         <name>Interrupt_disable</name>
         <value>0x838f7</value>
         <object_component_ref idref="oc-143"/>
      </symbol>
      <symbol id="sm-302">
         <name>Interrupt_initModule</name>
         <value>0x83806</value>
         <object_component_ref idref="oc-143"/>
      </symbol>
      <symbol id="sm-303">
         <name>Interrupt_enable</name>
         <value>0x83849</value>
         <object_component_ref idref="oc-143"/>
      </symbol>
      <symbol id="sm-304">
         <name>Interrupt_initVectorTable</name>
         <value>0x837f1</value>
         <object_component_ref idref="oc-143"/>
      </symbol>
      <symbol id="sm-335">
         <name>SCI_readCharArray</name>
         <value>0x83cd1</value>
         <object_component_ref idref="oc-110"/>
      </symbol>
      <symbol id="sm-336">
         <name>SCI_getInterruptStatus</name>
         <value>0x83cf1</value>
         <object_component_ref idref="oc-110"/>
      </symbol>
      <symbol id="sm-337">
         <name>SCI_clearInterruptStatus</name>
         <value>0x83d45</value>
         <object_component_ref idref="oc-110"/>
      </symbol>
      <symbol id="sm-338">
         <name>SCI_writeCharArray</name>
         <value>0x83c8e</value>
         <object_component_ref idref="oc-110"/>
      </symbol>
      <symbol id="sm-339">
         <name>SCI_disableInterrupt</name>
         <value>0x83d2b</value>
         <object_component_ref idref="oc-110"/>
      </symbol>
      <symbol id="sm-33a">
         <name>SCI_setConfig</name>
         <value>0x83cb0</value>
         <object_component_ref idref="oc-110"/>
      </symbol>
      <symbol id="sm-33b">
         <name>SCI_enableInterrupt</name>
         <value>0x83d11</value>
         <object_component_ref idref="oc-110"/>
      </symbol>
      <symbol id="sm-37b">
         <name>SysCtl_isPLLValid</name>
         <value>0x82d86</value>
         <object_component_ref idref="oc-1e2"/>
      </symbol>
      <symbol id="sm-37c">
         <name>SysCtl_delay</name>
         <value>0x8000</value>
         <object_component_ref idref="oc-1e8"/>
      </symbol>
      <symbol id="sm-37d">
         <name>SysCtl_selectXTALSingleEnded</name>
         <value>0x82d15</value>
         <object_component_ref idref="oc-1e2"/>
      </symbol>
      <symbol id="sm-37e">
         <name>SysCtl_getDeviceParametric</name>
         <value>0x82f15</value>
         <object_component_ref idref="oc-1e2"/>
      </symbol>
      <symbol id="sm-37f">
         <name>SysCtl_selectXTAL</name>
         <value>0x82d31</value>
         <object_component_ref idref="oc-1e2"/>
      </symbol>
      <symbol id="sm-380">
         <name>SysCtl_selectOscSource</name>
         <value>0x82d59</value>
         <object_component_ref idref="oc-1e2"/>
      </symbol>
      <symbol id="sm-381">
         <name>SysCtl_getLowSpeedClock</name>
         <value>0x82f00</value>
         <object_component_ref idref="oc-1e2"/>
      </symbol>
      <symbol id="sm-382">
         <name>SysCtl_setClock</name>
         <value>0x82e22</value>
         <object_component_ref idref="oc-1e2"/>
      </symbol>
      <symbol id="sm-383">
         <name>SysCtl_getClock</name>
         <value>0x82eba</value>
         <object_component_ref idref="oc-1e2"/>
      </symbol>
      <symbol id="sm-394">
         <name>sprintf</name>
         <value>0x851af</value>
         <object_component_ref idref="oc-10a"/>
      </symbol>
      <symbol id="sm-39e">
         <name>_c_int00</name>
         <value>0x8541b</value>
         <object_component_ref idref="oc-8c"/>
      </symbol>
      <symbol id="sm-39f">
         <name>__stack</name>
         <value>0x400</value>
         <object_component_ref idref="oc-ac"/>
      </symbol>
      <symbol id="sm-3b6">
         <name>__c28xabi_addd</name>
         <value>0x83e13</value>
         <object_component_ref idref="oc-11b"/>
      </symbol>
      <symbol id="sm-3c4">
         <name>__c28xabi_mpyd</name>
         <value>0x85088</value>
         <object_component_ref idref="oc-f7"/>
      </symbol>
      <symbol id="sm-3d1">
         <name>__c28xabi_divf</name>
         <value>0x85000</value>
         <object_component_ref idref="oc-120"/>
      </symbol>
      <symbol id="sm-3de">
         <name>__c28xabi_utod</name>
         <value>0x85432</value>
         <object_component_ref idref="oc-ef"/>
      </symbol>
      <symbol id="sm-3ea">
         <name>__c28xabi_ltod</name>
         <value>0x853e7</value>
         <object_component_ref idref="oc-116"/>
      </symbol>
      <symbol id="sm-3f6">
         <name>__c28xabi_ftod</name>
         <value>0x853cb</value>
         <object_component_ref idref="oc-101"/>
      </symbol>
      <symbol id="sm-402">
         <name>__c28xabi_dtof</name>
         <value>0x85310</value>
         <object_component_ref idref="oc-fc"/>
      </symbol>
      <symbol id="sm-414">
         <name>memcpy</name>
         <value>0x853ae</value>
         <object_component_ref idref="oc-af"/>
      </symbol>
      <symbol id="sm-421">
         <name>_system_pre_init</name>
         <value>0x854be</value>
         <object_component_ref idref="oc-c3"/>
      </symbol>
      <symbol id="sm-430">
         <name>__TI_auto_init_nobinit_nopinit</name>
         <value>0x85243</value>
         <object_component_ref idref="oc-16b"/>
      </symbol>
      <symbol id="sm-43d">
         <name>__TI_zero_init</name>
         <value>0x854b3</value>
         <object_component_ref idref="oc-bd"/>
      </symbol>
      <symbol id="sm-44a">
         <name>__TI_decompress_none</name>
         <value>0x8549c</value>
         <object_component_ref idref="oc-85"/>
      </symbol>
      <symbol id="sm-45e">
         <name>__TI_decompress_lzss</name>
         <value>0x851e1</value>
         <object_component_ref idref="oc-7f"/>
      </symbol>
      <symbol id="sm-474">
         <name>C$$EXIT</name>
         <value>0x852c2</value>
         <object_component_ref idref="oc-d0"/>
      </symbol>
      <symbol id="sm-475">
         <name>abort</name>
         <value>0x852c2</value>
         <object_component_ref idref="oc-d0"/>
      </symbol>
      <symbol id="sm-476">
         <name>exit</name>
         <value>0x852c4</value>
         <object_component_ref idref="oc-d0"/>
      </symbol>
      <symbol id="sm-477">
         <name>__TI_dtors_ptr</name>
         <value>0xa818</value>
         <object_component_ref idref="oc-1a3"/>
      </symbol>
      <symbol id="sm-478">
         <name>__TI_cleanup_ptr</name>
         <value>0xa816</value>
         <object_component_ref idref="oc-1a3"/>
      </symbol>
      <symbol id="sm-479">
         <name>__TI_enable_exit_profile_output</name>
         <value>0xa814</value>
         <object_component_ref idref="oc-1a3"/>
      </symbol>
      <symbol id="sm-490">
         <name>_nop</name>
         <value>0x85492</value>
         <object_component_ref idref="oc-21d"/>
      </symbol>
      <symbol id="sm-491">
         <name>_lock</name>
         <value>0xa81c</value>
         <object_component_ref idref="oc-1a6"/>
      </symbol>
      <symbol id="sm-492">
         <name>_unlock</name>
         <value>0xa81e</value>
         <object_component_ref idref="oc-26f"/>
      </symbol>
      <symbol id="sm-493">
         <name>_register_lock</name>
         <value>0x8548e</value>
         <object_component_ref idref="oc-21d"/>
      </symbol>
      <symbol id="sm-494">
         <name>_register_unlock</name>
         <value>0x8548a</value>
         <object_component_ref idref="oc-21d"/>
      </symbol>
      <symbol id="sm-4a3">
         <name>_args_main</name>
         <value>0x85467</value>
         <object_component_ref idref="oc-ca"/>
      </symbol>
      <symbol id="sm-4b2">
         <name>memset</name>
         <value>0x854ac</value>
         <object_component_ref idref="oc-162"/>
      </symbol>
      <symbol id="sm-61a">
         <name>__TI_printfi</name>
         <value>0x82b62</value>
         <object_component_ref idref="oc-238"/>
      </symbol>
      <symbol id="sm-629">
         <name>wcslen</name>
         <value>0x8547f</value>
         <object_component_ref idref="oc-2a0"/>
      </symbol>
      <symbol id="sm-640">
         <name>frexpl</name>
         <value>0x8510b</value>
         <object_component_ref idref="oc-2ff"/>
      </symbol>
      <symbol id="sm-641">
         <name>frexp</name>
         <value>0x8510b</value>
         <object_component_ref idref="oc-2ff"/>
      </symbol>
      <symbol id="sm-663">
         <name>scalbn</name>
         <value>0x82f52</value>
         <object_component_ref idref="oc-305"/>
      </symbol>
      <symbol id="sm-664">
         <name>scalbnl</name>
         <value>0x82f52</value>
         <object_component_ref idref="oc-305"/>
      </symbol>
      <symbol id="sm-665">
         <name>ldexpl</name>
         <value>0x82f52</value>
         <object_component_ref idref="oc-305"/>
      </symbol>
      <symbol id="sm-666">
         <name>ldexp</name>
         <value>0x82f52</value>
         <object_component_ref idref="oc-305"/>
      </symbol>
      <symbol id="sm-674">
         <name>copysign</name>
         <value>0x852eb</value>
         <object_component_ref idref="oc-341"/>
      </symbol>
      <symbol id="sm-675">
         <name>copysignl</name>
         <value>0x852eb</value>
         <object_component_ref idref="oc-341"/>
      </symbol>
      <symbol id="sm-681">
         <name>__c28xabi_cmpd</name>
         <value>0x8526e</value>
         <object_component_ref idref="oc-2db"/>
      </symbol>
      <symbol id="sm-68a">
         <name>__c28xabi_negd</name>
         <value>0x85493</value>
         <object_component_ref idref="oc-2e0"/>
      </symbol>
      <symbol id="sm-692">
         <name>__c28xabi_subd</name>
         <value>0x85459</value>
         <object_component_ref idref="oc-2f5"/>
      </symbol>
      <symbol id="sm-69d">
         <name>__c28xabi_dtoi</name>
         <value>0x85333</value>
         <object_component_ref idref="oc-2fa"/>
      </symbol>
      <symbol id="sm-6a8">
         <name>__c28xabi_dtol</name>
         <value>0x85354</value>
         <object_component_ref idref="oc-2ea"/>
      </symbol>
      <symbol id="sm-6b0">
         <name>__c28xabi_orll</name>
         <value>0x8540b</value>
         <object_component_ref idref="oc-29b"/>
      </symbol>
      <symbol id="sm-6b1">
         <name>__c28xabi_xorll</name>
         <value>0x85413</value>
         <object_component_ref idref="oc-29b"/>
      </symbol>
      <symbol id="sm-6b2">
         <name>__c28xabi_andll</name>
         <value>0x85403</value>
         <object_component_ref idref="oc-29b"/>
      </symbol>
      <symbol id="sm-6bc">
         <name>__c28xabi_cmpll</name>
         <value>0x85373</value>
         <object_component_ref idref="oc-291"/>
      </symbol>
      <symbol id="sm-6bd">
         <name>__c28xabi_cmpull</name>
         <value>0x85385</value>
         <object_component_ref idref="oc-291"/>
      </symbol>
      <symbol id="sm-6e4">
         <name>__c28xabi_modull</name>
         <value>0x83c2c</value>
         <object_component_ref idref="oc-296"/>
      </symbol>
      <symbol id="sm-6e5">
         <name>__c28xabi_divull</name>
         <value>0x83bfd</value>
         <object_component_ref idref="oc-296"/>
      </symbol>
      <symbol id="sm-6e6">
         <name>__c28xabi_divll</name>
         <value>0x83b87</value>
         <object_component_ref idref="oc-296"/>
      </symbol>
      <symbol id="sm-6e7">
         <name>__c28xabi_modll</name>
         <value>0x83bc3</value>
         <object_component_ref idref="oc-296"/>
      </symbol>
      <symbol id="sm-6f3">
         <name>__c28xabi_itod</name>
         <value>0x85391</value>
         <object_component_ref idref="oc-30b"/>
      </symbol>
      <symbol id="sm-706">
         <name>__c28xabi_divd</name>
         <value>0x83f45</value>
         <object_component_ref idref="oc-2e5"/>
      </symbol>
      <symbol id="sm-714">
         <name>_system_post_cinit</name>
         <value>0x854c0</value>
         <object_component_ref idref="oc-202"/>
      </symbol>
      <symbol id="sm-723">
         <name>__TI_ltoa</name>
         <value>0x83fd0</value>
         <object_component_ref idref="oc-2ef"/>
      </symbol>
      <symbol id="sm-738">
         <name>atoi</name>
         <value>0x85212</value>
         <object_component_ref idref="oc-28b"/>
      </symbol>
      <symbol id="sm-743">
         <name>_ctypes_</name>
         <value>0x841c0</value>
         <object_component_ref idref="oc-2cd"/>
      </symbol>
      <symbol id="sm-753">
         <name>memccpy</name>
         <value>0x85449</value>
         <object_component_ref idref="oc-283"/>
      </symbol>
      <symbol id="sm-763">
         <name>strchr</name>
         <value>0x85473</value>
         <object_component_ref idref="oc-310"/>
      </symbol>
      <symbol id="sm-771">
         <name>strcpy</name>
         <value>0x854b9</value>
         <object_component_ref idref="oc-27d"/>
      </symbol>
      <symbol id="sm-77f">
         <name>strlen</name>
         <value>0x854a4</value>
         <object_component_ref idref="oc-277"/>
      </symbol>
      <symbol id="sm-78a">
         <name>errno</name>
         <value>0xa820</value>
         <object_component_ref idref="oc-2a6"/>
      </symbol>
      <symbol id="sm-792">
         <name>__c28xabi_divul</name>
         <value>0x852b5</value>
         <object_component_ref idref="oc-330"/>
      </symbol>
      <symbol id="sm-793">
         <name>__c28xabi_modul</name>
         <value>0x852bc</value>
         <object_component_ref idref="oc-330"/>
      </symbol>
      <symbol id="sm-794">
         <name>__c28xabi_modl</name>
         <value>0x852a7</value>
         <object_component_ref idref="oc-330"/>
      </symbol>
      <symbol id="sm-795">
         <name>__c28xabi_divl</name>
         <value>0x85298</value>
         <object_component_ref idref="oc-330"/>
      </symbol>
      <symbol id="sm-797">
         <name>__c_args__</name>
         <value>0x0</value>
      </symbol>
   </symbol_table>
   <title>Link successful</title>
</link_info>
