******************************************************************************
             TMS320C2000 Linker PC v20.8.0                     
******************************************************************************
>> Linked Sat Nov  7 15:42:38 2020

OUTPUT FILE NAME:   <Resonant_Demo.out>
ENTRY POINT SYMBOL: "_c_int00"  address: 0008541b


MEMORY CONFIGURATION

         name            origin    length      used     unused   attr    fill
----------------------  --------  ---------  --------  --------  ----  --------
PAGE 0:
  RAMM0                 000000f4   0000030c  00000000  0000030c  RWIX
  RAMLS0                00008000   00000800  00000004  000007fc  RWIX
  RAMLS1                00008800   00000800  00000000  00000800  RWIX
  RAMLS2                00009000   00000800  00000000  00000800  RWIX
  RAMLS3                00009800   00000800  00000000  00000800  RWIX
  RAMLS4                0000a000   00000800  00000000  00000800  RWIX
  BEGIN                 00080000   00000002  00000000  00000002  RWIX
  FLASH_BANK0_SEC0      00080002   00000ffe  00000000  00000ffe  RWIX
  FLASH_BANK0_SEC1      00081000   00001000  00000094  00000f6c  RWIX
  FLASH_BANK0_SEC2      00082000   00001000  00001000  00000000  RWIX
  FLASH_BANK0_SEC3      00083000   00001000  00001000  00000000  RWIX
  FLASH_BANK0_SEC4      00084000   00001000  00000340  00000cc0  RWIX
  FLASH_BANK0_SEC5      00085000   00001000  000004c1  00000b3f  RWIX
  FLASH_BANK0_SEC6      00086000   00001000  00000000  00001000  RWIX
  FLASH_BANK0_SEC7      00087000   00001000  00000000  00001000  RWIX
  FLASH_BANK0_SEC8      00088000   00001000  00000000  00001000  RWIX
  FLASH_BANK0_SEC9      00089000   00001000  00000000  00001000  RWIX
  FLASH_BANK0_SEC10     0008a000   00001000  00000000  00001000  RWIX
  FLASH_BANK0_SEC11     0008b000   00001000  00000000  00001000  RWIX
  FLASH_BANK0_SEC12     0008c000   00001000  00000000  00001000  RWIX
  FLASH_BANK0_SEC13     0008d000   00001000  00000000  00001000  RWIX
  FLASH_BANK0_SEC14     0008e000   00001000  00000000  00001000  RWIX
  FLASH_BANK0_SEC15     0008f000   00001000  00000000  00001000  RWIX
  FLASH_BANK1_SEC0      00090000   00001000  00000000  00001000  RWIX
  FLASH_BANK1_SEC1      00091000   00001000  00000000  00001000  RWIX
  FLASH_BANK1_SEC2      00092000   00001000  00000000  00001000  RWIX
  FLASH_BANK1_SEC3      00093000   00001000  00000000  00001000  RWIX
  FLASH_BANK1_SEC4      00094000   00001000  00000000  00001000  RWIX
  FLASH_BANK1_SEC5      00095000   00001000  00000000  00001000  RWIX
  FLASH_BANK1_SEC6      00096000   00001000  00000000  00001000  RWIX
  FLASH_BANK1_SEC7      00097000   00001000  00000000  00001000  RWIX
  FLASH_BANK1_SEC8      00098000   00001000  00000000  00001000  RWIX
  FLASH_BANK1_SEC9      00099000   00001000  00000000  00001000  RWIX
  FLASH_BANK1_SEC10     0009a000   00001000  00000000  00001000  RWIX
  FLASH_BANK1_SEC11     0009b000   00001000  00000000  00001000  RWIX
  FLASH_BANK1_SEC12     0009c000   00001000  00000000  00001000  RWIX
  FLASH_BANK1_SEC13     0009d000   00001000  00000000  00001000  RWIX
  FLASH_BANK1_SEC14     0009e000   00001000  00000000  00001000  RWIX
  FLASH_BANK1_SEC15     0009f000   00000ff0  00000000  00000ff0  RWIX
  RESET                 003fffc0   00000002  00000000  00000002  RWIX

PAGE 1:
  BOOT_RSVD             00000002   000000f1  00000000  000000f1  RWIX
  RAMM1                 00000400   000003f8  00000200  000001f8  RWIX
  ADCA_RESULT           00000b00   00000020  00000018  00000008  RWIX
  ADCB_RESULT           00000b20   00000020  00000018  00000008  RWIX
  ADCC_RESULT           00000b40   00000020  00000018  00000008  RWIX
  CPU_TIMER0            00000c00   00000008  00000008  00000000  RWIX
  CPU_TIMER1            00000c08   00000008  00000000  00000008  RWIX
  CPU_TIMER2            00000c10   00000008  00000000  00000008  RWIX
  PIE_CTRL              00000ce0   00000020  0000001a  00000006  RWIX
  PIE_VECT              00000d00   00000200  000001c0  00000040  RWIX
  DMA                   00001000   00000200  00000000  00000200  RWIX
  CLA1                  00001400   00000080  00000000  00000080  RWIX
  EPWM1                 00004000   00000100  00000100  00000000  RWIX
  EPWM2                 00004100   00000100  00000000  00000100  RWIX
  EPWM3                 00004200   00000100  00000000  00000100  RWIX
  EPWM4                 00004300   00000100  00000000  00000100  RWIX
  EPWM5                 00004400   00000100  00000000  00000100  RWIX
  EPWM6                 00004500   00000100  00000000  00000100  RWIX
  EPWM7                 00004600   00000100  00000000  00000100  RWIX
  EPWM8                 00004700   00000100  00000000  00000100  RWIX
  EQEP1                 00005100   00000040  00000000  00000040  RWIX
  EQEP2                 00005140   00000040  00000000  00000040  RWIX
  ECAP1                 00005200   00000040  00000000  00000040  RWIX
  ECAP2                 00005240   00000040  00000000  00000040  RWIX
  ECAP3                 00005280   00000040  00000000  00000040  RWIX
  ECAP4                 000052c0   00000040  00000000  00000040  RWIX
  ECAP5                 00005300   00000040  00000000  00000040  RWIX
  ECAP6                 00005340   00000040  00000000  00000040  RWIX
  ECAP7                 00005380   00000040  00000000  00000040  RWIX
  PGA1                  00005b00   00000010  00000000  00000010  RWIX
  PGA2                  00005b10   00000010  00000000  00000010  RWIX
  PGA3                  00005b20   00000010  00000000  00000010  RWIX
  PGA4                  00005b30   00000010  00000000  00000010  RWIX
  PGA5                  00005b40   00000010  00000000  00000010  RWIX
  PGA6                  00005b50   00000010  00000000  00000010  RWIX
  PGA7                  00005b60   00000010  00000000  00000010  RWIX
  DACA                  00005c00   00000010  00000000  00000010  RWIX
  DACB                  00005c10   00000010  00000000  00000010  RWIX
  CMPSS1                00005c80   00000020  00000000  00000020  RWIX
  CMPSS2                00005ca0   00000020  00000000  00000020  RWIX
  CMPSS3                00005cc0   00000020  00000000  00000020  RWIX
  CMPSS4                00005ce0   00000020  00000000  00000020  RWIX
  CMPSS5                00005d00   00000020  00000000  00000020  RWIX
  CMPSS6                00005d20   00000020  00000000  00000020  RWIX
  CMPSS7                00005d40   00000020  00000000  00000020  RWIX
  SDFM1                 00005e00   00000080  00000000  00000080  RWIX
  SPIA                  00006100   00000010  00000000  00000010  RWIX
  SPIB                  00006110   00000010  00000000  00000010  RWIX
  CLAPROMCRC            000061c0   00000020  00000000  00000020  RWIX
  PMBUSA                00006400   00000020  00000000  00000020  RWIX
  FSITXA                00006600   00000080  00000000  00000080  RWIX
  FSIRXA                00006680   00000080  00000000  00000080  RWIX
  LINA                  00006a00   00000100  00000000  00000100  RWIX
  LINB                  00006b00   00000100  00000000  00000100  RWIX
  WD                    00007000   00000040  00000000  00000040  RWIX
  NMIINTRUPT            00007060   00000010  00000000  00000010  RWIX
  XINT                  00007070   00000010  00000000  00000010  RWIX
  SCIA                  00007200   00000010  00000000  00000010  RWIX
  SCIB                  00007210   00000010  00000000  00000010  RWIX
  I2CA                  00007300   00000040  00000000  00000040  RWIX
  ADCA                  00007400   00000080  00000076  0000000a  RWIX
  ADCB                  00007480   00000080  00000076  0000000a  RWIX
  ADCC                  00007500   00000080  00000076  0000000a  RWIX
  INPUT_XBAR            00007900   00000020  00000000  00000020  RWIX
  XBAR                  00007920   00000020  00000000  00000020  RWIX
  SYNC_SOC              00007940   00000010  00000000  00000010  RWIX
  DMACLASRCSEL          00007980   00000040  00000000  00000040  RWIX
  EPWM_XBAR             00007a00   00000040  00000000  00000040  RWIX
  CLB_XBAR              00007a40   00000040  00000000  00000040  RWIX
  OUTPUT_XBAR           00007a80   00000040  00000000  00000040  RWIX
  GPIOCTRL              00007c00   00000200  00000200  00000000  RWIX
  GPIODAT               00007f00   00000040  00000000  00000040  RWIX
  RAMLS5                0000a800   00000800  0000003c  000007c4  RWIX
  RAMLS6                0000b000   00000800  00000000  00000800  RWIX
  RAMLS7                0000b800   00000800  00000000  00000800  RWIX
  RAMGS0                0000c000   00002000  00000000  00002000  RWIX
  RAMGS1                0000e000   00002000  00000000  00002000  RWIX
  RAMGS2                00010000   00002000  00000000  00002000  RWIX
  RAMGS3                00012000   00001ff8  00000000  00001ff8  RWIX
  CANA                  00048000   00000800  00000000  00000800  RWIX
  CANB                  0004a000   00000800  00000000  00000800  RWIX
  DEV_CFG               0005d000   00000180  00000000  00000180  RWIX
  CLK_CFG               0005d200   00000100  00000000  00000100  RWIX
  CPU_SYS               0005d300   00000100  00000082  0000007e  RWIX
  PERIPH_AC             0005d500   00000200  00000000  00000200  RWIX
  ANALOG_SUBSYS         0005d700   00000100  00000000  00000100  RWIX
  DCC0                  0005e700   00000040  00000000  00000040  RWIX
  ERAD_GLOBAL           0005e800   00000013  00000000  00000013  RWIX
  ERAD_HWBP1            0005e900   00000008  00000000  00000008  RWIX
  ERAD_HWBP2            0005e908   00000008  00000000  00000008  RWIX
  ERAD_HWBP3            0005e910   00000008  00000000  00000008  RWIX
  ERAD_HWBP4            0005e918   00000008  00000000  00000008  RWIX
  ERAD_HWBP5            0005e920   00000008  00000000  00000008  RWIX
  ERAD_HWBP6            0005e928   00000008  00000000  00000008  RWIX
  ERAD_HWBP7            0005e930   00000008  00000000  00000008  RWIX
  ERAD_HWBP8            0005e938   00000008  00000000  00000008  RWIX
  ERAD_CTR1             0005e980   00000010  00000000  00000010  RWIX
  ERAD_CTR2             0005e990   00000010  00000000  00000010  RWIX
  ERAD_CTR3             0005e9a0   00000010  00000000  00000010  RWIX
  ERAD_CTR4             0005e9b0   00000010  00000000  00000010  RWIX
  DCSM_BANK0_Z1         0005f000   00000030  00000000  00000030  RWIX
  DCSM_BANK0_Z2         0005f040   00000030  00000000  00000030  RWIX
  DCSM_COMMON           0005f070   00000010  00000000  00000010  RWIX
  DCSM_BANK1_Z1         0005f100   00000030  00000000  00000030  RWIX
  DCSM_BANK1_Z2         0005f140   00000030  00000000  00000030  RWIX
  MEMCFG                0005f400   00000080  00000000  00000080  RWIX
  ACCESSPROTECTION      0005f4c0   00000040  00000000  00000040  RWIX
  MEMORYERROR           0005f500   00000040  00000000  00000040  RWIX
  FLASH0_CTRL           0005f800   00000300  00000000  00000300  RWIX
  FLASH0_ECC            0005fb00   00000040  00000000  00000040  RWIX


SECTION ALLOCATION MAP

 output                                  attributes/
section   page    origin      length       input sections
--------  ----  ----------  ----------   ----------------
.cinit     0    00081004    00000090     
                  00081004    0000001d     (.cinit..data.load) [load image, compression = lzss]
                  00081021    00000001     --HOLE-- [fill = 0]
                  00081022    00000006     (__TI_handler_table)
                  00081028    00000004     (.cinit..bss.load) [load image, compression = zero_init]
                  0008102c    00000004     (.cinit.AdcaRegsFile.load) [load image, compression = zero_init]
                  00081030    00000004     (.cinit.AdcaResultFile.load) [load image, compression = zero_init]
                  00081034    00000004     (.cinit.AdcbRegsFile.load) [load image, compression = zero_init]
                  00081038    00000004     (.cinit.AdcbResultFile.load) [load image, compression = zero_init]
                  0008103c    00000004     (.cinit.AdccRegsFile.load) [load image, compression = zero_init]
                  00081040    00000004     (.cinit.AdccResultFile.load) [load image, compression = zero_init]
                  00081044    00000004     (.cinit.CpuSysRegsFile.load) [load image, compression = zero_init]
                  00081048    00000004     (.cinit.CpuTimer0RegsFile.load) [load image, compression = zero_init]
                  0008104c    00000004     (.cinit.EPwm1RegsFile.load) [load image, compression = zero_init]
                  00081050    00000004     (.cinit.GpioCtrlRegsFile.load) [load image, compression = zero_init]
                  00081054    00000004     (.cinit.PieCtrlRegsFile.load) [load image, compression = zero_init]
                  00081058    00000004     (.cinit.PieVectTableFile.load) [load image, compression = zero_init]
                  0008105c    00000038     (__TI_cinit_table)

.reset     0    003fffc0    00000000     DSECT

.stack     1    00000400    00000200     UNINITIALIZED
                  00000400    00000200     --HOLE--

.init_array 
*          0    00081000    00000000     UNINITIALIZED

.bss       1    0000a822    0000001b     UNINITIALIZED
                  0000a822    0000000c     Main_Resonant.obj (.bss:data_buff)
                  0000a82e    0000000a     Main_Resonant.obj (.bss)
                  0000a838    00000003     Main_Resonant.obj (.bss:AdcResult)
                  0000a83b    00000002     Main_Resonant.obj (.bss:Adc_sweep_Result)

.data      1    0000a800    00000021     UNINITIALIZED
                  0000a800    0000000e     Main_Resonant.obj (.data)
                  0000a80e    00000006     ADC_Operation.obj (.data)
                  0000a814    00000006     rts2800_fpu32_eabi.lib : exit.c.obj (.data)
                  0000a81a    00000002     PWM_Operation.obj (.data)
                  0000a81c    00000002     rts2800_fpu32_eabi.lib : _lock.c.obj (.data:_lock)
                  0000a81e    00000002                            : _lock.c.obj (.data:_unlock)
                  0000a820    00000001                            : errno.c.obj (.data)

.const     0    00084000    00000340     
                  00084000    000001c0     f28004x_pievect.obj (.const)
                  000841c0    00000101     rts2800_fpu32_eabi.lib : ctype.c.obj (.const:.string:_ctypes_)
                  000842c1    00000001     --HOLE-- [fill = 0]
                  000842c2    00000026                            : _printfi.c.obj (.const:.string)
                  000842e8    0000001c                            : _printfi.c.obj (.const)
                  00084304    0000001c                            : s_scalbn.c.obj (.const)
                  00084320    0000000e     Main_Resonant.obj (.const)
                  0008432e    00000009     Main_Resonant.obj (.const:.string)
                  00084337    00000001     --HOLE-- [fill = 0]
                  00084338    00000008     rts2800_fpu32_eabi.lib : s_frexp.c.obj (.const)

.TI.ramfunc 
*          0    00081000    00000004     RUN ADDR = 00008000
                  00081000    00000004     sysctl.obj (.TI.ramfunc)

AdcaResultFile 
*          1    00000b00    00000018     UNINITIALIZED
                  00000b00    00000018     f28004x_globalvariabledefs.obj (AdcaResultFile)

AdcbResultFile 
*          1    00000b20    00000018     UNINITIALIZED
                  00000b20    00000018     f28004x_globalvariabledefs.obj (AdcbResultFile)

AdccResultFile 
*          1    00000b40    00000018     UNINITIALIZED
                  00000b40    00000018     f28004x_globalvariabledefs.obj (AdccResultFile)

PieVectTableFile 
*          1    00000d00    000001c0     UNINITIALIZED
                  00000d00    000001c0     f28004x_globalvariabledefs.obj (PieVectTableFile)

EmuKeyVar 
*          1    00000d00    00000000     UNINITIALIZED

EmuBModeVar 
*          1    00000d00    00000000     UNINITIALIZED

FlashCallbackVar 
*          1    00000d00    00000000     UNINITIALIZED

FlashScalingVar 
*          1    00000d00    00000000     UNINITIALIZED

AdcaRegsFile 
*          1    00007400    00000076     UNINITIALIZED
                  00007400    00000076     f28004x_globalvariabledefs.obj (AdcaRegsFile)

AdcbRegsFile 
*          1    00007480    00000076     UNINITIALIZED
                  00007480    00000076     f28004x_globalvariabledefs.obj (AdcbRegsFile)

AdccRegsFile 
*          1    00007500    00000076     UNINITIALIZED
                  00007500    00000076     f28004x_globalvariabledefs.obj (AdccRegsFile)

Cla1SoftIntRegsFile 
*          1    00000ce0    00000000     DSECT

CpuTimer0RegsFile 
*          1    00000c00    00000008     UNINITIALIZED
                  00000c00    00000008     f28004x_globalvariabledefs.obj (CpuTimer0RegsFile)

EPwm1RegsFile 
*          1    00004000    00000100     UNINITIALIZED
                  00004000    00000100     f28004x_globalvariabledefs.obj (EPwm1RegsFile)

GpioCtrlRegsFile 
*          1    00007c00    00000200     UNINITIALIZED
                  00007c00    00000200     f28004x_globalvariabledefs.obj (GpioCtrlRegsFile)

PieCtrlRegsFile 
*          1    00000ce0    0000001a     UNINITIALIZED
                  00000ce0    0000001a     f28004x_globalvariabledefs.obj (PieCtrlRegsFile)

CpuSysRegsFile 
*          1    0005d300    00000082     UNINITIALIZED
                  0005d300    00000082     f28004x_globalvariabledefs.obj (CpuSysRegsFile)

.text.1    0    00082000    00001000     
                  00082000    000006c9     rts2800_fpu32_eabi.lib : _printfi.c.obj (.text)
                  000826c9    0000062a                            : _printfi.c.obj (.text:__TI_printfi)
                  00082cf3    0000025f     sysctl.obj (.text)
                  00082f52    000000ae     rts2800_fpu32_eabi.lib : s_scalbn.c.obj (.text)

.text.2    0    00083000    00001000     
                  00083000    000004b3     f28004x_defaultisr.obj (.text:retain)
                  000834b3    000001b0     Main_Resonant.obj (.text:retain)
                  00083663    0000018c     gpio.obj (.text)
                  000837ef    00000154     interrupt.obj (.text)
                  00083943    0000013c     device.obj (.text)
                  00083a7f    00000108     Init_Resonant.obj (.text)
                  00083b87    00000107     rts2800_fpu32_eabi.lib : ll_div28.asm.obj (.text)
                  00083c8e    000000d3     sci.obj (.text)
                  00083d61    000000b2     PWM_Operation.obj (.text)
                  00083e13    0000009c     rts2800_fpu32_eabi.lib : fd_add28.asm.obj (.text)
                  00083eaf    00000096     ADC_Operation.obj (.text)
                  00083f45    0000008b     rts2800_fpu32_eabi.lib : fd_div28.asm.obj (.text)
                  00083fd0    00000030                            : _ltoa.c.obj (.text)

.text.3    0    00085000    000004c1     
                  00085000    00000088     rts2800_fpu32_eabi.lib : fs_div28.asm.obj (.text)
                  00085088    00000083                            : fd_mpy28.asm.obj (.text)
                  0008510b    0000005a                            : s_frexp.c.obj (.text)
                  00085165    0000004a     Main_Resonant.obj (.text)
                  000851af    00000032     rts2800_fpu32_eabi.lib : sprintf.c.obj (.text)
                  000851e1    00000031                            : copy_decompress_lzss.c.obj (.text:decompress:lzss)
                  00085212    00000031                            : atoi.c.obj (.text)
                  00085243    0000002b                            : autoinit.c.obj (.text:__TI_auto_init_nobinit_nopinit)
                  0008526e    0000002a                            : fd_cmp28.asm.obj (.text)
                  00085298    0000002a                            : l_div28.asm.obj (.text)
                  000852c2    00000029                            : exit.c.obj (.text)
                  000852eb    00000025                            : s_copysign.c.obj (.text)
                  00085310    00000023                            : fd_tofsfpu32.asm.obj (.text)
                  00085333    00000021                            : fd_toi28.asm.obj (.text)
                  00085354    0000001f                            : fd_tol28.asm.obj (.text)
                  00085373    0000001e                            : ll_cmp28.asm.obj (.text)
                  00085391    0000001d                            : i_tofd28.asm.obj (.text)
                  000853ae    0000001d                            : memcpy.c.obj (.text)
                  000853cb    0000001c                            : fs_tofdfpu32.asm.obj (.text)
                  000853e7    0000001c                            : l_tofd28.asm.obj (.text)
                  00085403    00000018                            : ll_aox28.asm.obj (.text)
                  0008541b    00000017                            : boot28.asm.obj (.text)
                  00085432    00000017                            : u_tofd28.asm.obj (.text)
                  00085449    00000010                            : memccpy.c.obj (.text)
                  00085459    0000000e                            : fd_sub28.asm.obj (.text)
                  00085467    0000000c                            : args_main.c.obj (.text)
                  00085473    0000000c                            : strchr.c.obj (.text)
                  0008547f    0000000b                            : wcslen.c.obj (.text)
                  0008548a    00000009                            : _lock.c.obj (.text)
                  00085493    00000009                            : fd_neg28.asm.obj (.text)
                  0008549c    00000008                            : copy_decompress_none.c.obj (.text:decompress:none)
                  000854a4    00000008                            : strlen.c.obj (.text)
                  000854ac    00000007                            : memset.c.obj (.text)
                  000854b3    00000006                            : copy_zero_init.c.obj (.text:decompress:ZI)
                  000854b9    00000005                            : strcpy.c.obj (.text)
                  000854be    00000002                            : pre_init.c.obj (.text)
                  000854c0    00000001                            : startup.c.obj (.text)

MODULE SUMMARY

       Module                           code   ro data   rw data
       ------                           ----   -------   -------
    .\
       f28004x_globalvariabledefs.obj   0      0         1806   
       f28004x_defaultisr.obj           1203   0         0      
       Main_Resonant.obj                506    23        41     
       f28004x_pievect.obj              0      448       0      
       Init_Resonant.obj                264    0         0      
       PWM_Operation.obj                178    0         2      
       ADC_Operation.obj                150    0         6      
    +--+--------------------------------+------+---------+---------+
       Total:                           2301   471       1855   
                                                                
    .\device\
       device.obj                       316    0         0      
    +--+--------------------------------+------+---------+---------+
       Total:                           316    0         0      
                                                                
    .\driverlib\
       sysctl.obj                       615    0         0      
       gpio.obj                         396    0         0      
       interrupt.obj                    340    0         0      
       sci.obj                          211    0         0      
    +--+--------------------------------+------+---------+---------+
       Total:                           1562   0         0      
                                                                
    C:\ti\ccs1011\ccs\tools\compiler\ti-cgt-c2000_20.8.0.STS\lib\rts2800_fpu32_eabi.lib
       _printfi.c.obj                   3315   66        0      
       ll_div28.asm.obj                 263    0         0      
       ctype.c.obj                      0      257       0      
       s_scalbn.c.obj                   174    28        0      
       fd_add28.asm.obj                 156    0         0      
       fd_div28.asm.obj                 139    0         0      
       fs_div28.asm.obj                 136    0         0      
       fd_mpy28.asm.obj                 131    0         0      
       s_frexp.c.obj                    90     8         0      
       sprintf.c.obj                    50     0         0      
       atoi.c.obj                       49     0         0      
       copy_decompress_lzss.c.obj       49     0         0      
       _ltoa.c.obj                      48     0         0      
       exit.c.obj                       41     0         6      
       autoinit.c.obj                   43     0         0      
       fd_cmp28.asm.obj                 42     0         0      
       l_div28.asm.obj                  42     0         0      
       s_copysign.c.obj                 37     0         0      
       fd_tofsfpu32.asm.obj             35     0         0      
       fd_toi28.asm.obj                 33     0         0      
       fd_tol28.asm.obj                 31     0         0      
       ll_cmp28.asm.obj                 30     0         0      
       i_tofd28.asm.obj                 29     0         0      
       memcpy.c.obj                     29     0         0      
       fs_tofdfpu32.asm.obj             28     0         0      
       l_tofd28.asm.obj                 28     0         0      
       ll_aox28.asm.obj                 24     0         0      
       boot28.asm.obj                   23     0         0      
       u_tofd28.asm.obj                 23     0         0      
       memccpy.c.obj                    16     0         0      
       fd_sub28.asm.obj                 14     0         0      
       _lock.c.obj                      9      0         4      
       args_main.c.obj                  12     0         0      
       strchr.c.obj                     12     0         0      
       wcslen.c.obj                     11     0         0      
       fd_neg28.asm.obj                 9      0         0      
       copy_decompress_none.c.obj       8      0         0      
       strlen.c.obj                     8      0         0      
       memset.c.obj                     7      0         0      
       copy_zero_init.c.obj             6      0         0      
       strcpy.c.obj                     5      0         0      
       pre_init.c.obj                   2      0         0      
       errno.c.obj                      0      0         1      
       startup.c.obj                    1      0         0      
    +--+--------------------------------+------+---------+---------+
       Total:                           5238   359       11     
                                                                
       Stack:                           0      0         512    
       Linker Generated:                0      143       0      
    +--+--------------------------------+------+---------+---------+
       Grand Total:                     9417   973       2378   


LINKER GENERATED COPY TABLES

__TI_cinit_table @ 0008105c records: 14, size/record: 4, table size: 56
	.data: load addr=00081004, load size=0000001d bytes, run addr=0000a800, run size=00000021 bytes, compression=lzss
	.bss: load addr=00081028, load size=00000004 bytes, run addr=0000a822, run size=0000001b bytes, compression=zero_init
	AdcaRegsFile: load addr=0008102c, load size=00000004 bytes, run addr=00007400, run size=00000076 bytes, compression=zero_init
	AdcaResultFile: load addr=00081030, load size=00000004 bytes, run addr=00000b00, run size=00000018 bytes, compression=zero_init
	AdcbRegsFile: load addr=00081034, load size=00000004 bytes, run addr=00007480, run size=00000076 bytes, compression=zero_init
	AdcbResultFile: load addr=00081038, load size=00000004 bytes, run addr=00000b20, run size=00000018 bytes, compression=zero_init
	AdccRegsFile: load addr=0008103c, load size=00000004 bytes, run addr=00007500, run size=00000076 bytes, compression=zero_init
	AdccResultFile: load addr=00081040, load size=00000004 bytes, run addr=00000b40, run size=00000018 bytes, compression=zero_init
	CpuSysRegsFile: load addr=00081044, load size=00000004 bytes, run addr=0005d300, run size=00000082 bytes, compression=zero_init
	CpuTimer0RegsFile: load addr=00081048, load size=00000004 bytes, run addr=00000c00, run size=00000008 bytes, compression=zero_init
	EPwm1RegsFile: load addr=0008104c, load size=00000004 bytes, run addr=00004000, run size=00000100 bytes, compression=zero_init
	GpioCtrlRegsFile: load addr=00081050, load size=00000004 bytes, run addr=00007c00, run size=00000200 bytes, compression=zero_init
	PieCtrlRegsFile: load addr=00081054, load size=00000004 bytes, run addr=00000ce0, run size=0000001a bytes, compression=zero_init
	PieVectTableFile: load addr=00081058, load size=00000004 bytes, run addr=00000d00, run size=000001c0 bytes, compression=zero_init


LINKER GENERATED HANDLER TABLE

__TI_handler_table @ 00081022 records: 3, size/record: 2, table size: 6
	index: 0, handler: __TI_zero_init
	index: 1, handler: __TI_decompress_lzss
	index: 2, handler: __TI_decompress_none


GLOBAL DATA SYMBOLS: SORTED BY DATA PAGE

address     data page           name
--------    ----------------    ----
00000400      10 (00000400)     __stack

00000b00      2c (00000b00)     AdcaResultRegs
00000b20      2c (00000b00)     AdcbResultRegs

00000b40      2d (00000b40)     AdccResultRegs

00000c00      30 (00000c00)     CpuTimer0Regs

00000ce0      33 (00000cc0)     PieCtrlRegs

00000d00      34 (00000d00)     PieVectTable

00004000     100 (00004000)     EPwm1Regs

00007400     1d0 (00007400)     AdcaRegs

00007480     1d2 (00007480)     AdcbRegs

00007500     1d4 (00007500)     AdccRegs

00007c00     1f0 (00007c00)     GpioCtrlRegs

0000a800     2a0 (0000a800)     buff_length
0000a801     2a0 (0000a800)     EndChar
0000a802     2a0 (0000a800)     sendChar
0000a803     2a0 (0000a800)     errorCount
0000a804     2a0 (0000a800)     SCI_check
0000a806     2a0 (0000a800)     Duty
0000a808     2a0 (0000a800)     ramp_value
0000a80a     2a0 (0000a800)     fs
0000a80c     2a0 (0000a800)     ramp_flag
0000a80e     2a0 (0000a800)     adc_a_module
0000a810     2a0 (0000a800)     adc_b_module
0000a812     2a0 (0000a800)     adc_c_module
0000a814     2a0 (0000a800)     __TI_enable_exit_profile_output
0000a816     2a0 (0000a800)     __TI_cleanup_ptr
0000a818     2a0 (0000a800)     __TI_dtors_ptr
0000a81a     2a0 (0000a800)     PWM_MOD
0000a81c     2a0 (0000a800)     _lock
0000a81e     2a0 (0000a800)     _unlock
0000a820     2a0 (0000a800)     errno
0000a822     2a0 (0000a800)     data_buff
0000a82e     2a0 (0000a800)     receivedChar
0000a830     2a0 (0000a800)     Vin
0000a832     2a0 (0000a800)     Vout
0000a834     2a0 (0000a800)     KnobPrd
0000a836     2a0 (0000a800)     fs_mod
0000a838     2a0 (0000a800)     AdcResult
0000a83b     2a0 (0000a800)     Adc_sweep_Result

0005d300    174c (0005d300)     CpuSysRegs

00084000    2100 (00084000)     PieVectTableInit

000841c0    2107 (000841c0)     _ctypes_

00084320    210c (00084300)     ramp_period


GLOBAL SYMBOLS: SORTED ALPHABETICALLY BY Name 

page  address   name                           
----  -------   ----                           
0     000834a9  ADCA1_ISR                      
0     0008349f  ADCA2_ISR                      
0     00083495  ADCA3_ISR                      
0     0008348b  ADCA4_ISR                      
0     00083481  ADCA_EVT_ISR                   
0     00083477  ADCB1_ISR                      
0     0008346d  ADCB2_ISR                      
0     00083463  ADCB3_ISR                      
0     00083459  ADCB4_ISR                      
0     0008344f  ADCB_EVT_ISR                   
0     00083445  ADCC1_ISR                      
0     0008343b  ADCC2_ISR                      
0     00083431  ADCC3_ISR                      
0     00083427  ADCC4_ISR                      
0     0008341d  ADCC_EVT_ISR                   
1     0000a838  AdcResult                      
0     00083f15  Adc_A_Init                     
0     00083ee2  Adc_B_Init                     
0     00083eaf  Adc_C_Init                     
0     00083b2d  Adc_Init                       
1     0000a83b  Adc_sweep_Result               
1     00007400  AdcaRegs                       
1     00000b00  AdcaResultRegs                 
1     00007480  AdcbRegs                       
1     00000b20  AdcbResultRegs                 
1     00007500  AdccRegs                       
1     00000b40  AdccResultRegs                 
0     000852c2  C$$EXIT                        
0     00083413  CANA0_ISR                      
0     00083409  CANA1_ISR                      
0     000833ff  CANB0_ISR                      
0     000833f5  CANB1_ISR                      
0     000833eb  CLA1PROMCRC_ISR                
0     000833e1  CLA1_1_ISR                     
0     000833d7  CLA1_2_ISR                     
0     000833cd  CLA1_3_ISR                     
0     000833c3  CLA1_4_ISR                     
0     000833b9  CLA1_5_ISR                     
0     000833af  CLA1_6_ISR                     
0     000833a5  CLA1_7_ISR                     
0     0008339b  CLA1_8_ISR                     
0     00083391  CLA_OVERFLOW_ISR               
0     00083387  CLA_UNDERFLOW_ISR              
1     0005d300  CpuSysRegs                     
1     00000c00  CpuTimer0Regs                  
0     0008337d  DATALOG_ISR                    
0     00083373  DMA_CH1_ISR                    
0     00083369  DMA_CH2_ISR                    
0     0008335f  DMA_CH3_ISR                    
0     00083355  DMA_CH4_ISR                    
0     0008334b  DMA_CH5_ISR                    
0     00083341  DMA_CH6_ISR                    
0     00083956  Device_enableAllPeripherals    
0     00083a28  Device_init                    
0     00083946  Device_initGPIO                
1     0000a806  Duty                           
0     00083337  ECAP1_ISR                      
0     0008332d  ECAP2_ISR                      
0     00083323  ECAP3_ISR                      
0     00083319  ECAP4_ISR                      
0     0008330f  ECAP5_ISR                      
0     00083305  ECAP6_2_ISR                    
0     000832fb  ECAP6_ISR                      
0     000832f1  ECAP7_2_ISR                    
0     000832e7  ECAP7_ISR                      
0     000832da  EMPTY_ISR                      
0     000832d0  EMU_ISR                        
0     000832c6  EPWM1_ISR                      
0     000832bc  EPWM1_TZ_ISR                   
0     000832b2  EPWM2_ISR                      
0     000832a8  EPWM2_TZ_ISR                   
0     0008329e  EPWM3_ISR                      
0     00083294  EPWM3_TZ_ISR                   
0     0008328a  EPWM4_ISR                      
0     00083280  EPWM4_TZ_ISR                   
0     00083276  EPWM5_ISR                      
0     0008326c  EPWM5_TZ_ISR                   
0     00083262  EPWM6_ISR                      
0     00083258  EPWM6_TZ_ISR                   
0     0008324e  EPWM7_ISR                      
0     00083244  EPWM7_TZ_ISR                   
0     0008323a  EPWM8_ISR                      
0     00083230  EPWM8_TZ_ISR                   
1     00004000  EPwm1Regs                      
0     00083226  EQEP1_ISR                      
0     0008321c  EQEP2_ISR                      
1     0000a801  EndChar                        
0     00083d97  Epwm_Init                      
0     00083212  FLASH_CORRECTABLE_ERROR_ISR    
0     00083208  FPU_OVERFLOW_ISR               
0     000831fe  FPU_UNDERFLOW_ISR              
0     000831f4  FSIRXA1_ISR                    
0     000831ea  FSIRXA2_ISR                    
0     000831e0  FSITXA1_ISR                    
0     000831d6  FSITXA2_ISR                    
0     0008359a  Freq_Mod                       
0     00083b11  GPIO_Init                      
0     000837dd  GPIO_getDirectionMode          
0     000837b1  GPIO_getPadConfig              
0     00083792  GPIO_getQualificationMode      
0     00083771  GPIO_setAnalogMode             
0     00083751  GPIO_setDirectionMode          
0     00083731  GPIO_setInterruptPin           
0     0008370f  GPIO_setMasterCore             
0     000836d0  GPIO_setPadConfig              
0     000836a0  GPIO_setPinConfig              
0     0008367e  GPIO_setQualificationMode      
0     00083663  GPIO_setQualificationPeriod    
1     00007c00  GpioCtrlRegs                   
0     000831cc  I2CA_FIFO_ISR                  
0     000831c2  I2CA_ISR                       
0     000831b8  ILLEGAL_ISR                    
0     00083b34  Interrupt_Init                 
0     000838f7  Interrupt_disable              
0     00083849  Interrupt_enable               
0     00083806  Interrupt_initModule           
0     000837f1  Interrupt_initVectorTable      
1     0000a834  KnobPrd                        
0     000831ae  LINA_0_ISR                     
0     000831a4  LINA_1_ISR                     
0     0008319a  NMI_ISR                        
0     00083190  NOTUSED_ISR                    
0     00083186  PIE_RESERVED_ISR               
0     0008317c  PMBUSA_ISR                     
0     00083d8c  PWM_DIS                        
0     00083d81  PWM_EN                         
1     0000a81a  PWM_MOD                        
0     00083d61  PWM_SET                        
1     00000ce0  PieCtrlRegs                    
1     00000d00  PieVectTable                   
0     00084000  PieVectTableInit               
0     00083172  RAM_ACCESS_VIOLATION_ISR       
0     00083168  RAM_CORRECTABLE_ERROR_ISR      
0     0008315e  RTOS_ISR                       
0     00081004  RamfuncsLoadEnd                
abs   00000004  RamfuncsLoadSize               
0     00081000  RamfuncsLoadStart              
0     00008004  RamfuncsRunEnd                 
abs   00000004  RamfuncsRunSize                
0     00008000  RamfuncsRunStart               
0     00083b66  Resonant_Init                  
0     00083154  SCIA_RX_ISR                    
0     0008314a  SCIA_TX_ISR                    
0     00083140  SCIB_RX_ISR                    
0     00083136  SCIB_TX_ISR                    
0     00083a9a  SCI_Init                       
1     0000a804  SCI_check                      
0     00083d45  SCI_clearInterruptStatus       
0     00083d2b  SCI_disableInterrupt           
0     00083d11  SCI_enableInterrupt            
0     00083cf1  SCI_getInterruptStatus         
0     00083cd1  SCI_readCharArray              
0     00083cb0  SCI_setConfig                  
0     00083c8e  SCI_writeCharArray             
0     0008312c  SD1DR1_ISR                     
0     00083122  SD1DR2_ISR                     
0     00083118  SD1DR3_ISR                     
0     0008310e  SD1DR4_ISR                     
0     00083104  SD1_ISR                        
0     000830fa  SPIA_RX_ISR                    
0     000830f0  SPIA_TX_ISR                    
0     000830e6  SPIB_RX_ISR                    
0     000830dc  SPIB_TX_ISR                    
0     000830d2  SYS_PLL_SLIP_ISR               
0     000834b3  Sweep_Routine                  
0     00008000  SysCtl_delay                   
0     00082eba  SysCtl_getClock                
0     00082f15  SysCtl_getDeviceParametric     
0     00082f00  SysCtl_getLowSpeedClock        
0     00082d86  SysCtl_isPLLValid              
0     00082d59  SysCtl_selectOscSource         
0     00082d31  SysCtl_selectXTAL              
0     00082d15  SysCtl_selectXTALSingleEnded   
0     00082e22  SysCtl_setClock                
0     000830c8  TIMER0_ISR                     
0     000830be  TIMER1_ISR                     
0     000830b4  TIMER2_ISR                     
0     00083a7f  Timer_Init                     
0     000830aa  USER10_ISR                     
0     000830a0  USER11_ISR                     
0     00083096  USER12_ISR                     
0     0008308c  USER1_ISR                      
0     00083082  USER2_ISR                      
0     00083078  USER3_ISR                      
0     0008306e  USER4_ISR                      
0     00083064  USER5_ISR                      
0     0008305a  USER6_ISR                      
0     00083050  USER7_ISR                      
0     00083046  USER8_ISR                      
0     0008303c  USER9_ISR                      
1     0000a830  Vin                            
1     0000a832  Vout                           
0     00083032  WAKE_ISR                       
0     00083028  XINT1_ISR                      
0     0008301e  XINT2_ISR                      
0     00083014  XINT3_ISR                      
0     0008300a  XINT4_ISR                      
0     00083000  XINT5_ISR                      
0     0008105c  __TI_CINIT_Base                
0     00081094  __TI_CINIT_Limit               
0     00081094  __TI_CINIT_Warm                
0     00081022  __TI_Handler_Table_Base        
0     00081028  __TI_Handler_Table_Limit       
1     00000600  __TI_STACK_END                 
abs   00000200  __TI_STACK_SIZE                
0     00085243  __TI_auto_init_nobinit_nopinit 
1     0000a816  __TI_cleanup_ptr               
0     000851e1  __TI_decompress_lzss           
0     0008549c  __TI_decompress_none           
1     0000a818  __TI_dtors_ptr                 
1     0000a814  __TI_enable_exit_profile_output
0     00083fd0  __TI_ltoa                      
abs   ffffffff  __TI_pprof_out_hndl            
0     00082b62  __TI_printfi                   
abs   ffffffff  __TI_prof_data_size            
abs   ffffffff  __TI_prof_data_start           
0     000854b3  __TI_zero_init                 
0     00083e13  __c28xabi_addd                 
0     00085403  __c28xabi_andll                
0     0008526e  __c28xabi_cmpd                 
0     00085373  __c28xabi_cmpll                
0     00085385  __c28xabi_cmpull               
0     00083f45  __c28xabi_divd                 
0     00085000  __c28xabi_divf                 
0     00085298  __c28xabi_divl                 
0     00083b87  __c28xabi_divll                
0     000852b5  __c28xabi_divul                
0     00083bfd  __c28xabi_divull               
0     00085310  __c28xabi_dtof                 
0     00085333  __c28xabi_dtoi                 
0     00085354  __c28xabi_dtol                 
0     000853cb  __c28xabi_ftod                 
0     00085391  __c28xabi_itod                 
0     000853e7  __c28xabi_ltod                 
0     000852a7  __c28xabi_modl                 
0     00083bc3  __c28xabi_modll                
0     000852bc  __c28xabi_modul                
0     00083c2c  __c28xabi_modull               
0     00085088  __c28xabi_mpyd                 
0     00085493  __c28xabi_negd                 
0     0008540b  __c28xabi_orll                 
0     00085459  __c28xabi_subd                 
0     00085432  __c28xabi_utod                 
0     00085413  __c28xabi_xorll                
n/a   UNDEFED   __c_args__                     
0     00083943  __error__                      
1     00000400  __stack                        
0     00085467  _args_main                     
0     0008541b  _c_int00                       
0     000841c0  _ctypes_                       
1     0000a81c  _lock                          
0     00085492  _nop                           
0     0008548e  _register_lock                 
0     0008548a  _register_unlock               
0     000854c0  _system_post_cinit             
0     000854be  _system_pre_init               
1     0000a81e  _unlock                        
0     000852c2  abort                          
1     0000a80e  adc_a_module                   
1     0000a810  adc_b_module                   
1     0000a812  adc_c_module                   
0     00085212  atoi                           
1     0000a800  buff_length                    
0     000852eb  copysign                       
0     000852eb  copysignl                      
1     0000a822  data_buff                      
1     0000a820  errno                          
1     0000a803  errorCount                     
0     000852c4  exit                           
0     0008510b  frexp                          
0     0008510b  frexpl                         
1     0000a80a  fs                             
1     0000a836  fs_mod                         
0     00082f52  ldexp                          
0     00082f52  ldexpl                         
0     00085165  main                           
0     00085449  memccpy                        
0     000853ae  memcpy                         
0     000854ac  memset                         
1     0000a80c  ramp_flag                      
0     00084320  ramp_period                    
1     0000a808  ramp_value                     
1     0000a82e  receivedChar                   
0     00082f52  scalbn                         
0     00082f52  scalbnl                        
1     0000a802  sendChar                       
0     000851af  sprintf                        
0     00085473  strchr                         
0     000854b9  strcpy                         
0     000854a4  strlen                         
0     0008547f  wcslen                         


GLOBAL SYMBOLS: SORTED BY Symbol Address 

page  address   name                           
----  -------   ----                           
0     00008000  RamfuncsRunStart               
0     00008000  SysCtl_delay                   
0     00008004  RamfuncsRunEnd                 
0     00081000  RamfuncsLoadStart              
0     00081004  RamfuncsLoadEnd                
0     00081022  __TI_Handler_Table_Base        
0     00081028  __TI_Handler_Table_Limit       
0     0008105c  __TI_CINIT_Base                
0     00081094  __TI_CINIT_Limit               
0     00081094  __TI_CINIT_Warm                
0     00082b62  __TI_printfi                   
0     00082d15  SysCtl_selectXTALSingleEnded   
0     00082d31  SysCtl_selectXTAL              
0     00082d59  SysCtl_selectOscSource         
0     00082d86  SysCtl_isPLLValid              
0     00082e22  SysCtl_setClock                
0     00082eba  SysCtl_getClock                
0     00082f00  SysCtl_getLowSpeedClock        
0     00082f15  SysCtl_getDeviceParametric     
0     00082f52  ldexp                          
0     00082f52  ldexpl                         
0     00082f52  scalbn                         
0     00082f52  scalbnl                        
0     00083000  XINT5_ISR                      
0     0008300a  XINT4_ISR                      
0     00083014  XINT3_ISR                      
0     0008301e  XINT2_ISR                      
0     00083028  XINT1_ISR                      
0     00083032  WAKE_ISR                       
0     0008303c  USER9_ISR                      
0     00083046  USER8_ISR                      
0     00083050  USER7_ISR                      
0     0008305a  USER6_ISR                      
0     00083064  USER5_ISR                      
0     0008306e  USER4_ISR                      
0     00083078  USER3_ISR                      
0     00083082  USER2_ISR                      
0     0008308c  USER1_ISR                      
0     00083096  USER12_ISR                     
0     000830a0  USER11_ISR                     
0     000830aa  USER10_ISR                     
0     000830b4  TIMER2_ISR                     
0     000830be  TIMER1_ISR                     
0     000830c8  TIMER0_ISR                     
0     000830d2  SYS_PLL_SLIP_ISR               
0     000830dc  SPIB_TX_ISR                    
0     000830e6  SPIB_RX_ISR                    
0     000830f0  SPIA_TX_ISR                    
0     000830fa  SPIA_RX_ISR                    
0     00083104  SD1_ISR                        
0     0008310e  SD1DR4_ISR                     
0     00083118  SD1DR3_ISR                     
0     00083122  SD1DR2_ISR                     
0     0008312c  SD1DR1_ISR                     
0     00083136  SCIB_TX_ISR                    
0     00083140  SCIB_RX_ISR                    
0     0008314a  SCIA_TX_ISR                    
0     00083154  SCIA_RX_ISR                    
0     0008315e  RTOS_ISR                       
0     00083168  RAM_CORRECTABLE_ERROR_ISR      
0     00083172  RAM_ACCESS_VIOLATION_ISR       
0     0008317c  PMBUSA_ISR                     
0     00083186  PIE_RESERVED_ISR               
0     00083190  NOTUSED_ISR                    
0     0008319a  NMI_ISR                        
0     000831a4  LINA_1_ISR                     
0     000831ae  LINA_0_ISR                     
0     000831b8  ILLEGAL_ISR                    
0     000831c2  I2CA_ISR                       
0     000831cc  I2CA_FIFO_ISR                  
0     000831d6  FSITXA2_ISR                    
0     000831e0  FSITXA1_ISR                    
0     000831ea  FSIRXA2_ISR                    
0     000831f4  FSIRXA1_ISR                    
0     000831fe  FPU_UNDERFLOW_ISR              
0     00083208  FPU_OVERFLOW_ISR               
0     00083212  FLASH_CORRECTABLE_ERROR_ISR    
0     0008321c  EQEP2_ISR                      
0     00083226  EQEP1_ISR                      
0     00083230  EPWM8_TZ_ISR                   
0     0008323a  EPWM8_ISR                      
0     00083244  EPWM7_TZ_ISR                   
0     0008324e  EPWM7_ISR                      
0     00083258  EPWM6_TZ_ISR                   
0     00083262  EPWM6_ISR                      
0     0008326c  EPWM5_TZ_ISR                   
0     00083276  EPWM5_ISR                      
0     00083280  EPWM4_TZ_ISR                   
0     0008328a  EPWM4_ISR                      
0     00083294  EPWM3_TZ_ISR                   
0     0008329e  EPWM3_ISR                      
0     000832a8  EPWM2_TZ_ISR                   
0     000832b2  EPWM2_ISR                      
0     000832bc  EPWM1_TZ_ISR                   
0     000832c6  EPWM1_ISR                      
0     000832d0  EMU_ISR                        
0     000832da  EMPTY_ISR                      
0     000832e7  ECAP7_ISR                      
0     000832f1  ECAP7_2_ISR                    
0     000832fb  ECAP6_ISR                      
0     00083305  ECAP6_2_ISR                    
0     0008330f  ECAP5_ISR                      
0     00083319  ECAP4_ISR                      
0     00083323  ECAP3_ISR                      
0     0008332d  ECAP2_ISR                      
0     00083337  ECAP1_ISR                      
0     00083341  DMA_CH6_ISR                    
0     0008334b  DMA_CH5_ISR                    
0     00083355  DMA_CH4_ISR                    
0     0008335f  DMA_CH3_ISR                    
0     00083369  DMA_CH2_ISR                    
0     00083373  DMA_CH1_ISR                    
0     0008337d  DATALOG_ISR                    
0     00083387  CLA_UNDERFLOW_ISR              
0     00083391  CLA_OVERFLOW_ISR               
0     0008339b  CLA1_8_ISR                     
0     000833a5  CLA1_7_ISR                     
0     000833af  CLA1_6_ISR                     
0     000833b9  CLA1_5_ISR                     
0     000833c3  CLA1_4_ISR                     
0     000833cd  CLA1_3_ISR                     
0     000833d7  CLA1_2_ISR                     
0     000833e1  CLA1_1_ISR                     
0     000833eb  CLA1PROMCRC_ISR                
0     000833f5  CANB1_ISR                      
0     000833ff  CANB0_ISR                      
0     00083409  CANA1_ISR                      
0     00083413  CANA0_ISR                      
0     0008341d  ADCC_EVT_ISR                   
0     00083427  ADCC4_ISR                      
0     00083431  ADCC3_ISR                      
0     0008343b  ADCC2_ISR                      
0     00083445  ADCC1_ISR                      
0     0008344f  ADCB_EVT_ISR                   
0     00083459  ADCB4_ISR                      
0     00083463  ADCB3_ISR                      
0     0008346d  ADCB2_ISR                      
0     00083477  ADCB1_ISR                      
0     00083481  ADCA_EVT_ISR                   
0     0008348b  ADCA4_ISR                      
0     00083495  ADCA3_ISR                      
0     0008349f  ADCA2_ISR                      
0     000834a9  ADCA1_ISR                      
0     000834b3  Sweep_Routine                  
0     0008359a  Freq_Mod                       
0     00083663  GPIO_setQualificationPeriod    
0     0008367e  GPIO_setQualificationMode      
0     000836a0  GPIO_setPinConfig              
0     000836d0  GPIO_setPadConfig              
0     0008370f  GPIO_setMasterCore             
0     00083731  GPIO_setInterruptPin           
0     00083751  GPIO_setDirectionMode          
0     00083771  GPIO_setAnalogMode             
0     00083792  GPIO_getQualificationMode      
0     000837b1  GPIO_getPadConfig              
0     000837dd  GPIO_getDirectionMode          
0     000837f1  Interrupt_initVectorTable      
0     00083806  Interrupt_initModule           
0     00083849  Interrupt_enable               
0     000838f7  Interrupt_disable              
0     00083943  __error__                      
0     00083946  Device_initGPIO                
0     00083956  Device_enableAllPeripherals    
0     00083a28  Device_init                    
0     00083a7f  Timer_Init                     
0     00083a9a  SCI_Init                       
0     00083b11  GPIO_Init                      
0     00083b2d  Adc_Init                       
0     00083b34  Interrupt_Init                 
0     00083b66  Resonant_Init                  
0     00083b87  __c28xabi_divll                
0     00083bc3  __c28xabi_modll                
0     00083bfd  __c28xabi_divull               
0     00083c2c  __c28xabi_modull               
0     00083c8e  SCI_writeCharArray             
0     00083cb0  SCI_setConfig                  
0     00083cd1  SCI_readCharArray              
0     00083cf1  SCI_getInterruptStatus         
0     00083d11  SCI_enableInterrupt            
0     00083d2b  SCI_disableInterrupt           
0     00083d45  SCI_clearInterruptStatus       
0     00083d61  PWM_SET                        
0     00083d81  PWM_EN                         
0     00083d8c  PWM_DIS                        
0     00083d97  Epwm_Init                      
0     00083e13  __c28xabi_addd                 
0     00083eaf  Adc_C_Init                     
0     00083ee2  Adc_B_Init                     
0     00083f15  Adc_A_Init                     
0     00083f45  __c28xabi_divd                 
0     00083fd0  __TI_ltoa                      
0     00084000  PieVectTableInit               
0     000841c0  _ctypes_                       
0     00084320  ramp_period                    
0     00085000  __c28xabi_divf                 
0     00085088  __c28xabi_mpyd                 
0     0008510b  frexp                          
0     0008510b  frexpl                         
0     00085165  main                           
0     000851af  sprintf                        
0     000851e1  __TI_decompress_lzss           
0     00085212  atoi                           
0     00085243  __TI_auto_init_nobinit_nopinit 
0     0008526e  __c28xabi_cmpd                 
0     00085298  __c28xabi_divl                 
0     000852a7  __c28xabi_modl                 
0     000852b5  __c28xabi_divul                
0     000852bc  __c28xabi_modul                
0     000852c2  C$$EXIT                        
0     000852c2  abort                          
0     000852c4  exit                           
0     000852eb  copysign                       
0     000852eb  copysignl                      
0     00085310  __c28xabi_dtof                 
0     00085333  __c28xabi_dtoi                 
0     00085354  __c28xabi_dtol                 
0     00085373  __c28xabi_cmpll                
0     00085385  __c28xabi_cmpull               
0     00085391  __c28xabi_itod                 
0     000853ae  memcpy                         
0     000853cb  __c28xabi_ftod                 
0     000853e7  __c28xabi_ltod                 
0     00085403  __c28xabi_andll                
0     0008540b  __c28xabi_orll                 
0     00085413  __c28xabi_xorll                
0     0008541b  _c_int00                       
0     00085432  __c28xabi_utod                 
0     00085449  memccpy                        
0     00085459  __c28xabi_subd                 
0     00085467  _args_main                     
0     00085473  strchr                         
0     0008547f  wcslen                         
0     0008548a  _register_unlock               
0     0008548e  _register_lock                 
0     00085492  _nop                           
0     00085493  __c28xabi_negd                 
0     0008549c  __TI_decompress_none           
0     000854a4  strlen                         
0     000854ac  memset                         
0     000854b3  __TI_zero_init                 
0     000854b9  strcpy                         
0     000854be  _system_pre_init               
0     000854c0  _system_post_cinit             
1     00000400  __stack                        
1     00000600  __TI_STACK_END                 
1     00000b00  AdcaResultRegs                 
1     00000b20  AdcbResultRegs                 
1     00000b40  AdccResultRegs                 
1     00000c00  CpuTimer0Regs                  
1     00000ce0  PieCtrlRegs                    
1     00000d00  PieVectTable                   
1     00004000  EPwm1Regs                      
1     00007400  AdcaRegs                       
1     00007480  AdcbRegs                       
1     00007500  AdccRegs                       
1     00007c00  GpioCtrlRegs                   
1     0000a800  buff_length                    
1     0000a801  EndChar                        
1     0000a802  sendChar                       
1     0000a803  errorCount                     
1     0000a804  SCI_check                      
1     0000a806  Duty                           
1     0000a808  ramp_value                     
1     0000a80a  fs                             
1     0000a80c  ramp_flag                      
1     0000a80e  adc_a_module                   
1     0000a810  adc_b_module                   
1     0000a812  adc_c_module                   
1     0000a814  __TI_enable_exit_profile_output
1     0000a816  __TI_cleanup_ptr               
1     0000a818  __TI_dtors_ptr                 
1     0000a81a  PWM_MOD                        
1     0000a81c  _lock                          
1     0000a81e  _unlock                        
1     0000a820  errno                          
1     0000a822  data_buff                      
1     0000a82e  receivedChar                   
1     0000a830  Vin                            
1     0000a832  Vout                           
1     0000a834  KnobPrd                        
1     0000a836  fs_mod                         
1     0000a838  AdcResult                      
1     0000a83b  Adc_sweep_Result               
1     0005d300  CpuSysRegs                     
abs   00000004  RamfuncsLoadSize               
abs   00000004  RamfuncsRunSize                
abs   00000200  __TI_STACK_SIZE                
abs   ffffffff  __TI_pprof_out_hndl            
abs   ffffffff  __TI_prof_data_size            
abs   ffffffff  __TI_prof_data_start           
n/a   UNDEFED   __c_args__                     

[291 symbols]
