******************************************************************************
             TMS320C2000 Linker PC v20.8.0                     
******************************************************************************
>> Linked Fri Dec  4 02:16:42 2020

OUTPUT FILE NAME:   <Resonant_Demo.out>
ENTRY POINT SYMBOL: "_c_int00"  address: 00009f20


MEMORY CONFIGURATION

         name            origin    length      used     unused   attr    fill
----------------------  --------  ---------  --------  --------  ----  --------
PAGE 0:
  BEGIN                 00000000   00000002  00000002  00000000  RWIX
  RAMM0                 000000f5   0000030b  0000030a  00000001  RWIX
  RAMLS0                00008000   00000800  00000800  00000000  RWIX
  RAMLS1                00008800   00000800  00000800  00000000  RWIX
  RAMLS2                00009000   00000800  00000800  00000000  RWIX
  RAMLS3                00009800   00000800  000007ff  00000001  RWIX
  RAMLS4                0000a000   00000800  000001e1  0000061f  RWIX
  RESET                 003fffc0   00000002  00000000  00000002  RWIX

PAGE 1:
  BOOT_RSVD             00000002   000000f3  00000000  000000f3  RWIX
  RAMM1                 00000400   00000400  00000200  00000200  RWIX
  ADCA_RESULT           00000b00   00000020  00000018  00000008  RWIX
  ADCB_RESULT           00000b20   00000020  00000018  00000008  RWIX
  ADCC_RESULT           00000b40   00000020  00000018  00000008  RWIX
  CPU_TIMER0            00000c00   00000008  00000008  00000000  RWIX
  CPU_TIMER1            00000c08   00000008  00000008  00000000  RWIX
  CPU_TIMER2            00000c10   00000008  00000008  00000000  RWIX
  PIE_CTRL              00000ce0   00000020  0000001a  00000006  RWIX
  PIE_VECT              00000d00   00000200  000001c0  00000040  RWIX
  DMA                   00001000   00000200  000000e0  00000120  RWIX
  CLA1                  00001400   00000080  00000048  00000038  RWIX
  EPWM1                 00004000   00000100  00000100  00000000  RWIX
  EPWM2                 00004100   00000100  00000100  00000000  RWIX
  EPWM3                 00004200   00000100  00000100  00000000  RWIX
  EPWM4                 00004300   00000100  00000100  00000000  RWIX
  EPWM5                 00004400   00000100  00000100  00000000  RWIX
  EPWM6                 00004500   00000100  00000100  00000000  RWIX
  EPWM7                 00004600   00000100  00000100  00000000  RWIX
  EPWM8                 00004700   00000100  00000100  00000000  RWIX
  EQEP1                 00005100   00000040  00000036  0000000a  RWIX
  EQEP2                 00005140   00000040  00000036  0000000a  RWIX
  ECAP1                 00005200   00000040  0000001a  00000026  RWIX
  ECAP2                 00005240   00000040  0000001a  00000026  RWIX
  ECAP3                 00005280   00000040  0000001a  00000026  RWIX
  ECAP4                 000052c0   00000040  0000001a  00000026  RWIX
  ECAP5                 00005300   00000040  0000001a  00000026  RWIX
  ECAP6                 00005340   00000040  0000001a  00000026  RWIX
  ECAP7                 00005380   00000040  0000001a  00000026  RWIX
  PGA1                  00005b00   00000010  0000000a  00000006  RWIX
  PGA2                  00005b10   00000010  0000000a  00000006  RWIX
  PGA3                  00005b20   00000010  0000000a  00000006  RWIX
  PGA4                  00005b30   00000010  0000000a  00000006  RWIX
  PGA5                  00005b40   00000010  0000000a  00000006  RWIX
  PGA6                  00005b50   00000010  0000000a  00000006  RWIX
  PGA7                  00005b60   00000010  0000000a  00000006  RWIX
  DACA                  00005c00   00000010  00000007  00000009  RWIX
  DACB                  00005c10   00000010  00000007  00000009  RWIX
  CMPSS1                00005c80   00000020  0000001b  00000005  RWIX
  CMPSS2                00005ca0   00000020  0000001b  00000005  RWIX
  CMPSS3                00005cc0   00000020  0000001b  00000005  RWIX
  CMPSS4                00005ce0   00000020  0000001b  00000005  RWIX
  CMPSS5                00005d00   00000020  0000001b  00000005  RWIX
  CMPSS6                00005d20   00000020  0000001b  00000005  RWIX
  CMPSS7                00005d40   00000020  0000001b  00000005  RWIX
  SDFM1                 00005e00   00000080  00000050  00000030  RWIX
  SPIA                  00006100   00000010  00000010  00000000  RWIX
  SPIB                  00006110   00000010  00000010  00000000  RWIX
  CLAPROMCRC            000061c0   00000020  00000020  00000000  RWIX
  PMBUSA                00006400   00000020  0000001e  00000002  RWIX
  FSITXA                00006600   00000080  00000050  00000030  RWIX
  FSIRXA                00006680   00000080  00000050  00000030  RWIX
  LINA                  00006a00   00000100  000000ec  00000014  RWIX
  LINB                  00006b00   00000100  000000ec  00000014  RWIX
  WD                    00007000   00000040  0000002b  00000015  RWIX
  NMIINTRUPT            00007060   00000010  00000007  00000009  RWIX
  XINT                  00007070   00000010  0000000b  00000005  RWIX
  SCIA                  00007200   00000010  00000010  00000000  RWIX
  SCIB                  00007210   00000010  00000010  00000000  RWIX
  I2CA                  00007300   00000040  00000022  0000001e  RWIX
  ADCA                  00007400   00000080  00000076  0000000a  RWIX
  ADCB                  00007480   00000080  00000076  0000000a  RWIX
  ADCC                  00007500   00000080  00000076  0000000a  RWIX
  INPUT_XBAR            00007900   00000020  00000020  00000000  RWIX
  XBAR                  00007920   00000020  00000010  00000010  RWIX
  SYNC_SOC              00007940   00000010  00000006  0000000a  RWIX
  DMACLASRCSEL          00007980   00000040  0000001a  00000026  RWIX
  EPWM_XBAR             00007a00   00000040  00000040  00000000  RWIX
  CLB_XBAR              00007a40   00000040  00000000  00000040  RWIX
  OUTPUT_XBAR           00007a80   00000040  00000040  00000000  RWIX
  GPIOCTRL              00007c00   00000200  00000200  00000000  RWIX
  GPIODAT               00007f00   00000040  0000003a  00000006  RWIX
  RAMLS5                0000a800   00000800  000001ec  00000614  RWIX
  RAMLS6                0000b000   00000800  00000000  00000800  RWIX
  RAMLS7                0000b800   00000800  00000000  00000800  RWIX
  RAMGS0                0000c000   00002000  00000000  00002000  RWIX
  RAMGS1                0000e000   00002000  00000000  00002000  RWIX
  RAMGS2                00010000   00002000  00000000  00002000  RWIX
  RAMGS3                00012000   00002000  00000000  00002000  RWIX
  CANA                  00048000   00000800  00000164  0000069c  RWIX
  CANB                  0004a000   00000800  00000164  0000069c  RWIX
  DEV_CFG               0005d000   00000180  00000132  0000004e  RWIX
  CLK_CFG               0005d200   00000100  00000034  000000cc  RWIX
  CPU_SYS               0005d300   00000100  00000082  0000007e  RWIX
  PERIPH_AC             0005d500   00000200  00000200  00000000  RWIX
  ANALOG_SUBSYS         0005d700   00000100  00000090  00000070  RWIX
  DCC0                  0005e700   00000040  0000002c  00000014  RWIX
  ERAD_GLOBAL           0005e800   00000013  0000000b  00000008  RWIX
  ERAD_HWBP1            0005e900   00000008  00000008  00000000  RWIX
  ERAD_HWBP2            0005e908   00000008  00000008  00000000  RWIX
  ERAD_HWBP3            0005e910   00000008  00000008  00000000  RWIX
  ERAD_HWBP4            0005e918   00000008  00000008  00000000  RWIX
  ERAD_HWBP5            0005e920   00000008  00000008  00000000  RWIX
  ERAD_HWBP6            0005e928   00000008  00000008  00000000  RWIX
  ERAD_HWBP7            0005e930   00000008  00000008  00000000  RWIX
  ERAD_HWBP8            0005e938   00000008  00000008  00000000  RWIX
  ERAD_CTR1             0005e980   00000010  0000000a  00000006  RWIX
  ERAD_CTR2             0005e990   00000010  0000000a  00000006  RWIX
  ERAD_CTR3             0005e9a0   00000010  0000000a  00000006  RWIX
  ERAD_CTR4             0005e9b0   00000010  0000000a  00000006  RWIX
  DCSM_BANK0_Z1         0005f000   00000030  00000022  0000000e  RWIX
  DCSM_BANK0_Z2         0005f040   00000030  00000022  0000000e  RWIX
  DCSM_COMMON           0005f070   00000010  00000010  00000000  RWIX
  DCSM_BANK1_Z1         0005f100   00000030  00000020  00000010  RWIX
  DCSM_BANK1_Z2         0005f140   00000030  00000020  00000010  RWIX
  MEMCFG                0005f400   00000080  00000076  0000000a  RWIX
  ACCESSPROTECTION      0005f4c0   00000040  0000002e  00000012  RWIX
  MEMORYERROR           0005f500   00000040  0000003a  00000006  RWIX
  FLASH0_CTRL           0005f800   00000300  00000182  0000017e  RWIX
  FLASH0_ECC            0005fb00   00000040  00000028  00000018  RWIX


SECTION ALLOCATION MAP

 output                                  attributes/
section   page    origin      length       input sections
--------  ----  ----------  ----------   ----------------
codestart 
*          0    00000000    00000002     
                  00000000    00000002     f28004x_codestartbranch.obj (codestart)

.cinit     0    000000f5    00000068     
                  000000f5    0000002c     Main_Resonant.obj (.cinit)
                  00000121    0000000f     ADC_Operation.obj (.cinit)
                  00000130    0000000e     rts2800_fpu32.lib : exit.c.obj (.cinit)
                  0000013e    0000000a     device.obj (.cinit)
                  00000148    00000005     PWM_Operation.obj (.cinit)
                  0000014d    00000005     <whole-program> (.cinit:__lock)
                  00000152    00000005     <whole-program> (.cinit:__unlock)
                  00000157    00000004     <whole-program> (.cinit)
                  0000015b    00000002     --HOLE-- [fill = 0]

.TI.ramfunc 
*          0    0000015d    00000008     
                  0000015d    00000004     f28004x_usdelay.obj (.TI.ramfunc)
                  00000161    00000004     sysctl.obj (.TI.ramfunc)

.pinit     0    000000f5    00000000     UNINITIALIZED

.reset     0    003fffc0    00000002     DSECT
                  003fffc0    00000002     rts2800_fpu32.lib : boot28.asm.obj (.reset)

.stack     1    00000400    00000200     UNINITIALIZED
                  00000400    00000200     --HOLE--

AdcaResultFile 
*          1    00000b00    00000018     UNINITIALIZED
                  00000b00    00000018     f28004x_globalvariabledefs.obj (AdcaResultFile)

AdcbResultFile 
*          1    00000b20    00000018     UNINITIALIZED
                  00000b20    00000018     f28004x_globalvariabledefs.obj (AdcbResultFile)

AdccResultFile 
*          1    00000b40    00000018     UNINITIALIZED
                  00000b40    00000018     f28004x_globalvariabledefs.obj (AdccResultFile)

CpuTimer0RegsFile 
*          1    00000c00    00000008     UNINITIALIZED
                  00000c00    00000008     f28004x_globalvariabledefs.obj (CpuTimer0RegsFile)

CpuTimer1RegsFile 
*          1    00000c08    00000008     UNINITIALIZED
                  00000c08    00000008     f28004x_globalvariabledefs.obj (CpuTimer1RegsFile)

CpuTimer2RegsFile 
*          1    00000c10    00000008     UNINITIALIZED
                  00000c10    00000008     f28004x_globalvariabledefs.obj (CpuTimer2RegsFile)

PieCtrlRegsFile 
*          1    00000ce0    0000001a     UNINITIALIZED
                  00000ce0    0000001a     f28004x_globalvariabledefs.obj (PieCtrlRegsFile)

Cla1RegsFile 
*          1    00001400    00000048     UNINITIALIZED
                  00001400    00000048     f28004x_globalvariabledefs.obj (Cla1RegsFile)

DacaRegsFile 
*          1    00005c00    00000007     UNINITIALIZED
                  00005c00    00000007     f28004x_globalvariabledefs.obj (DacaRegsFile)

DacbRegsFile 
*          1    00005c10    00000007     UNINITIALIZED
                  00005c10    00000007     f28004x_globalvariabledefs.obj (DacbRegsFile)

.econst    1    0000a800    00000170     
                  0000a800    00000101     rts2800_fpu32.lib : ctype.c.obj (.econst:.string:__ctypes_)
                  0000a901    00000001     --HOLE-- [fill = 0]
                  0000a902    00000026                       : _printfi.c.obj (.econst:.string)
                  0000a928    0000001c                       : _printfi.c.obj (.econst)
                  0000a944    00000016     Main_Resonant.obj (.econst:.string)
                  0000a95a    00000010     <whole-program> (.econst)
                  0000a96a    00000006     Main_Resonant.obj (.econst)

.ebss      1    0000a970    0000007c     UNINITIALIZED
                  0000a970    00000006     ADC_Operation.obj (.ebss)
                  0000a976    00000006     Main_Resonant.obj (.ebss:_AdcResult)
                  0000a97c    00000004     Main_Resonant.obj (.ebss:_Adc_sweep_Result)
                  0000a980    0000003c     Main_Resonant.obj (.ebss:_data_buff)
                  0000a9bc    00000004     device.obj (.ebss)
                  0000a9c0    0000001e     Main_Resonant.obj (.ebss)
                  0000a9de    00000006     rts2800_fpu32.lib : exit.c.obj (.ebss)
                  0000a9e4    00000002     PWM_Operation.obj (.ebss)
                  0000a9e6    00000002     rts2800_fpu32.lib : _lock.c.obj (.ebss:__lock)
                  0000a9e8    00000002                       : _lock.c.obj (.ebss:__unlock)
                  0000a9ea    00000001     Init_Resonant.obj (.ebss)
                  0000a9eb    00000001     rts2800_fpu32.lib : errno.c.obj (.ebss)

PieVectTableFile 
*          1    00000d00    000001c0     UNINITIALIZED
                  00000d00    000001c0     f28004x_globalvariabledefs.obj (PieVectTableFile)

EmuKeyVar 
*          1    00000d00    00000000     UNINITIALIZED

EmuBModeVar 
*          1    00000d00    00000000     UNINITIALIZED

FlashCallbackVar 
*          1    00000d00    00000000     UNINITIALIZED

FlashScalingVar 
*          1    00000d00    00000000     UNINITIALIZED

AdcaRegsFile 
*          1    00007400    00000076     UNINITIALIZED
                  00007400    00000076     f28004x_globalvariabledefs.obj (AdcaRegsFile)

AdcbRegsFile 
*          1    00007480    00000076     UNINITIALIZED
                  00007480    00000076     f28004x_globalvariabledefs.obj (AdcbRegsFile)

AdccRegsFile 
*          1    00007500    00000076     UNINITIALIZED
                  00007500    00000076     f28004x_globalvariabledefs.obj (AdccRegsFile)

CanaRegsFile 
*          1    00048000    00000164     UNINITIALIZED
                  00048000    00000164     f28004x_globalvariabledefs.obj (CanaRegsFile)

CanbRegsFile 
*          1    0004a000    00000164     UNINITIALIZED
                  0004a000    00000164     f28004x_globalvariabledefs.obj (CanbRegsFile)

AnalogSubsysRegsFile 
*          1    0005d700    00000090     UNINITIALIZED
                  0005d700    00000090     f28004x_globalvariabledefs.obj (AnalogSubsysRegsFile)

Cla1SoftIntRegsFile 
*          1    00000ce0    00000003     DSECT
                  00000ce0    00000003     f28004x_globalvariabledefs.obj (Cla1SoftIntRegsFile)

ClaPromCrc0RegsFile 
*          1    000061c0    00000020     UNINITIALIZED
                  000061c0    00000020     f28004x_globalvariabledefs.obj (ClaPromCrc0RegsFile)

DmaRegsFile 
*          1    00001000    000000e0     UNINITIALIZED
                  00001000    000000e0     f28004x_globalvariabledefs.obj (DmaRegsFile)

EPwm1RegsFile 
*          1    00004000    00000100     UNINITIALIZED
                  00004000    00000100     f28004x_globalvariabledefs.obj (EPwm1RegsFile)

EPwm2RegsFile 
*          1    00004100    00000100     UNINITIALIZED
                  00004100    00000100     f28004x_globalvariabledefs.obj (EPwm2RegsFile)

EPwm3RegsFile 
*          1    00004200    00000100     UNINITIALIZED
                  00004200    00000100     f28004x_globalvariabledefs.obj (EPwm3RegsFile)

EPwm4RegsFile 
*          1    00004300    00000100     UNINITIALIZED
                  00004300    00000100     f28004x_globalvariabledefs.obj (EPwm4RegsFile)

EPwm5RegsFile 
*          1    00004400    00000100     UNINITIALIZED
                  00004400    00000100     f28004x_globalvariabledefs.obj (EPwm5RegsFile)

EPwm6RegsFile 
*          1    00004500    00000100     UNINITIALIZED
                  00004500    00000100     f28004x_globalvariabledefs.obj (EPwm6RegsFile)

EPwm7RegsFile 
*          1    00004600    00000100     UNINITIALIZED
                  00004600    00000100     f28004x_globalvariabledefs.obj (EPwm7RegsFile)

EPwm8RegsFile 
*          1    00004700    00000100     UNINITIALIZED
                  00004700    00000100     f28004x_globalvariabledefs.obj (EPwm8RegsFile)

EQep1RegsFile 
*          1    00005100    00000036     UNINITIALIZED
                  00005100    00000036     f28004x_globalvariabledefs.obj (EQep1RegsFile)

EQep2RegsFile 
*          1    00005140    00000036     UNINITIALIZED
                  00005140    00000036     f28004x_globalvariabledefs.obj (EQep2RegsFile)

ECap1RegsFile 
*          1    00005200    0000001a     UNINITIALIZED
                  00005200    0000001a     f28004x_globalvariabledefs.obj (ECap1RegsFile)

ECap2RegsFile 
*          1    00005240    0000001a     UNINITIALIZED
                  00005240    0000001a     f28004x_globalvariabledefs.obj (ECap2RegsFile)

ECap3RegsFile 
*          1    00005280    0000001a     UNINITIALIZED
                  00005280    0000001a     f28004x_globalvariabledefs.obj (ECap3RegsFile)

ECap4RegsFile 
*          1    000052c0    0000001a     UNINITIALIZED
                  000052c0    0000001a     f28004x_globalvariabledefs.obj (ECap4RegsFile)

ECap5RegsFile 
*          1    00005300    0000001a     UNINITIALIZED
                  00005300    0000001a     f28004x_globalvariabledefs.obj (ECap5RegsFile)

ECap6RegsFile 
*          1    00005340    0000001a     UNINITIALIZED
                  00005340    0000001a     f28004x_globalvariabledefs.obj (ECap6RegsFile)

ECap7RegsFile 
*          1    00005380    0000001a     UNINITIALIZED
                  00005380    0000001a     f28004x_globalvariabledefs.obj (ECap7RegsFile)

Pga1RegsFile 
*          1    00005b00    0000000a     UNINITIALIZED
                  00005b00    0000000a     f28004x_globalvariabledefs.obj (Pga1RegsFile)

Pga2RegsFile 
*          1    00005b10    0000000a     UNINITIALIZED
                  00005b10    0000000a     f28004x_globalvariabledefs.obj (Pga2RegsFile)

Pga3RegsFile 
*          1    00005b20    0000000a     UNINITIALIZED
                  00005b20    0000000a     f28004x_globalvariabledefs.obj (Pga3RegsFile)

Pga4RegsFile 
*          1    00005b30    0000000a     UNINITIALIZED
                  00005b30    0000000a     f28004x_globalvariabledefs.obj (Pga4RegsFile)

Pga5RegsFile 
*          1    00005b40    0000000a     UNINITIALIZED
                  00005b40    0000000a     f28004x_globalvariabledefs.obj (Pga5RegsFile)

Pga6RegsFile 
*          1    00005b50    0000000a     UNINITIALIZED
                  00005b50    0000000a     f28004x_globalvariabledefs.obj (Pga6RegsFile)

Pga7RegsFile 
*          1    00005b60    0000000a     UNINITIALIZED
                  00005b60    0000000a     f28004x_globalvariabledefs.obj (Pga7RegsFile)

Cmpss1RegsFile 
*          1    00005c80    0000001b     UNINITIALIZED
                  00005c80    0000001b     f28004x_globalvariabledefs.obj (Cmpss1RegsFile)

Cmpss2RegsFile 
*          1    00005ca0    0000001b     UNINITIALIZED
                  00005ca0    0000001b     f28004x_globalvariabledefs.obj (Cmpss2RegsFile)

Cmpss3RegsFile 
*          1    00005cc0    0000001b     UNINITIALIZED
                  00005cc0    0000001b     f28004x_globalvariabledefs.obj (Cmpss3RegsFile)

Cmpss4RegsFile 
*          1    00005ce0    0000001b     UNINITIALIZED
                  00005ce0    0000001b     f28004x_globalvariabledefs.obj (Cmpss4RegsFile)

Cmpss5RegsFile 
*          1    00005d00    0000001b     UNINITIALIZED
                  00005d00    0000001b     f28004x_globalvariabledefs.obj (Cmpss5RegsFile)

Cmpss6RegsFile 
*          1    00005d20    0000001b     UNINITIALIZED
                  00005d20    0000001b     f28004x_globalvariabledefs.obj (Cmpss6RegsFile)

Cmpss7RegsFile 
*          1    00005d40    0000001b     UNINITIALIZED
                  00005d40    0000001b     f28004x_globalvariabledefs.obj (Cmpss7RegsFile)

Sdfm1RegsFile 
*          1    00005e00    00000050     UNINITIALIZED
                  00005e00    00000050     f28004x_globalvariabledefs.obj (Sdfm1RegsFile)

SpiaRegsFile 
*          1    00006100    00000010     UNINITIALIZED
                  00006100    00000010     f28004x_globalvariabledefs.obj (SpiaRegsFile)

SpibRegsFile 
*          1    00006110    00000010     UNINITIALIZED
                  00006110    00000010     f28004x_globalvariabledefs.obj (SpibRegsFile)

PmbusaRegsFile 
*          1    00006400    0000001e     UNINITIALIZED
                  00006400    0000001e     f28004x_globalvariabledefs.obj (PmbusaRegsFile)

FsiTxaRegsFile 
*          1    00006600    00000050     UNINITIALIZED
                  00006600    00000050     f28004x_globalvariabledefs.obj (FsiTxaRegsFile)

FsiRxaRegsFile 
*          1    00006680    00000050     UNINITIALIZED
                  00006680    00000050     f28004x_globalvariabledefs.obj (FsiRxaRegsFile)

LinaRegsFile 
*          1    00006a00    000000ec     UNINITIALIZED
                  00006a00    000000ec     f28004x_globalvariabledefs.obj (LinaRegsFile)

LinbRegsFile 
*          1    00006b00    000000ec     UNINITIALIZED
                  00006b00    000000ec     f28004x_globalvariabledefs.obj (LinbRegsFile)

WdRegsFile 
*          1    00007000    0000002b     UNINITIALIZED
                  00007000    0000002b     f28004x_globalvariabledefs.obj (WdRegsFile)

NmiIntruptRegsFile 
*          1    00007060    00000007     UNINITIALIZED
                  00007060    00000007     f28004x_globalvariabledefs.obj (NmiIntruptRegsFile)

XintRegsFile 
*          1    00007070    0000000b     UNINITIALIZED
                  00007070    0000000b     f28004x_globalvariabledefs.obj (XintRegsFile)

SciaRegsFile 
*          1    00007200    00000010     UNINITIALIZED
                  00007200    00000010     f28004x_globalvariabledefs.obj (SciaRegsFile)

ScibRegsFile 
*          1    00007210    00000010     UNINITIALIZED
                  00007210    00000010     f28004x_globalvariabledefs.obj (ScibRegsFile)

I2caRegsFile 
*          1    00007300    00000022     UNINITIALIZED
                  00007300    00000022     f28004x_globalvariabledefs.obj (I2caRegsFile)

InputXbarRegsFile 
*          1    00007900    00000020     UNINITIALIZED
                  00007900    00000020     f28004x_globalvariabledefs.obj (InputXbarRegsFile)

XbarRegsFile 
*          1    00007920    00000010     UNINITIALIZED
                  00007920    00000010     f28004x_globalvariabledefs.obj (XbarRegsFile)

SyncSocRegsFile 
*          1    00007940    00000006     UNINITIALIZED
                  00007940    00000006     f28004x_globalvariabledefs.obj (SyncSocRegsFile)

DmaClaSrcSelRegsFile 
*          1    00007980    0000001a     UNINITIALIZED
                  00007980    0000001a     f28004x_globalvariabledefs.obj (DmaClaSrcSelRegsFile)

EPwmXbarRegsFile 
*          1    00007a00    00000040     UNINITIALIZED
                  00007a00    00000040     f28004x_globalvariabledefs.obj (EPwmXbarRegsFile)

OutputXbarRegsFile 
*          1    00007a80    00000040     UNINITIALIZED
                  00007a80    00000040     f28004x_globalvariabledefs.obj (OutputXbarRegsFile)

GpioCtrlRegsFile 
*          1    00007c00    00000200     UNINITIALIZED
                  00007c00    00000200     f28004x_globalvariabledefs.obj (GpioCtrlRegsFile)

GpioDataRegsFile 
*          1    00007f00    0000003a     UNINITIALIZED
                  00007f00    0000003a     f28004x_globalvariabledefs.obj (GpioDataRegsFile)

DevCfgRegsFile 
*          1    0005d000    00000132     UNINITIALIZED
                  0005d000    00000132     f28004x_globalvariabledefs.obj (DevCfgRegsFile)

ClkCfgRegsFile 
*          1    0005d200    00000034     UNINITIALIZED
                  0005d200    00000034     f28004x_globalvariabledefs.obj (ClkCfgRegsFile)

CpuSysRegsFile 
*          1    0005d300    00000082     UNINITIALIZED
                  0005d300    00000082     f28004x_globalvariabledefs.obj (CpuSysRegsFile)

SysPeriphAcRegsFile 
*          1    0005d500    00000200     UNINITIALIZED
                  0005d500    00000200     f28004x_globalvariabledefs.obj (SysPeriphAcRegsFile)

Dcc0RegsFile 
*          1    0005e700    0000002c     UNINITIALIZED
                  0005e700    0000002c     f28004x_globalvariabledefs.obj (Dcc0RegsFile)

EradGlobalRegsFile 
*          1    0005e800    0000000b     UNINITIALIZED
                  0005e800    0000000b     f28004x_globalvariabledefs.obj (EradGlobalRegsFile)

EradHWBP1RegsFile 
*          1    0005e900    00000008     UNINITIALIZED
                  0005e900    00000008     f28004x_globalvariabledefs.obj (EradHWBP1RegsFile)

EradHWBP2RegsFile 
*          1    0005e908    00000008     UNINITIALIZED
                  0005e908    00000008     f28004x_globalvariabledefs.obj (EradHWBP2RegsFile)

EradHWBP3RegsFile 
*          1    0005e910    00000008     UNINITIALIZED
                  0005e910    00000008     f28004x_globalvariabledefs.obj (EradHWBP3RegsFile)

EradHWBP4RegsFile 
*          1    0005e918    00000008     UNINITIALIZED
                  0005e918    00000008     f28004x_globalvariabledefs.obj (EradHWBP4RegsFile)

EradHWBP5RegsFile 
*          1    0005e920    00000008     UNINITIALIZED
                  0005e920    00000008     f28004x_globalvariabledefs.obj (EradHWBP5RegsFile)

EradHWBP6RegsFile 
*          1    0005e928    00000008     UNINITIALIZED
                  0005e928    00000008     f28004x_globalvariabledefs.obj (EradHWBP6RegsFile)

EradHWBP7RegsFile 
*          1    0005e930    00000008     UNINITIALIZED
                  0005e930    00000008     f28004x_globalvariabledefs.obj (EradHWBP7RegsFile)

EradHWBP8RegsFile 
*          1    0005e938    00000008     UNINITIALIZED
                  0005e938    00000008     f28004x_globalvariabledefs.obj (EradHWBP8RegsFile)

EradCounter1RegsFile 
*          1    0005e980    0000000a     UNINITIALIZED
                  0005e980    0000000a     f28004x_globalvariabledefs.obj (EradCounter1RegsFile)

EradCounter2RegsFile 
*          1    0005e990    0000000a     UNINITIALIZED
                  0005e990    0000000a     f28004x_globalvariabledefs.obj (EradCounter2RegsFile)

EradCounter3RegsFile 
*          1    0005e9a0    0000000a     UNINITIALIZED
                  0005e9a0    0000000a     f28004x_globalvariabledefs.obj (EradCounter3RegsFile)

EradCounter4RegsFile 
*          1    0005e9b0    0000000a     UNINITIALIZED
                  0005e9b0    0000000a     f28004x_globalvariabledefs.obj (EradCounter4RegsFile)

DcsmBank0Z1RegsFile 
*          1    0005f000    00000022     UNINITIALIZED
                  0005f000    00000022     f28004x_globalvariabledefs.obj (DcsmBank0Z1RegsFile)

DcsmBank0Z2RegsFile 
*          1    0005f040    00000022     UNINITIALIZED
                  0005f040    00000022     f28004x_globalvariabledefs.obj (DcsmBank0Z2RegsFile)

DcsmCommonRegsFile 
*          1    0005f070    00000010     UNINITIALIZED
                  0005f070    00000010     f28004x_globalvariabledefs.obj (DcsmCommonRegsFile)

DcsmBank1Z1RegsFile 
*          1    0005f100    00000020     UNINITIALIZED
                  0005f100    00000020     f28004x_globalvariabledefs.obj (DcsmBank1Z1RegsFile)

DcsmBank1Z2RegsFile 
*          1    0005f140    00000020     UNINITIALIZED
                  0005f140    00000020     f28004x_globalvariabledefs.obj (DcsmBank1Z2RegsFile)

MemCfgRegsFile 
*          1    0005f400    00000076     UNINITIALIZED
                  0005f400    00000076     f28004x_globalvariabledefs.obj (MemCfgRegsFile)

AccessProtectionRegsFile 
*          1    0005f4c0    0000002e     UNINITIALIZED
                  0005f4c0    0000002e     f28004x_globalvariabledefs.obj (AccessProtectionRegsFile)

MemoryErrorRegsFile 
*          1    0005f500    0000003a     UNINITIALIZED
                  0005f500    0000003a     f28004x_globalvariabledefs.obj (MemoryErrorRegsFile)

Flash0CtrlRegsFile 
*          1    0005f800    00000182     UNINITIALIZED
                  0005f800    00000182     f28004x_globalvariabledefs.obj (Flash0CtrlRegsFile)

Flash0EccRegsFile 
*          1    0005fb00    00000028     UNINITIALIZED
                  0005fb00    00000028     f28004x_globalvariabledefs.obj (Flash0EccRegsFile)

.text.1    0    00000166    0000029a     
                  00000166    00000273     sysctl.obj (.text)
                  000003d9    00000025     rts2800_fpu32.lib : s_copysign.c.obj (.text)
                  000003fe    00000002                       : pre_init.c.obj (.text)

.text.2    0    00008000    00000800     
                  00008000    000006da     rts2800_fpu32.lib : _printfi.c.obj (.text)
                  000086da    00000107                       : ll_div28.asm.obj (.text)
                  000087e1    0000001f                       : fd_tol28.asm.obj (.text)

.text.3    0    00008800    00000800     
                  00008800    0000060a     rts2800_fpu32.lib : _printfi.c.obj (.text:__TI_printfi)
                  00008e0a    000001cb     Main_Resonant.obj (.text:retain)
                  00008fd5    0000002a     rts2800_fpu32.lib : fd_cmp28.asm.obj (.text)
                  00008fff    00000001                       : _lock.c.obj (.text)

.text.4    0    00009000    00000800     
                  00009000    000004b3     f28004x_defaultisr.obj (.text:retain)
                  000094b3    00000191     Init_Resonant.obj (.text)
                  00009644    0000015c     interrupt.obj (.text)
                  000097a0    0000005a     rts2800_fpu32.lib : s_frexp.c.obj (.text)
                  000097fa    00000006     cputimer.obj (.text)

.text.5    0    00009800    000007ff     
                  00009800    0000013c     device.obj (.text)
                  0000993c    000000f4     gpio.obj (.text)
                  00009a30    000000d8     PWM_Operation.obj (.text)
                  00009b08    000000b1     rts2800_fpu32.lib : s_scalbn.c.obj (.text)
                  00009bb9    0000009c                       : fd_add28.asm.obj (.text)
                  00009c55    00000096     ADC_Operation.obj (.text)
                  00009ceb    0000008b     rts2800_fpu32.lib : fd_div28.asm.obj (.text)
                  00009d76    00000083                       : fd_mpy28.asm.obj (.text)
                  00009df9    00000069     Main_Resonant.obj (.text)
                  00009e62    00000065     sci.obj (.text)
                  00009ec7    00000059     rts2800_fpu32.lib : s_floorf.c.obj (.text)
                  00009f20    00000056                       : boot28.asm.obj (.text)
                  00009f76    00000035                       : s_roundf.c.obj (.text)
                  00009fab    00000032                       : sprintf.c.obj (.text)
                  00009fdd    00000021                       : fd_toi28.asm.obj (.text)
                  00009ffe    00000001                       : startup.c.obj (.text)

.text.6    0    0000a000    000001e1     
                  0000a000    00000031     rts2800_fpu32.lib : atoi.c.obj (.text)
                  0000a031    00000030                       : _ltoa.c.obj (.text)
                  0000a061    0000002a                       : l_div28.asm.obj (.text)
                  0000a08b    00000029                       : exit.c.obj (.text)
                  0000a0b4    00000024                       : cpy_tbl.c.obj (.text)
                  0000a0d8    0000001e                       : ll_cmp28.asm.obj (.text)
                  0000a0f6    0000001d                       : i_tofd28.asm.obj (.text)
                  0000a113    0000001c                       : fs_tofdfpu32.asm.obj (.text)
                  0000a12f    0000001c                       : l_tofd28.asm.obj (.text)
                  0000a14b    0000001c                       : memcpy.c.obj (.text)
                  0000a167    00000018                       : ll_aox28.asm.obj (.text)
                  0000a17f    00000012                       : args_main.c.obj (.text)
                  0000a191    00000010                       : memccpy.c.obj (.text)
                  0000a1a1    0000000e                       : fd_sub28.asm.obj (.text)
                  0000a1af    0000000c                       : strchr.c.obj (.text)
                  0000a1bb    00000009                       : fd_neg28.asm.obj (.text)
                  0000a1c4    00000009                       : wcslen.c.obj (.text)
                  0000a1cd    00000008                       : strlen.c.obj (.text)
                  0000a1d5    00000007                       : memset.c.obj (.text)
                  0000a1dc    00000005                       : strcpy.c.obj (.text)

MODULE SUMMARY

       Module                                   code   initialized data   uninitialized data
       ------                                   ----   ----------------   ------------------
    .\
       f28004x_globalvariabledefs.obj           0      0                  8353              
       f28004x_defaultisr.obj                   1203   0                  0                 
       Main_Resonant.obj                        564    72                 100               
       Init_Resonant.obj                        401    0                  1                 
       PWM_Operation.obj                        216    5                  2                 
       ADC_Operation.obj                        150    15                 6                 
       f28004x_usdelay.obj                      4      0                  0                 
       f28004x_codestartbranch.obj              2      0                  0                 
    +--+----------------------------------------+------+------------------+--------------------+
       Total:                                   2540   92                 8462              
                                                                                            
    .\device\
       device.obj                               316    10                 4                 
    +--+----------------------------------------+------+------------------+--------------------+
       Total:                                   316    10                 4                 
                                                                                            
    .\driverlib\
       sysctl.obj                               631    0                  0                 
       interrupt.obj                            348    0                  0                 
       gpio.obj                                 244    0                  0                 
       sci.obj                                  101    0                  0                 
       cputimer.obj                             6      0                  0                 
    +--+----------------------------------------+------+------------------+--------------------+
       Total:                                   1330   0                  0                 
                                                                                            
    C:\Users\rober\AppData\Local\Temp\
       {D2FD8120-B27B-4E80-948F-505C86D79C87}   0      30                 0                 
    +--+----------------------------------------+------+------------------+--------------------+
       Total:                                   0      30                 0                 
                                                                                            
    C:\ti\ccs1011\ccs\tools\compiler\ti-cgt-c2000_20.8.0.STS\lib\rts2800_fpu32.lib
       _printfi.c.obj                           3300   66                 0                 
       ll_div28.asm.obj                         263    0                  0                 
       ctype.c.obj                              0      257                0                 
       s_scalbn.c.obj                           177    0                  0                 
       fd_add28.asm.obj                         156    0                  0                 
       fd_div28.asm.obj                         139    0                  0                 
       fd_mpy28.asm.obj                         131    0                  0                 
       s_frexp.c.obj                            90     0                  0                 
       s_floorf.c.obj                           89     0                  0                 
       boot28.asm.obj                           86     0                  0                 
       exit.c.obj                               41     14                 6                 
       s_roundf.c.obj                           53     0                  0                 
       sprintf.c.obj                            50     0                  0                 
       atoi.c.obj                               49     0                  0                 
       _ltoa.c.obj                              48     0                  0                 
       fd_cmp28.asm.obj                         42     0                  0                 
       l_div28.asm.obj                          42     0                  0                 
       s_copysign.c.obj                         37     0                  0                 
       cpy_tbl.c.obj                            36     0                  0                 
       fd_toi28.asm.obj                         33     0                  0                 
       fd_tol28.asm.obj                         31     0                  0                 
       ll_cmp28.asm.obj                         30     0                  0                 
       i_tofd28.asm.obj                         29     0                  0                 
       fs_tofdfpu32.asm.obj                     28     0                  0                 
       l_tofd28.asm.obj                         28     0                  0                 
       memcpy.c.obj                             28     0                  0                 
       ll_aox28.asm.obj                         24     0                  0                 
       args_main.c.obj                          18     0                  0                 
       memccpy.c.obj                            16     0                  0                 
       fd_sub28.asm.obj                         14     0                  0                 
       strchr.c.obj                             12     0                  0                 
       fd_neg28.asm.obj                         9      0                  0                 
       wcslen.c.obj                             9      0                  0                 
       strlen.c.obj                             8      0                  0                 
       memset.c.obj                             7      0                  0                 
       _lock.c.obj                              1      0                  4                 
       strcpy.c.obj                             5      0                  0                 
       pre_init.c.obj                           2      0                  0                 
       errno.c.obj                              0      0                  1                 
       startup.c.obj                            1      0                  0                 
    +--+----------------------------------------+------+------------------+--------------------+
       Total:                                   5162   337                11                
                                                                                            
       Stack:                                   0      0                  512               
    +--+----------------------------------------+------+------------------+--------------------+
       Grand Total:                             9348   469                8989              


GLOBAL DATA SYMBOLS: SORTED BY DATA PAGE

address     data page           name
--------    ----------------    ----
00000400      10 (00000400)     __stack

00000b00      2c (00000b00)     _AdcaResultRegs
00000b20      2c (00000b00)     _AdcbResultRegs

00000b40      2d (00000b40)     _AdccResultRegs

00000c00      30 (00000c00)     _CpuTimer0Regs
00000c08      30 (00000c00)     _CpuTimer1Regs
00000c10      30 (00000c00)     _CpuTimer2Regs

00000ce0      33 (00000cc0)     _Cla1SoftIntRegs
00000ce0      33 (00000cc0)     _PieCtrlRegs

00000d00      34 (00000d00)     _PieVectTable

00001000      40 (00001000)     _DmaRegs

00001400      50 (00001400)     _Cla1Regs

00004000     100 (00004000)     _EPwm1Regs

00004100     104 (00004100)     _EPwm2Regs

00004200     108 (00004200)     _EPwm3Regs

00004300     10c (00004300)     _EPwm4Regs

00004400     110 (00004400)     _EPwm5Regs

00004500     114 (00004500)     _EPwm6Regs

00004600     118 (00004600)     _EPwm7Regs

00004700     11c (00004700)     _EPwm8Regs

00005100     144 (00005100)     _EQep1Regs

00005140     145 (00005140)     _EQep2Regs

00005200     148 (00005200)     _ECap1Regs

00005240     149 (00005240)     _ECap2Regs

00005280     14a (00005280)     _ECap3Regs

000052c0     14b (000052c0)     _ECap4Regs

00005300     14c (00005300)     _ECap5Regs

00005340     14d (00005340)     _ECap6Regs

00005380     14e (00005380)     _ECap7Regs

00005b00     16c (00005b00)     _Pga1Regs
00005b10     16c (00005b00)     _Pga2Regs
00005b20     16c (00005b00)     _Pga3Regs
00005b30     16c (00005b00)     _Pga4Regs

00005b40     16d (00005b40)     _Pga5Regs
00005b50     16d (00005b40)     _Pga6Regs
00005b60     16d (00005b40)     _Pga7Regs

00005c00     170 (00005c00)     _DacaRegs
00005c10     170 (00005c00)     _DacbRegs

00005c80     172 (00005c80)     _Cmpss1Regs
00005ca0     172 (00005c80)     _Cmpss2Regs

00005cc0     173 (00005cc0)     _Cmpss3Regs
00005ce0     173 (00005cc0)     _Cmpss4Regs

00005d00     174 (00005d00)     _Cmpss5Regs
00005d20     174 (00005d00)     _Cmpss6Regs

00005d40     175 (00005d40)     _Cmpss7Regs

00005e00     178 (00005e00)     _Sdfm1Regs

00006100     184 (00006100)     _SpiaRegs
00006110     184 (00006100)     _SpibRegs

000061c0     187 (000061c0)     _ClaPromCrc0Regs

00006400     190 (00006400)     _PmbusaRegs

00006600     198 (00006600)     _FsiTxaRegs

00006680     19a (00006680)     _FsiRxaRegs

00006a00     1a8 (00006a00)     _LinaRegs

00006b00     1ac (00006b00)     _LinbRegs

00007000     1c0 (00007000)     _WdRegs

00007060     1c1 (00007040)     _NmiIntruptRegs
00007070     1c1 (00007040)     _XintRegs

00007200     1c8 (00007200)     _SciaRegs
00007210     1c8 (00007200)     _ScibRegs

00007300     1cc (00007300)     _I2caRegs

00007400     1d0 (00007400)     _AdcaRegs

00007480     1d2 (00007480)     _AdcbRegs

00007500     1d4 (00007500)     _AdccRegs

00007900     1e4 (00007900)     _InputXbarRegs
00007920     1e4 (00007900)     _XbarRegs

00007940     1e5 (00007940)     _SyncSocRegs

00007980     1e6 (00007980)     _DmaClaSrcSelRegs

00007a00     1e8 (00007a00)     _EPwmXbarRegs

00007a80     1ea (00007a80)     _OutputXbarRegs

00007c00     1f0 (00007c00)     _GpioCtrlRegs

00007f00     1fc (00007f00)     _GpioDataRegs

0000a800     2a0 (0000a800)     __ctypes_

0000a96a     2a5 (0000a940)     _Vin_calibrate
0000a96c     2a5 (0000a940)     _Vout_calibrate
0000a96e     2a5 (0000a940)     _sweep_rate
0000a970     2a5 (0000a940)     _adc_a_module
0000a972     2a5 (0000a940)     _adc_b_module
0000a974     2a5 (0000a940)     _adc_c_module
0000a976     2a5 (0000a940)     _AdcResult
0000a97c     2a5 (0000a940)     _Adc_sweep_Result

0000a980     2a6 (0000a980)     _data_buff
0000a9bc     2a6 (0000a980)     _Example_PassCount
0000a9be     2a6 (0000a980)     _Example_Fail

0000a9c0     2a7 (0000a9c0)     _SCI_check
0000a9c1     2a7 (0000a9c0)     _SCI_Status
0000a9c2     2a7 (0000a9c0)     _buff_length
0000a9c3     2a7 (0000a9c0)     _EndChar
0000a9c4     2a7 (0000a9c0)     _sendChar
0000a9c5     2a7 (0000a9c0)     _receivedChar
0000a9c6     2a7 (0000a9c0)     _errorCount
0000a9c8     2a7 (0000a9c0)     _ramp_flag
0000a9ca     2a7 (0000a9c0)     _Duty
0000a9cc     2a7 (0000a9c0)     _ramp_value
0000a9ce     2a7 (0000a9c0)     _Vin
0000a9d0     2a7 (0000a9c0)     _Vin_temp
0000a9d2     2a7 (0000a9c0)     _Vout
0000a9d4     2a7 (0000a9c0)     _Vout_temp
0000a9d6     2a7 (0000a9c0)     _KnobPrd
0000a9d8     2a7 (0000a9c0)     _fs_mod
0000a9da     2a7 (0000a9c0)     _fs
0000a9dc     2a7 (0000a9c0)     _msg
0000a9de     2a7 (0000a9c0)     ___TI_enable_exit_profile_output
0000a9e0     2a7 (0000a9c0)     ___TI_cleanup_ptr
0000a9e2     2a7 (0000a9c0)     ___TI_dtors_ptr
0000a9e4     2a7 (0000a9c0)     _PWM_MOD
0000a9e6     2a7 (0000a9c0)     __lock
0000a9e8     2a7 (0000a9c0)     __unlock
0000a9ea     2a7 (0000a9c0)     _cpuTimer0IntCount
0000a9eb     2a7 (0000a9c0)     _errno

00048000    1200 (00048000)     _CanaRegs

0004a000    1280 (0004a000)     _CanbRegs

0005d000    1740 (0005d000)     _DevCfgRegs

0005d200    1748 (0005d200)     _ClkCfgRegs

0005d300    174c (0005d300)     _CpuSysRegs

0005d500    1754 (0005d500)     _SysPeriphAcRegs

0005d700    175c (0005d700)     _AnalogSubsysRegs

0005e700    179c (0005e700)     _Dcc0Regs

0005e800    17a0 (0005e800)     _EradGlobalRegs

0005e900    17a4 (0005e900)     _EradHWBP1Regs
0005e908    17a4 (0005e900)     _EradHWBP2Regs
0005e910    17a4 (0005e900)     _EradHWBP3Regs
0005e918    17a4 (0005e900)     _EradHWBP4Regs
0005e920    17a4 (0005e900)     _EradHWBP5Regs
0005e928    17a4 (0005e900)     _EradHWBP6Regs
0005e930    17a4 (0005e900)     _EradHWBP7Regs
0005e938    17a4 (0005e900)     _EradHWBP8Regs

0005e980    17a6 (0005e980)     _EradCounter1Regs
0005e990    17a6 (0005e980)     _EradCounter2Regs
0005e9a0    17a6 (0005e980)     _EradCounter3Regs
0005e9b0    17a6 (0005e980)     _EradCounter4Regs

0005f000    17c0 (0005f000)     _DcsmBank0Z1Regs

0005f040    17c1 (0005f040)     _DcsmBank0Z2Regs
0005f070    17c1 (0005f040)     _DcsmCommonRegs

0005f100    17c4 (0005f100)     _DcsmBank1Z1Regs

0005f140    17c5 (0005f140)     _DcsmBank1Z2Regs

0005f400    17d0 (0005f400)     _MemCfgRegs

0005f4c0    17d3 (0005f4c0)     _AccessProtectionRegs

0005f500    17d4 (0005f500)     _MemoryErrorRegs

0005f800    17e0 (0005f800)     _Flash0CtrlRegs

0005fb00    17ec (0005fb00)     _Flash0EccRegs


GLOBAL SYMBOLS: SORTED ALPHABETICALLY BY Name 

page  address   name                            
----  -------   ----                            
abs   ffffffff  .text                           
0     0000a08b  C$$EXIT                         
0     00009bb9  FD$$ADD                         
0     00008fd5  FD$$CMP                         
0     00009ceb  FD$$DIV                         
0     00009d76  FD$$MPY                         
0     0000a1bb  FD$$NEG                         
0     0000a1a1  FD$$SUB                         
0     00009fdd  FD$$TOI                         
0     000087e1  FD$$TOL                         
0     0000a113  FS$$TOFD                        
0     0000a0f6  I$$TOFD                         
0     0000a061  L$$DIV                          
0     0000a070  L$$MOD                          
0     0000a12f  L$$TOFD                         
0     0000a167  LL$$AND                         
0     0000a0d8  LL$$CMP                         
0     000086da  LL$$DIV                         
0     00008716  LL$$MOD                         
0     0000a16f  LL$$OR                          
0     0000a177  LL$$XOR                         
0     0000a07e  UL$$DIV                         
0     0000a085  UL$$MOD                         
0     0000a0ea  ULL$$CMP                        
0     00008750  ULL$$DIV                        
0     0000877f  ULL$$MOD                        
0     000094a9  _ADCA1_ISR                      
0     0000949f  _ADCA2_ISR                      
0     00009495  _ADCA3_ISR                      
0     0000948b  _ADCA4_ISR                      
0     00009481  _ADCA_EVT_ISR                   
0     00009477  _ADCB1_ISR                      
0     0000946d  _ADCB2_ISR                      
0     00009463  _ADCB3_ISR                      
0     00009459  _ADCB4_ISR                      
0     0000944f  _ADCB_EVT_ISR                   
0     00009445  _ADCC1_ISR                      
0     0000943b  _ADCC2_ISR                      
0     00009431  _ADCC3_ISR                      
0     00009427  _ADCC4_ISR                      
0     0000941d  _ADCC_EVT_ISR                   
1     0005f4c0  _AccessProtectionRegs           
1     0000a976  _AdcResult                      
0     00009cbb  _Adc_A_Init                     
0     00009c88  _Adc_B_Init                     
0     00009c55  _Adc_C_Init                     
0     000095df  _Adc_Init                       
1     0000a97c  _Adc_sweep_Result               
1     00007400  _AdcaRegs                       
1     00000b00  _AdcaResultRegs                 
1     00007480  _AdcbRegs                       
1     00000b20  _AdcbResultRegs                 
1     00007500  _AdccRegs                       
1     00000b40  _AdccResultRegs                 
1     0005d700  _AnalogSubsysRegs               
0     00009413  _CANA0_ISR                      
0     00009409  _CANA1_ISR                      
0     000093ff  _CANB0_ISR                      
0     000093f5  _CANB1_ISR                      
0     000093eb  _CLA1PROMCRC_ISR                
0     000093e1  _CLA1_1_ISR                     
0     000093d7  _CLA1_2_ISR                     
0     000093cd  _CLA1_3_ISR                     
0     000093c3  _CLA1_4_ISR                     
0     000093b9  _CLA1_5_ISR                     
0     000093af  _CLA1_6_ISR                     
0     000093a5  _CLA1_7_ISR                     
0     0000939b  _CLA1_8_ISR                     
0     00009391  _CLA_OVERFLOW_ISR               
0     00009387  _CLA_UNDERFLOW_ISR              
0     000097fa  _CPUTimer_setEmulationMode      
1     00048000  _CanaRegs                       
1     0004a000  _CanbRegs                       
1     00001400  _Cla1Regs                       
0     00000ce0  _Cla1SoftIntRegs                
1     000061c0  _ClaPromCrc0Regs                
1     0005d200  _ClkCfgRegs                     
1     00005c80  _Cmpss1Regs                     
1     00005ca0  _Cmpss2Regs                     
1     00005cc0  _Cmpss3Regs                     
1     00005ce0  _Cmpss4Regs                     
1     00005d00  _Cmpss5Regs                     
1     00005d20  _Cmpss6Regs                     
1     00005d40  _Cmpss7Regs                     
1     0005d300  _CpuSysRegs                     
1     00000c00  _CpuTimer0Regs                  
1     00000c08  _CpuTimer1Regs                  
1     00000c10  _CpuTimer2Regs                  
0     0000937d  _DATALOG_ISR                    
0     00009373  _DMA_CH1_ISR                    
0     00009369  _DMA_CH2_ISR                    
0     0000935f  _DMA_CH3_ISR                    
0     00009355  _DMA_CH4_ISR                    
0     0000934b  _DMA_CH5_ISR                    
0     00009341  _DMA_CH6_ISR                    
1     00005c00  _DacaRegs                       
1     00005c10  _DacbRegs                       
1     0005e700  _Dcc0Regs                       
1     0005f000  _DcsmBank0Z1Regs                
1     0005f040  _DcsmBank0Z2Regs                
1     0005f100  _DcsmBank1Z1Regs                
1     0005f140  _DcsmBank1Z2Regs                
1     0005f070  _DcsmCommonRegs                 
1     0005d000  _DevCfgRegs                     
0     00009813  _Device_enableAllPeripherals    
0     000098e5  _Device_init                    
0     00009803  _Device_initGPIO                
1     00007980  _DmaClaSrcSelRegs               
1     00001000  _DmaRegs                        
1     0000a9ca  _Duty                           
0     00009337  _ECAP1_ISR                      
0     0000932d  _ECAP2_ISR                      
0     00009323  _ECAP3_ISR                      
0     00009319  _ECAP4_ISR                      
0     0000930f  _ECAP5_ISR                      
0     00009305  _ECAP6_2_ISR                    
0     000092fb  _ECAP6_ISR                      
0     000092f1  _ECAP7_2_ISR                    
0     000092e7  _ECAP7_ISR                      
1     00005200  _ECap1Regs                      
1     00005240  _ECap2Regs                      
1     00005280  _ECap3Regs                      
1     000052c0  _ECap4Regs                      
1     00005300  _ECap5Regs                      
1     00005340  _ECap6Regs                      
1     00005380  _ECap7Regs                      
0     000092da  _EMPTY_ISR                      
0     000092d0  _EMU_ISR                        
0     000092c6  _EPWM1_ISR                      
0     000092bc  _EPWM1_TZ_ISR                   
0     000092b2  _EPWM2_ISR                      
0     000092a8  _EPWM2_TZ_ISR                   
0     0000929e  _EPWM3_ISR                      
0     00009294  _EPWM3_TZ_ISR                   
0     0000928a  _EPWM4_ISR                      
0     00009280  _EPWM4_TZ_ISR                   
0     00009276  _EPWM5_ISR                      
0     0000926c  _EPWM5_TZ_ISR                   
0     00009262  _EPWM6_ISR                      
0     00009258  _EPWM6_TZ_ISR                   
0     0000924e  _EPWM7_ISR                      
0     00009244  _EPWM7_TZ_ISR                   
0     0000923a  _EPWM8_ISR                      
0     00009230  _EPWM8_TZ_ISR                   
1     00004000  _EPwm1Regs                      
1     00004100  _EPwm2Regs                      
1     00004200  _EPwm3Regs                      
1     00004300  _EPwm4Regs                      
1     00004400  _EPwm5Regs                      
1     00004500  _EPwm6Regs                      
1     00004600  _EPwm7Regs                      
1     00004700  _EPwm8Regs                      
1     00007a00  _EPwmXbarRegs                   
0     00009226  _EQEP1_ISR                      
0     0000921c  _EQEP2_ISR                      
1     00005100  _EQep1Regs                      
1     00005140  _EQep2Regs                      
1     0000a9c3  _EndChar                        
0     00009a66  _Epwm_Init                      
1     0005e980  _EradCounter1Regs               
1     0005e990  _EradCounter2Regs               
1     0005e9a0  _EradCounter3Regs               
1     0005e9b0  _EradCounter4Regs               
1     0005e800  _EradGlobalRegs                 
1     0005e900  _EradHWBP1Regs                  
1     0005e908  _EradHWBP2Regs                  
1     0005e910  _EradHWBP3Regs                  
1     0005e918  _EradHWBP4Regs                  
1     0005e920  _EradHWBP5Regs                  
1     0005e928  _EradHWBP6Regs                  
1     0005e930  _EradHWBP7Regs                  
1     0005e938  _EradHWBP8Regs                  
1     0000a9be  _Example_Fail                   
1     0000a9bc  _Example_PassCount              
0     0000015d  _F28x_usDelay                   
0     00009212  _FLASH_CORRECTABLE_ERROR_ISR    
0     00009208  _FPU_OVERFLOW_ISR               
0     000091fe  _FPU_UNDERFLOW_ISR              
0     000091f4  _FSIRXA1_ISR                    
0     000091ea  _FSIRXA2_ISR                    
0     000091e0  _FSITXA1_ISR                    
0     000091d6  _FSITXA2_ISR                    
1     0005f800  _Flash0CtrlRegs                 
1     0005fb00  _Flash0EccRegs                  
0     00008f1d  _Freq_Mod                       
1     00006680  _FsiRxaRegs                     
1     00006600  _FsiTxaRegs                     
0     00009573  _GPIO_Init                      
0     00009a0f  _GPIO_setAnalogMode             
0     000099ef  _GPIO_setDirectionMode          
0     000099cd  _GPIO_setMasterCore             
0     0000998e  _GPIO_setPadConfig              
0     0000995e  _GPIO_setPinConfig              
0     0000993c  _GPIO_setQualificationMode      
1     00007c00  _GpioCtrlRegs                   
1     00007f00  _GpioDataRegs                   
0     000091cc  _I2CA_FIFO_ISR                  
0     000091c2  _I2CA_ISR                       
1     00007300  _I2caRegs                       
0     000091b8  _ILLEGAL_ISR                    
1     00007900  _InputXbarRegs                  
0     000095e6  _Interrupt_Init                 
0     00009754  _Interrupt_disable              
0     000096a6  _Interrupt_enable               
0     00009663  _Interrupt_initModule           
0     00009646  _Interrupt_initVectorTable      
1     0000a9d6  _KnobPrd                        
0     000091ae  _LINA_0_ISR                     
0     000091a4  _LINA_1_ISR                     
1     00006a00  _LinaRegs                       
1     00006b00  _LinbRegs                       
1     0005f400  _MemCfgRegs                     
1     0005f500  _MemoryErrorRegs                
0     0000919a  _NMI_ISR                        
0     00009190  _NOTUSED_ISR                    
1     00007060  _NmiIntruptRegs                 
1     00007a80  _OutputXbarRegs                 
0     00009186  _PIE_RESERVED_ISR               
0     0000917c  _PMBUSA_ISR                     
0     00009a5b  _PWM_DIS                        
0     00009a50  _PWM_EN                         
1     0000a9e4  _PWM_MOD                        
0     00009a30  _PWM_SET                        
1     00005b00  _Pga1Regs                       
1     00005b10  _Pga2Regs                       
1     00005b20  _Pga3Regs                       
1     00005b30  _Pga4Regs                       
1     00005b40  _Pga5Regs                       
1     00005b50  _Pga6Regs                       
1     00005b60  _Pga7Regs                       
1     00000ce0  _PieCtrlRegs                    
1     00000d00  _PieVectTable                   
1     00006400  _PmbusaRegs                     
0     00009172  _RAM_ACCESS_VIOLATION_ISR       
0     00009168  _RAM_CORRECTABLE_ERROR_ISR      
0     0000915e  _RTOS_ISR                       
0     0000961c  _Resonant_Init                  
0     00009154  _SCIA_RX_ISR                    
0     0000914a  _SCIA_TX_ISR                    
0     00009140  _SCIB_RX_ISR                    
0     00009136  _SCIB_TX_ISR                    
0     00009505  _SCI_Init                       
1     0000a9c1  _SCI_Status                     
1     0000a9c0  _SCI_check                      
0     00009eab  _SCI_clearInterruptStatus       
0     00009e8a  _SCI_setConfig                  
0     00009e68  _SCI_writeCharArray             
0     0000912c  _SD1DR1_ISR                     
0     00009122  _SD1DR2_ISR                     
0     00009118  _SD1DR3_ISR                     
0     0000910e  _SD1DR4_ISR                     
0     00009104  _SD1_ISR                        
0     000090fa  _SPIA_RX_ISR                    
0     000090f0  _SPIA_TX_ISR                    
0     000090e6  _SPIB_RX_ISR                    
0     000090dc  _SPIB_TX_ISR                    
0     000090d2  _SYS_PLL_SLIP_ISR               
1     00007200  _SciaRegs                       
1     00007210  _ScibRegs                       
1     00005e00  _Sdfm1Regs                      
1     00006100  _SpiaRegs                       
1     00006110  _SpibRegs                       
0     00008e0a  _Sweep_Routine                  
1     00007940  _SyncSocRegs                    
0     00000161  _SysCtl_delay                   
0     00000341  _SysCtl_getClock                
0     0000039c  _SysCtl_getDeviceParametric     
0     00000387  _SysCtl_getLowSpeedClock        
0     000001fd  _SysCtl_isPLLValid              
0     000001d0  _SysCtl_selectOscSource         
0     000001a5  _SysCtl_selectXTAL              
0     00000188  _SysCtl_selectXTALSingleEnded   
0     00000299  _SysCtl_setClock                
1     0005d500  _SysPeriphAcRegs                
0     000090c8  _TIMER0_ISR                     
0     000090be  _TIMER1_ISR                     
0     000090b4  _TIMER2_ISR                     
0     000094e3  _Timer_Init                     
0     000090aa  _USER10_ISR                     
0     000090a0  _USER11_ISR                     
0     00009096  _USER12_ISR                     
0     0000908c  _USER1_ISR                      
0     00009082  _USER2_ISR                      
0     00009078  _USER3_ISR                      
0     0000906e  _USER4_ISR                      
0     00009064  _USER5_ISR                      
0     0000905a  _USER6_ISR                      
0     00009050  _USER7_ISR                      
0     00009046  _USER8_ISR                      
0     0000903c  _USER9_ISR                      
1     0000a9ce  _Vin                            
1     0000a96a  _Vin_calibrate                  
1     0000a9d0  _Vin_temp                       
1     0000a9d2  _Vout                           
1     0000a96c  _Vout_calibrate                 
1     0000a9d4  _Vout_temp                      
0     00009032  _WAKE_ISR                       
1     00007000  _WdRegs                         
0     00009028  _XINT1_ISR                      
0     0000901e  _XINT2_ISR                      
0     00009014  _XINT3_ISR                      
0     0000900a  _XINT4_ISR                      
0     00009000  _XINT5_ISR                      
1     00007920  _XbarRegs                       
1     00007070  _XintRegs                       
1     00000600  __STACK_END                     
abs   00000200  __STACK_SIZE                    
1     0000a9e0  ___TI_cleanup_ptr               
1     0000a9e2  ___TI_dtors_ptr                 
1     0000a9de  ___TI_enable_exit_profile_output
0     0000a031  ___TI_ltoa                      
abs   ffffffff  ___TI_pprof_out_hndl            
0     00008c79  ___TI_printfi                   
abs   ffffffff  ___TI_prof_data_size            
abs   ffffffff  ___TI_prof_data_start           
abs   ffffffff  ___binit__                      
abs   ffffffff  ___c_args__                     
0     000000f5  ___cinit__                      
0     00009800  ___error__                      
abs   ffffffff  ___etext__                      
abs   ffffffff  ___pinit__                      
abs   ffffffff  ___text__                       
0     0000a17f  __args_main                     
1     0000a800  __ctypes_                       
1     0000a9e6  __lock                          
0     00008fff  __nop                           
1     00000400  __stack                         
0     00009ffe  __system_post_cinit             
0     000003fe  __system_pre_init               
1     0000a9e8  __unlock                        
0     0000a08b  _abort                          
1     0000a970  _adc_a_module                   
1     0000a972  _adc_b_module                   
1     0000a974  _adc_c_module                   
0     0000a000  _atoi                           
1     0000a9c2  _buff_length                    
0     00009f20  _c_int00                        
0     000094c8  _configCPUTimer                 
0     0000a0b4  _copy_in                        
0     000003d9  _copysignl                      
1     0000a9ea  _cpuTimer0IntCount              
1     0000a980  _data_buff                      
1     0000a9eb  _errno                          
1     0000a9c6  _errorCount                     
0     0000a08d  _exit                           
0     00009ec7  _floor                          
0     00009ec7  _floorf                         
0     000097a0  _frexpl                         
1     0000a9da  _fs                             
1     0000a9d8  _fs_mod                         
0     000094b3  _initCPUTimers                  
0     00009b08  _ldexpl                         
0     00009df9  _main                           
0     0000a191  _memccpy                        
0     0000a14b  _memcpy                         
0     0000a1d5  _memset                         
1     0000a9dc  _msg                            
1     0000a9c8  _ramp_flag                      
1     0000a9cc  _ramp_value                     
1     0000a9c5  _receivedChar                   
0     00009f76  _round                          
0     00009f76  _roundf                         
0     00009b08  _scalbnl                        
1     0000a9c4  _sendChar                       
0     00009fab  _sprintf                        
0     0000a1af  _strchr                         
0     0000a1dc  _strcpy                         
0     0000a1cd  _strlen                         
1     0000a96e  _sweep_rate                     
0     0000a1c4  _wcslen                         
abs   ffffffff  binit                           
0     000000f5  cinit                           
0     00000000  code_start                      
abs   ffffffff  etext                           
abs   ffffffff  pinit                           


GLOBAL SYMBOLS: SORTED BY Symbol Address 

page  address   name                            
----  -------   ----                            
0     00000000  code_start                      
0     000000f5  ___cinit__                      
0     000000f5  cinit                           
0     0000015d  _F28x_usDelay                   
0     00000161  _SysCtl_delay                   
0     00000188  _SysCtl_selectXTALSingleEnded   
0     000001a5  _SysCtl_selectXTAL              
0     000001d0  _SysCtl_selectOscSource         
0     000001fd  _SysCtl_isPLLValid              
0     00000299  _SysCtl_setClock                
0     00000341  _SysCtl_getClock                
0     00000387  _SysCtl_getLowSpeedClock        
0     0000039c  _SysCtl_getDeviceParametric     
0     000003d9  _copysignl                      
0     000003fe  __system_pre_init               
0     00000ce0  _Cla1SoftIntRegs                
0     000086da  LL$$DIV                         
0     00008716  LL$$MOD                         
0     00008750  ULL$$DIV                        
0     0000877f  ULL$$MOD                        
0     000087e1  FD$$TOL                         
0     00008c79  ___TI_printfi                   
0     00008e0a  _Sweep_Routine                  
0     00008f1d  _Freq_Mod                       
0     00008fd5  FD$$CMP                         
0     00008fff  __nop                           
0     00009000  _XINT5_ISR                      
0     0000900a  _XINT4_ISR                      
0     00009014  _XINT3_ISR                      
0     0000901e  _XINT2_ISR                      
0     00009028  _XINT1_ISR                      
0     00009032  _WAKE_ISR                       
0     0000903c  _USER9_ISR                      
0     00009046  _USER8_ISR                      
0     00009050  _USER7_ISR                      
0     0000905a  _USER6_ISR                      
0     00009064  _USER5_ISR                      
0     0000906e  _USER4_ISR                      
0     00009078  _USER3_ISR                      
0     00009082  _USER2_ISR                      
0     0000908c  _USER1_ISR                      
0     00009096  _USER12_ISR                     
0     000090a0  _USER11_ISR                     
0     000090aa  _USER10_ISR                     
0     000090b4  _TIMER2_ISR                     
0     000090be  _TIMER1_ISR                     
0     000090c8  _TIMER0_ISR                     
0     000090d2  _SYS_PLL_SLIP_ISR               
0     000090dc  _SPIB_TX_ISR                    
0     000090e6  _SPIB_RX_ISR                    
0     000090f0  _SPIA_TX_ISR                    
0     000090fa  _SPIA_RX_ISR                    
0     00009104  _SD1_ISR                        
0     0000910e  _SD1DR4_ISR                     
0     00009118  _SD1DR3_ISR                     
0     00009122  _SD1DR2_ISR                     
0     0000912c  _SD1DR1_ISR                     
0     00009136  _SCIB_TX_ISR                    
0     00009140  _SCIB_RX_ISR                    
0     0000914a  _SCIA_TX_ISR                    
0     00009154  _SCIA_RX_ISR                    
0     0000915e  _RTOS_ISR                       
0     00009168  _RAM_CORRECTABLE_ERROR_ISR      
0     00009172  _RAM_ACCESS_VIOLATION_ISR       
0     0000917c  _PMBUSA_ISR                     
0     00009186  _PIE_RESERVED_ISR               
0     00009190  _NOTUSED_ISR                    
0     0000919a  _NMI_ISR                        
0     000091a4  _LINA_1_ISR                     
0     000091ae  _LINA_0_ISR                     
0     000091b8  _ILLEGAL_ISR                    
0     000091c2  _I2CA_ISR                       
0     000091cc  _I2CA_FIFO_ISR                  
0     000091d6  _FSITXA2_ISR                    
0     000091e0  _FSITXA1_ISR                    
0     000091ea  _FSIRXA2_ISR                    
0     000091f4  _FSIRXA1_ISR                    
0     000091fe  _FPU_UNDERFLOW_ISR              
0     00009208  _FPU_OVERFLOW_ISR               
0     00009212  _FLASH_CORRECTABLE_ERROR_ISR    
0     0000921c  _EQEP2_ISR                      
0     00009226  _EQEP1_ISR                      
0     00009230  _EPWM8_TZ_ISR                   
0     0000923a  _EPWM8_ISR                      
0     00009244  _EPWM7_TZ_ISR                   
0     0000924e  _EPWM7_ISR                      
0     00009258  _EPWM6_TZ_ISR                   
0     00009262  _EPWM6_ISR                      
0     0000926c  _EPWM5_TZ_ISR                   
0     00009276  _EPWM5_ISR                      
0     00009280  _EPWM4_TZ_ISR                   
0     0000928a  _EPWM4_ISR                      
0     00009294  _EPWM3_TZ_ISR                   
0     0000929e  _EPWM3_ISR                      
0     000092a8  _EPWM2_TZ_ISR                   
0     000092b2  _EPWM2_ISR                      
0     000092bc  _EPWM1_TZ_ISR                   
0     000092c6  _EPWM1_ISR                      
0     000092d0  _EMU_ISR                        
0     000092da  _EMPTY_ISR                      
0     000092e7  _ECAP7_ISR                      
0     000092f1  _ECAP7_2_ISR                    
0     000092fb  _ECAP6_ISR                      
0     00009305  _ECAP6_2_ISR                    
0     0000930f  _ECAP5_ISR                      
0     00009319  _ECAP4_ISR                      
0     00009323  _ECAP3_ISR                      
0     0000932d  _ECAP2_ISR                      
0     00009337  _ECAP1_ISR                      
0     00009341  _DMA_CH6_ISR                    
0     0000934b  _DMA_CH5_ISR                    
0     00009355  _DMA_CH4_ISR                    
0     0000935f  _DMA_CH3_ISR                    
0     00009369  _DMA_CH2_ISR                    
0     00009373  _DMA_CH1_ISR                    
0     0000937d  _DATALOG_ISR                    
0     00009387  _CLA_UNDERFLOW_ISR              
0     00009391  _CLA_OVERFLOW_ISR               
0     0000939b  _CLA1_8_ISR                     
0     000093a5  _CLA1_7_ISR                     
0     000093af  _CLA1_6_ISR                     
0     000093b9  _CLA1_5_ISR                     
0     000093c3  _CLA1_4_ISR                     
0     000093cd  _CLA1_3_ISR                     
0     000093d7  _CLA1_2_ISR                     
0     000093e1  _CLA1_1_ISR                     
0     000093eb  _CLA1PROMCRC_ISR                
0     000093f5  _CANB1_ISR                      
0     000093ff  _CANB0_ISR                      
0     00009409  _CANA1_ISR                      
0     00009413  _CANA0_ISR                      
0     0000941d  _ADCC_EVT_ISR                   
0     00009427  _ADCC4_ISR                      
0     00009431  _ADCC3_ISR                      
0     0000943b  _ADCC2_ISR                      
0     00009445  _ADCC1_ISR                      
0     0000944f  _ADCB_EVT_ISR                   
0     00009459  _ADCB4_ISR                      
0     00009463  _ADCB3_ISR                      
0     0000946d  _ADCB2_ISR                      
0     00009477  _ADCB1_ISR                      
0     00009481  _ADCA_EVT_ISR                   
0     0000948b  _ADCA4_ISR                      
0     00009495  _ADCA3_ISR                      
0     0000949f  _ADCA2_ISR                      
0     000094a9  _ADCA1_ISR                      
0     000094b3  _initCPUTimers                  
0     000094c8  _configCPUTimer                 
0     000094e3  _Timer_Init                     
0     00009505  _SCI_Init                       
0     00009573  _GPIO_Init                      
0     000095df  _Adc_Init                       
0     000095e6  _Interrupt_Init                 
0     0000961c  _Resonant_Init                  
0     00009646  _Interrupt_initVectorTable      
0     00009663  _Interrupt_initModule           
0     000096a6  _Interrupt_enable               
0     00009754  _Interrupt_disable              
0     000097a0  _frexpl                         
0     000097fa  _CPUTimer_setEmulationMode      
0     00009800  ___error__                      
0     00009803  _Device_initGPIO                
0     00009813  _Device_enableAllPeripherals    
0     000098e5  _Device_init                    
0     0000993c  _GPIO_setQualificationMode      
0     0000995e  _GPIO_setPinConfig              
0     0000998e  _GPIO_setPadConfig              
0     000099cd  _GPIO_setMasterCore             
0     000099ef  _GPIO_setDirectionMode          
0     00009a0f  _GPIO_setAnalogMode             
0     00009a30  _PWM_SET                        
0     00009a50  _PWM_EN                         
0     00009a5b  _PWM_DIS                        
0     00009a66  _Epwm_Init                      
0     00009b08  _ldexpl                         
0     00009b08  _scalbnl                        
0     00009bb9  FD$$ADD                         
0     00009c55  _Adc_C_Init                     
0     00009c88  _Adc_B_Init                     
0     00009cbb  _Adc_A_Init                     
0     00009ceb  FD$$DIV                         
0     00009d76  FD$$MPY                         
0     00009df9  _main                           
0     00009e68  _SCI_writeCharArray             
0     00009e8a  _SCI_setConfig                  
0     00009eab  _SCI_clearInterruptStatus       
0     00009ec7  _floor                          
0     00009ec7  _floorf                         
0     00009f20  _c_int00                        
0     00009f76  _round                          
0     00009f76  _roundf                         
0     00009fab  _sprintf                        
0     00009fdd  FD$$TOI                         
0     00009ffe  __system_post_cinit             
0     0000a000  _atoi                           
0     0000a031  ___TI_ltoa                      
0     0000a061  L$$DIV                          
0     0000a070  L$$MOD                          
0     0000a07e  UL$$DIV                         
0     0000a085  UL$$MOD                         
0     0000a08b  C$$EXIT                         
0     0000a08b  _abort                          
0     0000a08d  _exit                           
0     0000a0b4  _copy_in                        
0     0000a0d8  LL$$CMP                         
0     0000a0ea  ULL$$CMP                        
0     0000a0f6  I$$TOFD                         
0     0000a113  FS$$TOFD                        
0     0000a12f  L$$TOFD                         
0     0000a14b  _memcpy                         
0     0000a167  LL$$AND                         
0     0000a16f  LL$$OR                          
0     0000a177  LL$$XOR                         
0     0000a17f  __args_main                     
0     0000a191  _memccpy                        
0     0000a1a1  FD$$SUB                         
0     0000a1af  _strchr                         
0     0000a1bb  FD$$NEG                         
0     0000a1c4  _wcslen                         
0     0000a1cd  _strlen                         
0     0000a1d5  _memset                         
0     0000a1dc  _strcpy                         
1     00000400  __stack                         
1     00000600  __STACK_END                     
1     00000b00  _AdcaResultRegs                 
1     00000b20  _AdcbResultRegs                 
1     00000b40  _AdccResultRegs                 
1     00000c00  _CpuTimer0Regs                  
1     00000c08  _CpuTimer1Regs                  
1     00000c10  _CpuTimer2Regs                  
1     00000ce0  _PieCtrlRegs                    
1     00000d00  _PieVectTable                   
1     00001000  _DmaRegs                        
1     00001400  _Cla1Regs                       
1     00004000  _EPwm1Regs                      
1     00004100  _EPwm2Regs                      
1     00004200  _EPwm3Regs                      
1     00004300  _EPwm4Regs                      
1     00004400  _EPwm5Regs                      
1     00004500  _EPwm6Regs                      
1     00004600  _EPwm7Regs                      
1     00004700  _EPwm8Regs                      
1     00005100  _EQep1Regs                      
1     00005140  _EQep2Regs                      
1     00005200  _ECap1Regs                      
1     00005240  _ECap2Regs                      
1     00005280  _ECap3Regs                      
1     000052c0  _ECap4Regs                      
1     00005300  _ECap5Regs                      
1     00005340  _ECap6Regs                      
1     00005380  _ECap7Regs                      
1     00005b00  _Pga1Regs                       
1     00005b10  _Pga2Regs                       
1     00005b20  _Pga3Regs                       
1     00005b30  _Pga4Regs                       
1     00005b40  _Pga5Regs                       
1     00005b50  _Pga6Regs                       
1     00005b60  _Pga7Regs                       
1     00005c00  _DacaRegs                       
1     00005c10  _DacbRegs                       
1     00005c80  _Cmpss1Regs                     
1     00005ca0  _Cmpss2Regs                     
1     00005cc0  _Cmpss3Regs                     
1     00005ce0  _Cmpss4Regs                     
1     00005d00  _Cmpss5Regs                     
1     00005d20  _Cmpss6Regs                     
1     00005d40  _Cmpss7Regs                     
1     00005e00  _Sdfm1Regs                      
1     00006100  _SpiaRegs                       
1     00006110  _SpibRegs                       
1     000061c0  _ClaPromCrc0Regs                
1     00006400  _PmbusaRegs                     
1     00006600  _FsiTxaRegs                     
1     00006680  _FsiRxaRegs                     
1     00006a00  _LinaRegs                       
1     00006b00  _LinbRegs                       
1     00007000  _WdRegs                         
1     00007060  _NmiIntruptRegs                 
1     00007070  _XintRegs                       
1     00007200  _SciaRegs                       
1     00007210  _ScibRegs                       
1     00007300  _I2caRegs                       
1     00007400  _AdcaRegs                       
1     00007480  _AdcbRegs                       
1     00007500  _AdccRegs                       
1     00007900  _InputXbarRegs                  
1     00007920  _XbarRegs                       
1     00007940  _SyncSocRegs                    
1     00007980  _DmaClaSrcSelRegs               
1     00007a00  _EPwmXbarRegs                   
1     00007a80  _OutputXbarRegs                 
1     00007c00  _GpioCtrlRegs                   
1     00007f00  _GpioDataRegs                   
1     0000a800  __ctypes_                       
1     0000a96a  _Vin_calibrate                  
1     0000a96c  _Vout_calibrate                 
1     0000a96e  _sweep_rate                     
1     0000a970  _adc_a_module                   
1     0000a972  _adc_b_module                   
1     0000a974  _adc_c_module                   
1     0000a976  _AdcResult                      
1     0000a97c  _Adc_sweep_Result               
1     0000a980  _data_buff                      
1     0000a9bc  _Example_PassCount              
1     0000a9be  _Example_Fail                   
1     0000a9c0  _SCI_check                      
1     0000a9c1  _SCI_Status                     
1     0000a9c2  _buff_length                    
1     0000a9c3  _EndChar                        
1     0000a9c4  _sendChar                       
1     0000a9c5  _receivedChar                   
1     0000a9c6  _errorCount                     
1     0000a9c8  _ramp_flag                      
1     0000a9ca  _Duty                           
1     0000a9cc  _ramp_value                     
1     0000a9ce  _Vin                            
1     0000a9d0  _Vin_temp                       
1     0000a9d2  _Vout                           
1     0000a9d4  _Vout_temp                      
1     0000a9d6  _KnobPrd                        
1     0000a9d8  _fs_mod                         
1     0000a9da  _fs                             
1     0000a9dc  _msg                            
1     0000a9de  ___TI_enable_exit_profile_output
1     0000a9e0  ___TI_cleanup_ptr               
1     0000a9e2  ___TI_dtors_ptr                 
1     0000a9e4  _PWM_MOD                        
1     0000a9e6  __lock                          
1     0000a9e8  __unlock                        
1     0000a9ea  _cpuTimer0IntCount              
1     0000a9eb  _errno                          
1     00048000  _CanaRegs                       
1     0004a000  _CanbRegs                       
1     0005d000  _DevCfgRegs                     
1     0005d200  _ClkCfgRegs                     
1     0005d300  _CpuSysRegs                     
1     0005d500  _SysPeriphAcRegs                
1     0005d700  _AnalogSubsysRegs               
1     0005e700  _Dcc0Regs                       
1     0005e800  _EradGlobalRegs                 
1     0005e900  _EradHWBP1Regs                  
1     0005e908  _EradHWBP2Regs                  
1     0005e910  _EradHWBP3Regs                  
1     0005e918  _EradHWBP4Regs                  
1     0005e920  _EradHWBP5Regs                  
1     0005e928  _EradHWBP6Regs                  
1     0005e930  _EradHWBP7Regs                  
1     0005e938  _EradHWBP8Regs                  
1     0005e980  _EradCounter1Regs               
1     0005e990  _EradCounter2Regs               
1     0005e9a0  _EradCounter3Regs               
1     0005e9b0  _EradCounter4Regs               
1     0005f000  _DcsmBank0Z1Regs                
1     0005f040  _DcsmBank0Z2Regs                
1     0005f070  _DcsmCommonRegs                 
1     0005f100  _DcsmBank1Z1Regs                
1     0005f140  _DcsmBank1Z2Regs                
1     0005f400  _MemCfgRegs                     
1     0005f4c0  _AccessProtectionRegs           
1     0005f500  _MemoryErrorRegs                
1     0005f800  _Flash0CtrlRegs                 
1     0005fb00  _Flash0EccRegs                  
abs   00000200  __STACK_SIZE                    
abs   ffffffff  .text                           
abs   ffffffff  ___TI_pprof_out_hndl            
abs   ffffffff  ___TI_prof_data_size            
abs   ffffffff  ___TI_prof_data_start           
abs   ffffffff  ___binit__                      
abs   ffffffff  ___c_args__                     
abs   ffffffff  ___etext__                      
abs   ffffffff  ___pinit__                      
abs   ffffffff  ___text__                       
abs   ffffffff  binit                           
abs   ffffffff  etext                           
abs   ffffffff  pinit                           

[375 symbols]
