<?xml version="1.0" encoding="ISO-8859-1" ?>
<link_info>
   <banner>TMS320C2000 Linker PC v20.8.0.STS</banner>
   <copyright>Copyright (c) 1996-2018 Texas Instruments Incorporated</copyright>
   <link_time>0x5fc9f06a</link_time>
   <link_errors>0x0</link_errors>
   <output_file>Resonant_Demo.out</output_file>
   <entry_point>
      <name>_c_int00</name>
      <address>0x9f20</address>
   </entry_point>
   <input_file_list>
      <input_file id="fl-9">
         <path>.\</path>
         <kind>object</kind>
         <file>f28004x_globalvariabledefs.obj</file>
         <name>f28004x_globalvariabledefs.obj</name>
      </input_file>
      <input_file id="fl-10">
         <path>.\driverlib\</path>
         <kind>object</kind>
         <file>adc.obj</file>
         <name>adc.obj</name>
      </input_file>
      <input_file id="fl-11">
         <path>.\driverlib\</path>
         <kind>object</kind>
         <file>asysctl.obj</file>
         <name>asysctl.obj</name>
      </input_file>
      <input_file id="fl-12">
         <path>.\driverlib\</path>
         <kind>object</kind>
         <file>can.obj</file>
         <name>can.obj</name>
      </input_file>
      <input_file id="fl-13">
         <path>.\driverlib\</path>
         <kind>object</kind>
         <file>cla.obj</file>
         <name>cla.obj</name>
      </input_file>
      <input_file id="fl-14">
         <path>.\driverlib\</path>
         <kind>object</kind>
         <file>clapromcrc.obj</file>
         <name>clapromcrc.obj</name>
      </input_file>
      <input_file id="fl-15">
         <path>.\driverlib\</path>
         <kind>object</kind>
         <file>clb.obj</file>
         <name>clb.obj</name>
      </input_file>
      <input_file id="fl-16">
         <path>.\driverlib\</path>
         <kind>object</kind>
         <file>cmpss.obj</file>
         <name>cmpss.obj</name>
      </input_file>
      <input_file id="fl-17">
         <path>.\driverlib\</path>
         <kind>object</kind>
         <file>cputimer.obj</file>
         <name>cputimer.obj</name>
      </input_file>
      <input_file id="fl-18">
         <path>.\driverlib\</path>
         <kind>object</kind>
         <file>dac.obj</file>
         <name>dac.obj</name>
      </input_file>
      <input_file id="fl-19">
         <path>.\driverlib\</path>
         <kind>object</kind>
         <file>dcc.obj</file>
         <name>dcc.obj</name>
      </input_file>
      <input_file id="fl-1a">
         <path>.\driverlib\</path>
         <kind>object</kind>
         <file>dcsm.obj</file>
         <name>dcsm.obj</name>
      </input_file>
      <input_file id="fl-1b">
         <path>.\driverlib\</path>
         <kind>object</kind>
         <file>dma.obj</file>
         <name>dma.obj</name>
      </input_file>
      <input_file id="fl-1c">
         <path>.\driverlib\</path>
         <kind>object</kind>
         <file>ecap.obj</file>
         <name>ecap.obj</name>
      </input_file>
      <input_file id="fl-1d">
         <path>.\driverlib\</path>
         <kind>object</kind>
         <file>epwm.obj</file>
         <name>epwm.obj</name>
      </input_file>
      <input_file id="fl-1e">
         <path>.\driverlib\</path>
         <kind>object</kind>
         <file>eqep.obj</file>
         <name>eqep.obj</name>
      </input_file>
      <input_file id="fl-20">
         <path>.\driverlib\</path>
         <kind>object</kind>
         <file>fsi.obj</file>
         <name>fsi.obj</name>
      </input_file>
      <input_file id="fl-21">
         <path>.\driverlib\</path>
         <kind>object</kind>
         <file>gpio.obj</file>
         <name>gpio.obj</name>
      </input_file>
      <input_file id="fl-22">
         <path>.\driverlib\</path>
         <kind>object</kind>
         <file>hrcap.obj</file>
         <name>hrcap.obj</name>
      </input_file>
      <input_file id="fl-23">
         <path>.\driverlib\</path>
         <kind>object</kind>
         <file>hrpwm.obj</file>
         <name>hrpwm.obj</name>
      </input_file>
      <input_file id="fl-24">
         <path>.\driverlib\</path>
         <kind>object</kind>
         <file>i2c.obj</file>
         <name>i2c.obj</name>
      </input_file>
      <input_file id="fl-26">
         <path>.\driverlib\</path>
         <kind>object</kind>
         <file>lin.obj</file>
         <name>lin.obj</name>
      </input_file>
      <input_file id="fl-27">
         <path>.\driverlib\</path>
         <kind>object</kind>
         <file>memcfg.obj</file>
         <name>memcfg.obj</name>
      </input_file>
      <input_file id="fl-28">
         <path>.\driverlib\</path>
         <kind>object</kind>
         <file>pga.obj</file>
         <name>pga.obj</name>
      </input_file>
      <input_file id="fl-29">
         <path>.\driverlib\</path>
         <kind>object</kind>
         <file>pmbus.obj</file>
         <name>pmbus.obj</name>
      </input_file>
      <input_file id="fl-2a">
         <path>.\driverlib\</path>
         <kind>object</kind>
         <file>sci.obj</file>
         <name>sci.obj</name>
      </input_file>
      <input_file id="fl-2b">
         <path>.\driverlib\</path>
         <kind>object</kind>
         <file>sdfm.obj</file>
         <name>sdfm.obj</name>
      </input_file>
      <input_file id="fl-2c">
         <path>.\driverlib\</path>
         <kind>object</kind>
         <file>spi.obj</file>
         <name>spi.obj</name>
      </input_file>
      <input_file id="fl-2e">
         <path>.\driverlib\</path>
         <kind>object</kind>
         <file>version.obj</file>
         <name>version.obj</name>
      </input_file>
      <input_file id="fl-2f">
         <path>.\driverlib\</path>
         <kind>object</kind>
         <file>xbar.obj</file>
         <name>xbar.obj</name>
      </input_file>
      <input_file id="fl-4e">
         <path>C:\ti\ccs1011\ccs\tools\compiler\ti-cgt-c2000_20.8.0.STS\lib\</path>
         <kind>archive</kind>
         <file>rts2800_fpu32.lib</file>
         <name>sprintf.c.obj</name>
      </input_file>
      <input_file id="fl-4f">
         <path>C:\ti\ccs1011\ccs\tools\compiler\ti-cgt-c2000_20.8.0.STS\lib\</path>
         <kind>archive</kind>
         <file>rts2800_fpu32.lib</file>
         <name>s_roundf.c.obj</name>
      </input_file>
      <input_file id="fl-51">
         <path>C:\ti\ccs1011\ccs\tools\compiler\ti-cgt-c2000_20.8.0.STS\lib\</path>
         <kind>archive</kind>
         <file>rts2800_fpu32.lib</file>
         <name>cpy_tbl.c.obj</name>
      </input_file>
      <input_file id="fl-52">
         <path>C:\ti\ccs1011\ccs\tools\compiler\ti-cgt-c2000_20.8.0.STS\lib\</path>
         <kind>archive</kind>
         <file>rts2800_fpu32.lib</file>
         <name>memcpy.c.obj</name>
      </input_file>
      <input_file id="fl-53">
         <path>C:\ti\ccs1011\ccs\tools\compiler\ti-cgt-c2000_20.8.0.STS\lib\</path>
         <kind>archive</kind>
         <file>rts2800_fpu32.lib</file>
         <name>pre_init.c.obj</name>
      </input_file>
      <input_file id="fl-56">
         <path>C:\ti\ccs1011\ccs\tools\compiler\ti-cgt-c2000_20.8.0.STS\lib\</path>
         <kind>archive</kind>
         <file>rts2800_fpu32.lib</file>
         <name>_lock.c.obj</name>
      </input_file>
      <input_file id="fl-59">
         <path>C:\ti\ccs1011\ccs\tools\compiler\ti-cgt-c2000_20.8.0.STS\lib\</path>
         <kind>archive</kind>
         <file>rts2800_fpu32.lib</file>
         <name>s_floorf.c.obj</name>
      </input_file>
      <input_file id="fl-5a">
         <path>C:\ti\ccs1011\ccs\tools\compiler\ti-cgt-c2000_20.8.0.STS\lib\</path>
         <kind>archive</kind>
         <file>rts2800_fpu32.lib</file>
         <name>wcslen.c.obj</name>
      </input_file>
      <input_file id="fl-5b">
         <path>C:\ti\ccs1011\ccs\tools\compiler\ti-cgt-c2000_20.8.0.STS\lib\</path>
         <kind>archive</kind>
         <file>rts2800_fpu32.lib</file>
         <name>s_frexp.c.obj</name>
      </input_file>
      <input_file id="fl-5c">
         <path>C:\ti\ccs1011\ccs\tools\compiler\ti-cgt-c2000_20.8.0.STS\lib\</path>
         <kind>archive</kind>
         <file>rts2800_fpu32.lib</file>
         <name>s_scalbn.c.obj</name>
      </input_file>
      <input_file id="fl-5d">
         <path>C:\ti\ccs1011\ccs\tools\compiler\ti-cgt-c2000_20.8.0.STS\lib\</path>
         <kind>archive</kind>
         <file>rts2800_fpu32.lib</file>
         <name>s_copysign.c.obj</name>
      </input_file>
      <input_file id="fl-6c">
         <path>C:\ti\ccs1011\ccs\tools\compiler\ti-cgt-c2000_20.8.0.STS\lib\</path>
         <kind>archive</kind>
         <file>rts2800_fpu32.lib</file>
         <name>_ltoa.c.obj</name>
      </input_file>
      <input_file id="fl-6d">
         <path>C:\ti\ccs1011\ccs\tools\compiler\ti-cgt-c2000_20.8.0.STS\lib\</path>
         <kind>archive</kind>
         <file>rts2800_fpu32.lib</file>
         <name>atoi.c.obj</name>
      </input_file>
      <input_file id="fl-6e">
         <path>C:\ti\ccs1011\ccs\tools\compiler\ti-cgt-c2000_20.8.0.STS\lib\</path>
         <kind>archive</kind>
         <file>rts2800_fpu32.lib</file>
         <name>ctype.c.obj</name>
      </input_file>
      <input_file id="fl-6f">
         <path>C:\ti\ccs1011\ccs\tools\compiler\ti-cgt-c2000_20.8.0.STS\lib\</path>
         <kind>archive</kind>
         <file>rts2800_fpu32.lib</file>
         <name>memccpy.c.obj</name>
      </input_file>
      <input_file id="fl-70">
         <path>C:\ti\ccs1011\ccs\tools\compiler\ti-cgt-c2000_20.8.0.STS\lib\</path>
         <kind>archive</kind>
         <file>rts2800_fpu32.lib</file>
         <name>memset.c.obj</name>
      </input_file>
      <input_file id="fl-71">
         <path>C:\ti\ccs1011\ccs\tools\compiler\ti-cgt-c2000_20.8.0.STS\lib\</path>
         <kind>archive</kind>
         <file>rts2800_fpu32.lib</file>
         <name>strchr.c.obj</name>
      </input_file>
      <input_file id="fl-72">
         <path>C:\ti\ccs1011\ccs\tools\compiler\ti-cgt-c2000_20.8.0.STS\lib\</path>
         <kind>archive</kind>
         <file>rts2800_fpu32.lib</file>
         <name>strcpy.c.obj</name>
      </input_file>
      <input_file id="fl-73">
         <path>C:\ti\ccs1011\ccs\tools\compiler\ti-cgt-c2000_20.8.0.STS\lib\</path>
         <kind>archive</kind>
         <file>rts2800_fpu32.lib</file>
         <name>strlen.c.obj</name>
      </input_file>
      <input_file id="fl-74">
         <path>C:\ti\ccs1011\ccs\tools\compiler\ti-cgt-c2000_20.8.0.STS\lib\</path>
         <kind>archive</kind>
         <file>rts2800_fpu32.lib</file>
         <name>errno.c.obj</name>
      </input_file>
      <input_file id="fl-76">
         <path>C:\Users\rober\AppData\Local\Temp\</path>
         <kind>object</kind>
         <file>{D2FD8120-B27B-4E80-948F-505C86D79C87}</file>
         <name>{D2FD8120-B27B-4E80-948F-505C86D79C87}</name>
      </input_file>
      <input_file id="fl-2">
         <path>.\</path>
         <kind>object</kind>
         <file>ADC_Operation.obj</file>
         <name>ADC_Operation.obj</name>
      </input_file>
      <input_file id="fl-3">
         <path>.\</path>
         <kind>object</kind>
         <file>Init_Resonant.obj</file>
         <name>Init_Resonant.obj</name>
      </input_file>
      <input_file id="fl-4">
         <path>.\</path>
         <kind>object</kind>
         <file>Main_Resonant.obj</file>
         <name>Main_Resonant.obj</name>
      </input_file>
      <input_file id="fl-5">
         <path>.\</path>
         <kind>object</kind>
         <file>PWM_Operation.obj</file>
         <name>PWM_Operation.obj</name>
      </input_file>
      <input_file id="fl-6">
         <path>.\</path>
         <kind>object</kind>
         <file>f28004x_adc.obj</file>
         <name>f28004x_adc.obj</name>
      </input_file>
      <input_file id="fl-7">
         <path>.\</path>
         <kind>object</kind>
         <file>f28004x_codestartbranch.obj</file>
         <name>f28004x_codestartbranch.obj</name>
      </input_file>
      <input_file id="fl-8">
         <path>.\</path>
         <kind>object</kind>
         <file>f28004x_defaultisr.obj</file>
         <name>f28004x_defaultisr.obj</name>
      </input_file>
      <input_file id="fl-a">
         <path>.\</path>
         <kind>object</kind>
         <file>f28004x_gpio.obj</file>
         <name>f28004x_gpio.obj</name>
      </input_file>
      <input_file id="fl-b">
         <path>.\</path>
         <kind>object</kind>
         <file>f28004x_piectrl.obj</file>
         <name>f28004x_piectrl.obj</name>
      </input_file>
      <input_file id="fl-c">
         <path>.\</path>
         <kind>object</kind>
         <file>f28004x_pievect.obj</file>
         <name>f28004x_pievect.obj</name>
      </input_file>
      <input_file id="fl-d">
         <path>.\</path>
         <kind>object</kind>
         <file>f28004x_sysctrl.obj</file>
         <name>f28004x_sysctrl.obj</name>
      </input_file>
      <input_file id="fl-e">
         <path>.\</path>
         <kind>object</kind>
         <file>f28004x_usdelay.obj</file>
         <name>f28004x_usdelay.obj</name>
      </input_file>
      <input_file id="fl-f">
         <path>.\device\</path>
         <kind>object</kind>
         <file>device.obj</file>
         <name>device.obj</name>
      </input_file>
      <input_file id="fl-1f">
         <path>.\driverlib\</path>
         <kind>object</kind>
         <file>flash.obj</file>
         <name>flash.obj</name>
      </input_file>
      <input_file id="fl-25">
         <path>.\driverlib\</path>
         <kind>object</kind>
         <file>interrupt.obj</file>
         <name>interrupt.obj</name>
      </input_file>
      <input_file id="fl-2d">
         <path>.\driverlib\</path>
         <kind>object</kind>
         <file>sysctl.obj</file>
         <name>sysctl.obj</name>
      </input_file>
      <input_file id="fl-39">
         <kind>object</kind>
         <file>&lt;internal&gt;</file>
         <name>&lt;internal&gt;</name>
      </input_file>
      <input_file id="fl-50">
         <path>C:\ti\ccs1011\ccs\tools\compiler\ti-cgt-c2000_20.8.0.STS\lib\</path>
         <kind>archive</kind>
         <file>rts2800_fpu32.lib</file>
         <name>boot28.asm.obj</name>
      </input_file>
      <input_file id="fl-54">
         <path>C:\ti\ccs1011\ccs\tools\compiler\ti-cgt-c2000_20.8.0.STS\lib\</path>
         <kind>archive</kind>
         <file>rts2800_fpu32.lib</file>
         <name>startup.c.obj</name>
      </input_file>
      <input_file id="fl-55">
         <path>C:\ti\ccs1011\ccs\tools\compiler\ti-cgt-c2000_20.8.0.STS\lib\</path>
         <kind>archive</kind>
         <file>rts2800_fpu32.lib</file>
         <name>exit.c.obj</name>
      </input_file>
      <input_file id="fl-57">
         <path>C:\ti\ccs1011\ccs\tools\compiler\ti-cgt-c2000_20.8.0.STS\lib\</path>
         <kind>archive</kind>
         <file>rts2800_fpu32.lib</file>
         <name>args_main.c.obj</name>
      </input_file>
      <input_file id="fl-58">
         <path>C:\ti\ccs1011\ccs\tools\compiler\ti-cgt-c2000_20.8.0.STS\lib\</path>
         <kind>archive</kind>
         <file>rts2800_fpu32.lib</file>
         <name>_printfi.c.obj</name>
      </input_file>
      <input_file id="fl-5e">
         <path>C:\ti\ccs1011\ccs\tools\compiler\ti-cgt-c2000_20.8.0.STS\lib\</path>
         <kind>archive</kind>
         <file>rts2800_fpu32.lib</file>
         <name>fd_add28.asm.obj</name>
      </input_file>
      <input_file id="fl-5f">
         <path>C:\ti\ccs1011\ccs\tools\compiler\ti-cgt-c2000_20.8.0.STS\lib\</path>
         <kind>archive</kind>
         <file>rts2800_fpu32.lib</file>
         <name>fd_cmp28.asm.obj</name>
      </input_file>
      <input_file id="fl-60">
         <path>C:\ti\ccs1011\ccs\tools\compiler\ti-cgt-c2000_20.8.0.STS\lib\</path>
         <kind>archive</kind>
         <file>rts2800_fpu32.lib</file>
         <name>fd_mpy28.asm.obj</name>
      </input_file>
      <input_file id="fl-61">
         <path>C:\ti\ccs1011\ccs\tools\compiler\ti-cgt-c2000_20.8.0.STS\lib\</path>
         <kind>archive</kind>
         <file>rts2800_fpu32.lib</file>
         <name>fd_neg28.asm.obj</name>
      </input_file>
      <input_file id="fl-62">
         <path>C:\ti\ccs1011\ccs\tools\compiler\ti-cgt-c2000_20.8.0.STS\lib\</path>
         <kind>archive</kind>
         <file>rts2800_fpu32.lib</file>
         <name>fd_sub28.asm.obj</name>
      </input_file>
      <input_file id="fl-63">
         <path>C:\ti\ccs1011\ccs\tools\compiler\ti-cgt-c2000_20.8.0.STS\lib\</path>
         <kind>archive</kind>
         <file>rts2800_fpu32.lib</file>
         <name>fd_toi28.asm.obj</name>
      </input_file>
      <input_file id="fl-64">
         <path>C:\ti\ccs1011\ccs\tools\compiler\ti-cgt-c2000_20.8.0.STS\lib\</path>
         <kind>archive</kind>
         <file>rts2800_fpu32.lib</file>
         <name>fd_tol28.asm.obj</name>
      </input_file>
      <input_file id="fl-65">
         <path>C:\ti\ccs1011\ccs\tools\compiler\ti-cgt-c2000_20.8.0.STS\lib\</path>
         <kind>archive</kind>
         <file>rts2800_fpu32.lib</file>
         <name>ll_aox28.asm.obj</name>
      </input_file>
      <input_file id="fl-66">
         <path>C:\ti\ccs1011\ccs\tools\compiler\ti-cgt-c2000_20.8.0.STS\lib\</path>
         <kind>archive</kind>
         <file>rts2800_fpu32.lib</file>
         <name>ll_cmp28.asm.obj</name>
      </input_file>
      <input_file id="fl-67">
         <path>C:\ti\ccs1011\ccs\tools\compiler\ti-cgt-c2000_20.8.0.STS\lib\</path>
         <kind>archive</kind>
         <file>rts2800_fpu32.lib</file>
         <name>ll_div28.asm.obj</name>
      </input_file>
      <input_file id="fl-68">
         <path>C:\ti\ccs1011\ccs\tools\compiler\ti-cgt-c2000_20.8.0.STS\lib\</path>
         <kind>archive</kind>
         <file>rts2800_fpu32.lib</file>
         <name>i_tofd28.asm.obj</name>
      </input_file>
      <input_file id="fl-69">
         <path>C:\ti\ccs1011\ccs\tools\compiler\ti-cgt-c2000_20.8.0.STS\lib\</path>
         <kind>archive</kind>
         <file>rts2800_fpu32.lib</file>
         <name>l_tofd28.asm.obj</name>
      </input_file>
      <input_file id="fl-6a">
         <path>C:\ti\ccs1011\ccs\tools\compiler\ti-cgt-c2000_20.8.0.STS\lib\</path>
         <kind>archive</kind>
         <file>rts2800_fpu32.lib</file>
         <name>fs_tofdfpu32.asm.obj</name>
      </input_file>
      <input_file id="fl-6b">
         <path>C:\ti\ccs1011\ccs\tools\compiler\ti-cgt-c2000_20.8.0.STS\lib\</path>
         <kind>archive</kind>
         <file>rts2800_fpu32.lib</file>
         <name>fd_div28.asm.obj</name>
      </input_file>
      <input_file id="fl-75">
         <path>C:\ti\ccs1011\ccs\tools\compiler\ti-cgt-c2000_20.8.0.STS\lib\</path>
         <kind>archive</kind>
         <file>rts2800_fpu32.lib</file>
         <name>l_div28.asm.obj</name>
      </input_file>
   </input_file_list>
   <object_component_list>
      <object_component id="oc-10d">
         <name>codestart</name>
         <load_address>0x0</load_address>
         <run_address>0x0</run_address>
         <size>0x2</size>
         <input_file_ref idref="fl-7"/>
      </object_component>
      <object_component id="oc-12c">
         <name>.TI.ramfunc</name>
         <load_address>0x15d</load_address>
         <run_address>0x15d</run_address>
         <size>0x4</size>
         <input_file_ref idref="fl-e"/>
      </object_component>
      <object_component id="oc-143">
         <name>.TI.ramfunc</name>
         <load_address>0x161</load_address>
         <run_address>0x161</run_address>
         <size>0x4</size>
         <input_file_ref idref="fl-2d"/>
      </object_component>
      <object_component id="oc-1d8">
         <name>.text</name>
         <load_address>0x166</load_address>
         <run_address>0x166</run_address>
         <size>0x273</size>
         <input_file_ref idref="fl-2d"/>
      </object_component>
      <object_component id="oc-1d9">
         <name>.text</name>
         <load_address>0x3d9</load_address>
         <run_address>0x3d9</run_address>
         <size>0x25</size>
         <input_file_ref idref="fl-5d"/>
      </object_component>
      <object_component id="oc-1b1">
         <name>.text</name>
         <load_address>0x3fe</load_address>
         <run_address>0x3fe</run_address>
         <size>0x2</size>
         <input_file_ref idref="fl-53"/>
      </object_component>
      <object_component id="oc-1cb">
         <name>.text</name>
         <load_address>0x8000</load_address>
         <run_address>0x8000</run_address>
         <size>0x6da</size>
         <input_file_ref idref="fl-58"/>
      </object_component>
      <object_component id="oc-193">
         <name>.text</name>
         <load_address>0x86da</load_address>
         <run_address>0x86da</run_address>
         <size>0x107</size>
         <input_file_ref idref="fl-67"/>
      </object_component>
      <object_component id="oc-184">
         <name>.text</name>
         <load_address>0x87e1</load_address>
         <run_address>0x87e1</run_address>
         <size>0x1f</size>
         <input_file_ref idref="fl-64"/>
      </object_component>
      <object_component id="oc-1c2">
         <name>.text:__TI_printfi</name>
         <load_address>0x8800</load_address>
         <run_address>0x8800</run_address>
         <size>0x60a</size>
         <input_file_ref idref="fl-58"/>
      </object_component>
      <object_component id="oc-fb">
         <name>.text:retain</name>
         <load_address>0x8e0a</load_address>
         <run_address>0x8e0a</run_address>
         <size>0x1cb</size>
         <input_file_ref idref="fl-4"/>
      </object_component>
      <object_component id="oc-16b">
         <name>.text</name>
         <load_address>0x8fd5</load_address>
         <run_address>0x8fd5</run_address>
         <size>0x2a</size>
         <input_file_ref idref="fl-5f"/>
      </object_component>
      <object_component id="oc-1c5">
         <name>.text</name>
         <load_address>0x8fff</load_address>
         <run_address>0x8fff</run_address>
         <size>0x1</size>
         <input_file_ref idref="fl-56"/>
      </object_component>
      <object_component id="oc-113">
         <name>.text:retain</name>
         <load_address>0x9000</load_address>
         <run_address>0x9000</run_address>
         <size>0x4b3</size>
         <input_file_ref idref="fl-8"/>
      </object_component>
      <object_component id="oc-1c4">
         <name>.text</name>
         <load_address>0x94b3</load_address>
         <run_address>0x94b3</run_address>
         <size>0x191</size>
         <input_file_ref idref="fl-3"/>
      </object_component>
      <object_component id="oc-1cf">
         <name>.text</name>
         <load_address>0x9644</load_address>
         <run_address>0x9644</run_address>
         <size>0x15c</size>
         <input_file_ref idref="fl-25"/>
      </object_component>
      <object_component id="oc-1d5">
         <name>.text</name>
         <load_address>0x97a0</load_address>
         <run_address>0x97a0</run_address>
         <size>0x5a</size>
         <input_file_ref idref="fl-5b"/>
      </object_component>
      <object_component id="oc-1ce">
         <name>.text</name>
         <load_address>0x97fa</load_address>
         <run_address>0x97fa</run_address>
         <size>0x6</size>
         <input_file_ref idref="fl-17"/>
      </object_component>
      <object_component id="oc-1d1">
         <name>.text</name>
         <load_address>0x9800</load_address>
         <run_address>0x9800</run_address>
         <size>0x13c</size>
         <input_file_ref idref="fl-f"/>
      </object_component>
      <object_component id="oc-1c3">
         <name>.text</name>
         <load_address>0x993c</load_address>
         <run_address>0x993c</run_address>
         <size>0xf4</size>
         <input_file_ref idref="fl-21"/>
      </object_component>
      <object_component id="oc-1bc">
         <name>.text</name>
         <load_address>0x9a30</load_address>
         <run_address>0x9a30</run_address>
         <size>0xd8</size>
         <input_file_ref idref="fl-5"/>
      </object_component>
      <object_component id="oc-1d6">
         <name>.text</name>
         <load_address>0x9b08</load_address>
         <run_address>0x9b08</run_address>
         <size>0xb1</size>
         <input_file_ref idref="fl-5c"/>
      </object_component>
      <object_component id="oc-166">
         <name>.text</name>
         <load_address>0x9bb9</load_address>
         <run_address>0x9bb9</run_address>
         <size>0x9c</size>
         <input_file_ref idref="fl-5e"/>
      </object_component>
      <object_component id="oc-1d0">
         <name>.text</name>
         <load_address>0x9c55</load_address>
         <run_address>0x9c55</run_address>
         <size>0x96</size>
         <input_file_ref idref="fl-2"/>
      </object_component>
      <object_component id="oc-1a7">
         <name>.text</name>
         <load_address>0x9ceb</load_address>
         <run_address>0x9ceb</run_address>
         <size>0x8b</size>
         <input_file_ref idref="fl-6b"/>
      </object_component>
      <object_component id="oc-170">
         <name>.text</name>
         <load_address>0x9d76</load_address>
         <run_address>0x9d76</run_address>
         <size>0x83</size>
         <input_file_ref idref="fl-60"/>
      </object_component>
      <object_component id="oc-1be">
         <name>.text</name>
         <load_address>0x9df9</load_address>
         <run_address>0x9df9</run_address>
         <size>0x69</size>
         <input_file_ref idref="fl-4"/>
      </object_component>
      <object_component id="oc-1b7">
         <name>.text</name>
         <load_address>0x9e62</load_address>
         <run_address>0x9e62</run_address>
         <size>0x65</size>
         <input_file_ref idref="fl-2a"/>
      </object_component>
      <object_component id="oc-1c1">
         <name>.text</name>
         <load_address>0x9ec7</load_address>
         <run_address>0x9ec7</run_address>
         <size>0x59</size>
         <input_file_ref idref="fl-59"/>
      </object_component>
      <object_component id="oc-7c">
         <name>.text</name>
         <load_address>0x9f20</load_address>
         <run_address>0x9f20</run_address>
         <size>0x56</size>
         <input_file_ref idref="fl-50"/>
      </object_component>
      <object_component id="oc-1b9">
         <name>.text</name>
         <load_address>0x9f76</load_address>
         <run_address>0x9f76</run_address>
         <size>0x35</size>
         <input_file_ref idref="fl-4f"/>
      </object_component>
      <object_component id="oc-1ba">
         <name>.text</name>
         <load_address>0x9fab</load_address>
         <run_address>0x9fab</run_address>
         <size>0x32</size>
         <input_file_ref idref="fl-4e"/>
      </object_component>
      <object_component id="oc-17f">
         <name>.text</name>
         <load_address>0x9fdd</load_address>
         <run_address>0x9fdd</run_address>
         <size>0x21</size>
         <input_file_ref idref="fl-63"/>
      </object_component>
      <object_component id="oc-1b3">
         <name>.text</name>
         <load_address>0x9ffe</load_address>
         <run_address>0x9ffe</run_address>
         <size>0x1</size>
         <input_file_ref idref="fl-54"/>
      </object_component>
      <object_component id="oc-1c7">
         <name>.text</name>
         <load_address>0xa000</load_address>
         <run_address>0xa000</run_address>
         <size>0x31</size>
         <input_file_ref idref="fl-6d"/>
      </object_component>
      <object_component id="oc-1d4">
         <name>.text</name>
         <load_address>0xa031</load_address>
         <run_address>0xa031</run_address>
         <size>0x30</size>
         <input_file_ref idref="fl-6c"/>
      </object_component>
      <object_component id="oc-1ac">
         <name>.text</name>
         <load_address>0xa061</load_address>
         <run_address>0xa061</run_address>
         <size>0x2a</size>
         <input_file_ref idref="fl-75"/>
      </object_component>
      <object_component id="oc-1b5">
         <name>.text</name>
         <load_address>0xa08b</load_address>
         <run_address>0xa08b</run_address>
         <size>0x29</size>
         <input_file_ref idref="fl-55"/>
      </object_component>
      <object_component id="oc-1b2">
         <name>.text</name>
         <load_address>0xa0b4</load_address>
         <run_address>0xa0b4</run_address>
         <size>0x24</size>
         <input_file_ref idref="fl-51"/>
      </object_component>
      <object_component id="oc-18e">
         <name>.text</name>
         <load_address>0xa0d8</load_address>
         <run_address>0xa0d8</run_address>
         <size>0x1e</size>
         <input_file_ref idref="fl-66"/>
      </object_component>
      <object_component id="oc-198">
         <name>.text</name>
         <load_address>0xa0f6</load_address>
         <run_address>0xa0f6</run_address>
         <size>0x1d</size>
         <input_file_ref idref="fl-68"/>
      </object_component>
      <object_component id="oc-1a2">
         <name>.text</name>
         <load_address>0xa113</load_address>
         <run_address>0xa113</run_address>
         <size>0x1c</size>
         <input_file_ref idref="fl-6a"/>
      </object_component>
      <object_component id="oc-19d">
         <name>.text</name>
         <load_address>0xa12f</load_address>
         <run_address>0xa12f</run_address>
         <size>0x1c</size>
         <input_file_ref idref="fl-69"/>
      </object_component>
      <object_component id="oc-1bd">
         <name>.text</name>
         <load_address>0xa14b</load_address>
         <run_address>0xa14b</run_address>
         <size>0x1c</size>
         <input_file_ref idref="fl-52"/>
      </object_component>
      <object_component id="oc-189">
         <name>.text</name>
         <load_address>0xa167</load_address>
         <run_address>0xa167</run_address>
         <size>0x18</size>
         <input_file_ref idref="fl-65"/>
      </object_component>
      <object_component id="oc-1b4">
         <name>.text</name>
         <load_address>0xa17f</load_address>
         <run_address>0xa17f</run_address>
         <size>0x12</size>
         <input_file_ref idref="fl-57"/>
      </object_component>
      <object_component id="oc-1cc">
         <name>.text</name>
         <load_address>0xa191</load_address>
         <run_address>0xa191</run_address>
         <size>0x10</size>
         <input_file_ref idref="fl-6f"/>
      </object_component>
      <object_component id="oc-17a">
         <name>.text</name>
         <load_address>0xa1a1</load_address>
         <run_address>0xa1a1</run_address>
         <size>0xe</size>
         <input_file_ref idref="fl-62"/>
      </object_component>
      <object_component id="oc-1d7">
         <name>.text</name>
         <load_address>0xa1af</load_address>
         <run_address>0xa1af</run_address>
         <size>0xc</size>
         <input_file_ref idref="fl-71"/>
      </object_component>
      <object_component id="oc-175">
         <name>.text</name>
         <load_address>0xa1bb</load_address>
         <run_address>0xa1bb</run_address>
         <size>0x9</size>
         <input_file_ref idref="fl-61"/>
      </object_component>
      <object_component id="oc-1cd">
         <name>.text</name>
         <load_address>0xa1c4</load_address>
         <run_address>0xa1c4</run_address>
         <size>0x9</size>
         <input_file_ref idref="fl-5a"/>
      </object_component>
      <object_component id="oc-1c8">
         <name>.text</name>
         <load_address>0xa1cd</load_address>
         <run_address>0xa1cd</run_address>
         <size>0x8</size>
         <input_file_ref idref="fl-73"/>
      </object_component>
      <object_component id="oc-1c9">
         <name>.text</name>
         <load_address>0xa1d5</load_address>
         <run_address>0xa1d5</run_address>
         <size>0x7</size>
         <input_file_ref idref="fl-70"/>
      </object_component>
      <object_component id="oc-1ca">
         <name>.text</name>
         <load_address>0xa1dc</load_address>
         <run_address>0xa1dc</run_address>
         <size>0x5</size>
         <input_file_ref idref="fl-72"/>
      </object_component>
      <object_component id="oc-f8">
         <name>.cinit</name>
         <load_address>0xf5</load_address>
         <run_address>0xf5</run_address>
         <size>0x2c</size>
         <input_file_ref idref="fl-4"/>
      </object_component>
      <object_component id="oc-eb">
         <name>.cinit</name>
         <load_address>0x121</load_address>
         <run_address>0x121</run_address>
         <size>0xf</size>
         <input_file_ref idref="fl-2"/>
      </object_component>
      <object_component id="oc-154">
         <name>.cinit</name>
         <load_address>0x130</load_address>
         <run_address>0x130</run_address>
         <size>0xe</size>
         <input_file_ref idref="fl-55"/>
      </object_component>
      <object_component id="oc-132">
         <name>.cinit</name>
         <load_address>0x13e</load_address>
         <run_address>0x13e</run_address>
         <size>0xa</size>
         <input_file_ref idref="fl-f"/>
      </object_component>
      <object_component id="oc-102">
         <name>.cinit</name>
         <load_address>0x148</load_address>
         <run_address>0x148</run_address>
         <size>0x5</size>
         <input_file_ref idref="fl-5"/>
      </object_component>
      <object_component id="oc-1c0">
         <name>.cinit:__lock</name>
         <load_address>0x14d</load_address>
         <run_address>0x14d</run_address>
         <size>0x5</size>
         <input_file_ref idref="fl-76"/>
      </object_component>
      <object_component id="oc-1c6">
         <name>.cinit:__unlock</name>
         <load_address>0x152</load_address>
         <run_address>0x152</run_address>
         <size>0x5</size>
         <input_file_ref idref="fl-76"/>
      </object_component>
      <object_component id="oc-7e">
         <name>.cinit</name>
         <load_address>0x157</load_address>
         <run_address>0x157</run_address>
         <size>0x4</size>
         <input_file_ref idref="fl-76"/>
      </object_component>
      <object_component id="oc-149">
         <name>.reset</name>
         <load_address>0x3fffc0</load_address>
         <run_address>0x3fffc0</run_address>
         <size>0x2</size>
         <input_file_ref idref="fl-50"/>
      </object_component>
      <object_component id="oc-148">
         <name>.stack</name>
         <uninitialized>true</uninitialized>
         <run_address>0x400</run_address>
         <size>0x0</size>
         <input_file_ref idref="fl-50"/>
      </object_component>
      <object_component id="oc-25d">
         <name>.stack</name>
         <uninitialized>true</uninitialized>
         <run_address>0x400</run_address>
         <size>0x0</size>
      </object_component>
      <object_component id="oc-ec">
         <name>.ebss</name>
         <uninitialized>true</uninitialized>
         <run_address>0xa970</run_address>
         <size>0x6</size>
         <input_file_ref idref="fl-2"/>
      </object_component>
      <object_component id="oc-f2">
         <name>.ebss</name>
         <uninitialized>true</uninitialized>
         <run_address>0xa9ea</run_address>
         <size>0x1</size>
         <input_file_ref idref="fl-3"/>
      </object_component>
      <object_component id="oc-f9">
         <name>.ebss</name>
         <uninitialized>true</uninitialized>
         <run_address>0xa9c0</run_address>
         <size>0x1e</size>
         <input_file_ref idref="fl-4"/>
      </object_component>
      <object_component id="oc-1b8">
         <name>.ebss:_Adc_sweep_Result</name>
         <uninitialized>true</uninitialized>
         <run_address>0xa97c</run_address>
         <size>0x4</size>
         <input_file_ref idref="fl-4"/>
      </object_component>
      <object_component id="oc-1bb">
         <name>.ebss:_AdcResult</name>
         <uninitialized>true</uninitialized>
         <run_address>0xa976</run_address>
         <size>0x6</size>
         <input_file_ref idref="fl-4"/>
      </object_component>
      <object_component id="oc-1b6">
         <name>.ebss:_data_buff</name>
         <uninitialized>true</uninitialized>
         <run_address>0xa980</run_address>
         <size>0x3c</size>
         <input_file_ref idref="fl-4"/>
      </object_component>
      <object_component id="oc-103">
         <name>.ebss</name>
         <uninitialized>true</uninitialized>
         <run_address>0xa9e4</run_address>
         <size>0x2</size>
         <input_file_ref idref="fl-5"/>
      </object_component>
      <object_component id="oc-133">
         <name>.ebss</name>
         <uninitialized>true</uninitialized>
         <run_address>0xa9bc</run_address>
         <size>0x4</size>
         <input_file_ref idref="fl-f"/>
      </object_component>
      <object_component id="oc-155">
         <name>.ebss</name>
         <uninitialized>true</uninitialized>
         <run_address>0xa9de</run_address>
         <size>0x6</size>
         <input_file_ref idref="fl-55"/>
      </object_component>
      <object_component id="oc-7f">
         <name>.ebss</name>
         <uninitialized>true</uninitialized>
         <run_address>0xa9eb</run_address>
         <size>0x1</size>
         <input_file_ref idref="fl-74"/>
      </object_component>
      <object_component id="oc-1bf">
         <name>.ebss:__lock</name>
         <uninitialized>true</uninitialized>
         <run_address>0xa9e6</run_address>
         <size>0x2</size>
         <input_file_ref idref="fl-56"/>
      </object_component>
      <object_component id="oc-1d2">
         <name>.ebss:__unlock</name>
         <uninitialized>true</uninitialized>
         <run_address>0xa9e8</run_address>
         <size>0x2</size>
         <input_file_ref idref="fl-56"/>
      </object_component>
      <object_component id="oc-1d3">
         <name>.econst:.string:__ctypes_</name>
         <load_address>0xa800</load_address>
         <run_address>0xa800</run_address>
         <size>0x101</size>
         <input_file_ref idref="fl-6e"/>
      </object_component>
      <object_component id="oc-161">
         <name>.econst:.string</name>
         <load_address>0xa902</load_address>
         <run_address>0xa902</run_address>
         <size>0x26</size>
         <input_file_ref idref="fl-58"/>
      </object_component>
      <object_component id="oc-160">
         <name>.econst</name>
         <load_address>0xa928</load_address>
         <run_address>0xa928</run_address>
         <size>0x1c</size>
         <input_file_ref idref="fl-58"/>
      </object_component>
      <object_component id="oc-fc">
         <name>.econst:.string</name>
         <load_address>0xa944</load_address>
         <run_address>0xa944</run_address>
         <size>0x16</size>
         <input_file_ref idref="fl-4"/>
      </object_component>
      <object_component id="oc-e5">
         <name>.econst</name>
         <load_address>0xa95a</load_address>
         <run_address>0xa95a</run_address>
         <size>0x10</size>
         <input_file_ref idref="fl-76"/>
      </object_component>
      <object_component id="oc-fa">
         <name>.econst</name>
         <load_address>0xa96a</load_address>
         <run_address>0xa96a</run_address>
         <size>0x6</size>
         <input_file_ref idref="fl-4"/>
      </object_component>
      <object_component id="oc-e2">
         <name>PieVectTableFile</name>
         <uninitialized>true</uninitialized>
         <run_address>0xd00</run_address>
         <size>0x1c0</size>
         <input_file_ref idref="fl-9"/>
      </object_component>
      <object_component id="oc-a3">
         <name>AdcaResultFile</name>
         <uninitialized>true</uninitialized>
         <run_address>0xb00</run_address>
         <size>0x18</size>
         <input_file_ref idref="fl-9"/>
      </object_component>
      <object_component id="oc-a4">
         <name>AdcbResultFile</name>
         <uninitialized>true</uninitialized>
         <run_address>0xb20</run_address>
         <size>0x18</size>
         <input_file_ref idref="fl-9"/>
      </object_component>
      <object_component id="oc-a5">
         <name>AdccResultFile</name>
         <uninitialized>true</uninitialized>
         <run_address>0xb40</run_address>
         <size>0x18</size>
         <input_file_ref idref="fl-9"/>
      </object_component>
      <object_component id="oc-cd">
         <name>AdcaRegsFile</name>
         <uninitialized>true</uninitialized>
         <run_address>0x7400</run_address>
         <size>0x76</size>
         <input_file_ref idref="fl-9"/>
      </object_component>
      <object_component id="oc-ce">
         <name>AdcbRegsFile</name>
         <uninitialized>true</uninitialized>
         <run_address>0x7480</run_address>
         <size>0x76</size>
         <input_file_ref idref="fl-9"/>
      </object_component>
      <object_component id="oc-cf">
         <name>AdccRegsFile</name>
         <uninitialized>true</uninitialized>
         <run_address>0x7500</run_address>
         <size>0x76</size>
         <input_file_ref idref="fl-9"/>
      </object_component>
      <object_component id="oc-d2">
         <name>AnalogSubsysRegsFile</name>
         <uninitialized>true</uninitialized>
         <run_address>0x5d700</run_address>
         <size>0x90</size>
         <input_file_ref idref="fl-9"/>
      </object_component>
      <object_component id="oc-df">
         <name>CanaRegsFile</name>
         <uninitialized>true</uninitialized>
         <run_address>0x48000</run_address>
         <size>0x164</size>
         <input_file_ref idref="fl-9"/>
      </object_component>
      <object_component id="oc-e0">
         <name>CanbRegsFile</name>
         <uninitialized>true</uninitialized>
         <run_address>0x4a000</run_address>
         <size>0x164</size>
         <input_file_ref idref="fl-9"/>
      </object_component>
      <object_component id="oc-c9">
         <name>Cla1RegsFile</name>
         <uninitialized>true</uninitialized>
         <run_address>0x1400</run_address>
         <size>0x48</size>
         <input_file_ref idref="fl-9"/>
      </object_component>
      <object_component id="oc-80">
         <name>Cla1SoftIntRegsFile</name>
         <uninitialized>true</uninitialized>
         <run_address>0xce0</run_address>
         <size>0x3</size>
         <input_file_ref idref="fl-9"/>
      </object_component>
      <object_component id="oc-b7">
         <name>ClaPromCrc0RegsFile</name>
         <uninitialized>true</uninitialized>
         <run_address>0x61c0</run_address>
         <size>0x20</size>
         <input_file_ref idref="fl-9"/>
      </object_component>
      <object_component id="oc-af">
         <name>Cmpss1RegsFile</name>
         <uninitialized>true</uninitialized>
         <run_address>0x5c80</run_address>
         <size>0x1b</size>
         <input_file_ref idref="fl-9"/>
      </object_component>
      <object_component id="oc-b0">
         <name>Cmpss2RegsFile</name>
         <uninitialized>true</uninitialized>
         <run_address>0x5ca0</run_address>
         <size>0x1b</size>
         <input_file_ref idref="fl-9"/>
      </object_component>
      <object_component id="oc-b1">
         <name>Cmpss3RegsFile</name>
         <uninitialized>true</uninitialized>
         <run_address>0x5cc0</run_address>
         <size>0x1b</size>
         <input_file_ref idref="fl-9"/>
      </object_component>
      <object_component id="oc-b2">
         <name>Cmpss4RegsFile</name>
         <uninitialized>true</uninitialized>
         <run_address>0x5ce0</run_address>
         <size>0x1b</size>
         <input_file_ref idref="fl-9"/>
      </object_component>
      <object_component id="oc-b3">
         <name>Cmpss5RegsFile</name>
         <uninitialized>true</uninitialized>
         <run_address>0x5d00</run_address>
         <size>0x1b</size>
         <input_file_ref idref="fl-9"/>
      </object_component>
      <object_component id="oc-b4">
         <name>Cmpss6RegsFile</name>
         <uninitialized>true</uninitialized>
         <run_address>0x5d20</run_address>
         <size>0x1b</size>
         <input_file_ref idref="fl-9"/>
      </object_component>
      <object_component id="oc-b5">
         <name>Cmpss7RegsFile</name>
         <uninitialized>true</uninitialized>
         <run_address>0x5d40</run_address>
         <size>0x1b</size>
         <input_file_ref idref="fl-9"/>
      </object_component>
      <object_component id="oc-85">
         <name>CpuTimer0RegsFile</name>
         <uninitialized>true</uninitialized>
         <run_address>0xc00</run_address>
         <size>0x8</size>
         <input_file_ref idref="fl-9"/>
      </object_component>
      <object_component id="oc-86">
         <name>CpuTimer1RegsFile</name>
         <uninitialized>true</uninitialized>
         <run_address>0xc08</run_address>
         <size>0x8</size>
         <input_file_ref idref="fl-9"/>
      </object_component>
      <object_component id="oc-87">
         <name>CpuTimer2RegsFile</name>
         <uninitialized>true</uninitialized>
         <run_address>0xc10</run_address>
         <size>0x8</size>
         <input_file_ref idref="fl-9"/>
      </object_component>
      <object_component id="oc-82">
         <name>DacaRegsFile</name>
         <uninitialized>true</uninitialized>
         <run_address>0x5c00</run_address>
         <size>0x7</size>
         <input_file_ref idref="fl-9"/>
      </object_component>
      <object_component id="oc-83">
         <name>DacbRegsFile</name>
         <uninitialized>true</uninitialized>
         <run_address>0x5c10</run_address>
         <size>0x7</size>
         <input_file_ref idref="fl-9"/>
      </object_component>
      <object_component id="oc-c0">
         <name>Dcc0RegsFile</name>
         <uninitialized>true</uninitialized>
         <run_address>0x5e700</run_address>
         <size>0x2c</size>
         <input_file_ref idref="fl-9"/>
      </object_component>
      <object_component id="oc-bb">
         <name>DcsmBank0Z1RegsFile</name>
         <uninitialized>true</uninitialized>
         <run_address>0x5f000</run_address>
         <size>0x22</size>
         <input_file_ref idref="fl-9"/>
      </object_component>
      <object_component id="oc-bc">
         <name>DcsmBank0Z2RegsFile</name>
         <uninitialized>true</uninitialized>
         <run_address>0x5f040</run_address>
         <size>0x22</size>
         <input_file_ref idref="fl-9"/>
      </object_component>
      <object_component id="oc-b8">
         <name>DcsmBank1Z1RegsFile</name>
         <uninitialized>true</uninitialized>
         <run_address>0x5f100</run_address>
         <size>0x20</size>
         <input_file_ref idref="fl-9"/>
      </object_component>
      <object_component id="oc-b9">
         <name>DcsmBank1Z2RegsFile</name>
         <uninitialized>true</uninitialized>
         <run_address>0x5f140</run_address>
         <size>0x20</size>
         <input_file_ref idref="fl-9"/>
      </object_component>
      <object_component id="oc-9d">
         <name>DcsmCommonRegsFile</name>
         <uninitialized>true</uninitialized>
         <run_address>0x5f070</run_address>
         <size>0x10</size>
         <input_file_ref idref="fl-9"/>
      </object_component>
      <object_component id="oc-d3">
         <name>DmaRegsFile</name>
         <uninitialized>true</uninitialized>
         <run_address>0x1000</run_address>
         <size>0xe0</size>
         <input_file_ref idref="fl-9"/>
      </object_component>
      <object_component id="oc-a6">
         <name>ECap1RegsFile</name>
         <uninitialized>true</uninitialized>
         <run_address>0x5200</run_address>
         <size>0x1a</size>
         <input_file_ref idref="fl-9"/>
      </object_component>
      <object_component id="oc-a7">
         <name>ECap2RegsFile</name>
         <uninitialized>true</uninitialized>
         <run_address>0x5240</run_address>
         <size>0x1a</size>
         <input_file_ref idref="fl-9"/>
      </object_component>
      <object_component id="oc-a8">
         <name>ECap3RegsFile</name>
         <uninitialized>true</uninitialized>
         <run_address>0x5280</run_address>
         <size>0x1a</size>
         <input_file_ref idref="fl-9"/>
      </object_component>
      <object_component id="oc-a9">
         <name>ECap4RegsFile</name>
         <uninitialized>true</uninitialized>
         <run_address>0x52c0</run_address>
         <size>0x1a</size>
         <input_file_ref idref="fl-9"/>
      </object_component>
      <object_component id="oc-aa">
         <name>ECap5RegsFile</name>
         <uninitialized>true</uninitialized>
         <run_address>0x5300</run_address>
         <size>0x1a</size>
         <input_file_ref idref="fl-9"/>
      </object_component>
      <object_component id="oc-ab">
         <name>ECap6RegsFile</name>
         <uninitialized>true</uninitialized>
         <run_address>0x5340</run_address>
         <size>0x1a</size>
         <input_file_ref idref="fl-9"/>
      </object_component>
      <object_component id="oc-ac">
         <name>ECap7RegsFile</name>
         <uninitialized>true</uninitialized>
         <run_address>0x5380</run_address>
         <size>0x1a</size>
         <input_file_ref idref="fl-9"/>
      </object_component>
      <object_component id="oc-90">
         <name>Pga1RegsFile</name>
         <uninitialized>true</uninitialized>
         <run_address>0x5b00</run_address>
         <size>0xa</size>
         <input_file_ref idref="fl-9"/>
      </object_component>
      <object_component id="oc-91">
         <name>Pga2RegsFile</name>
         <uninitialized>true</uninitialized>
         <run_address>0x5b10</run_address>
         <size>0xa</size>
         <input_file_ref idref="fl-9"/>
      </object_component>
      <object_component id="oc-92">
         <name>Pga3RegsFile</name>
         <uninitialized>true</uninitialized>
         <run_address>0x5b20</run_address>
         <size>0xa</size>
         <input_file_ref idref="fl-9"/>
      </object_component>
      <object_component id="oc-93">
         <name>Pga4RegsFile</name>
         <uninitialized>true</uninitialized>
         <run_address>0x5b30</run_address>
         <size>0xa</size>
         <input_file_ref idref="fl-9"/>
      </object_component>
      <object_component id="oc-94">
         <name>Pga5RegsFile</name>
         <uninitialized>true</uninitialized>
         <run_address>0x5b40</run_address>
         <size>0xa</size>
         <input_file_ref idref="fl-9"/>
      </object_component>
      <object_component id="oc-95">
         <name>Pga6RegsFile</name>
         <uninitialized>true</uninitialized>
         <run_address>0x5b50</run_address>
         <size>0xa</size>
         <input_file_ref idref="fl-9"/>
      </object_component>
      <object_component id="oc-96">
         <name>Pga7RegsFile</name>
         <uninitialized>true</uninitialized>
         <run_address>0x5b60</run_address>
         <size>0xa</size>
         <input_file_ref idref="fl-9"/>
      </object_component>
      <object_component id="oc-d6">
         <name>EPwm1RegsFile</name>
         <uninitialized>true</uninitialized>
         <run_address>0x4000</run_address>
         <size>0x100</size>
         <input_file_ref idref="fl-9"/>
      </object_component>
      <object_component id="oc-d7">
         <name>EPwm2RegsFile</name>
         <uninitialized>true</uninitialized>
         <run_address>0x4100</run_address>
         <size>0x100</size>
         <input_file_ref idref="fl-9"/>
      </object_component>
      <object_component id="oc-d8">
         <name>EPwm3RegsFile</name>
         <uninitialized>true</uninitialized>
         <run_address>0x4200</run_address>
         <size>0x100</size>
         <input_file_ref idref="fl-9"/>
      </object_component>
      <object_component id="oc-d9">
         <name>EPwm4RegsFile</name>
         <uninitialized>true</uninitialized>
         <run_address>0x4300</run_address>
         <size>0x100</size>
         <input_file_ref idref="fl-9"/>
      </object_component>
      <object_component id="oc-da">
         <name>EPwm5RegsFile</name>
         <uninitialized>true</uninitialized>
         <run_address>0x4400</run_address>
         <size>0x100</size>
         <input_file_ref idref="fl-9"/>
      </object_component>
      <object_component id="oc-db">
         <name>EPwm6RegsFile</name>
         <uninitialized>true</uninitialized>
         <run_address>0x4500</run_address>
         <size>0x100</size>
         <input_file_ref idref="fl-9"/>
      </object_component>
      <object_component id="oc-dc">
         <name>EPwm7RegsFile</name>
         <uninitialized>true</uninitialized>
         <run_address>0x4600</run_address>
         <size>0x100</size>
         <input_file_ref idref="fl-9"/>
      </object_component>
      <object_component id="oc-dd">
         <name>EPwm8RegsFile</name>
         <uninitialized>true</uninitialized>
         <run_address>0x4700</run_address>
         <size>0x100</size>
         <input_file_ref idref="fl-9"/>
      </object_component>
      <object_component id="oc-c7">
         <name>EPwmXbarRegsFile</name>
         <uninitialized>true</uninitialized>
         <run_address>0x7a00</run_address>
         <size>0x40</size>
         <input_file_ref idref="fl-9"/>
      </object_component>
      <object_component id="oc-c3">
         <name>EQep1RegsFile</name>
         <uninitialized>true</uninitialized>
         <run_address>0x5100</run_address>
         <size>0x36</size>
         <input_file_ref idref="fl-9"/>
      </object_component>
      <object_component id="oc-c4">
         <name>EQep2RegsFile</name>
         <uninitialized>true</uninitialized>
         <run_address>0x5140</run_address>
         <size>0x36</size>
         <input_file_ref idref="fl-9"/>
      </object_component>
      <object_component id="oc-9b">
         <name>EradGlobalRegsFile</name>
         <uninitialized>true</uninitialized>
         <run_address>0x5e800</run_address>
         <size>0xb</size>
         <input_file_ref idref="fl-9"/>
      </object_component>
      <object_component id="oc-88">
         <name>EradHWBP1RegsFile</name>
         <uninitialized>true</uninitialized>
         <run_address>0x5e900</run_address>
         <size>0x8</size>
         <input_file_ref idref="fl-9"/>
      </object_component>
      <object_component id="oc-89">
         <name>EradHWBP2RegsFile</name>
         <uninitialized>true</uninitialized>
         <run_address>0x5e908</run_address>
         <size>0x8</size>
         <input_file_ref idref="fl-9"/>
      </object_component>
      <object_component id="oc-8a">
         <name>EradHWBP3RegsFile</name>
         <uninitialized>true</uninitialized>
         <run_address>0x5e910</run_address>
         <size>0x8</size>
         <input_file_ref idref="fl-9"/>
      </object_component>
      <object_component id="oc-8b">
         <name>EradHWBP4RegsFile</name>
         <uninitialized>true</uninitialized>
         <run_address>0x5e918</run_address>
         <size>0x8</size>
         <input_file_ref idref="fl-9"/>
      </object_component>
      <object_component id="oc-8c">
         <name>EradHWBP5RegsFile</name>
         <uninitialized>true</uninitialized>
         <run_address>0x5e920</run_address>
         <size>0x8</size>
         <input_file_ref idref="fl-9"/>
      </object_component>
      <object_component id="oc-8d">
         <name>EradHWBP6RegsFile</name>
         <uninitialized>true</uninitialized>
         <run_address>0x5e928</run_address>
         <size>0x8</size>
         <input_file_ref idref="fl-9"/>
      </object_component>
      <object_component id="oc-8e">
         <name>EradHWBP7RegsFile</name>
         <uninitialized>true</uninitialized>
         <run_address>0x5e930</run_address>
         <size>0x8</size>
         <input_file_ref idref="fl-9"/>
      </object_component>
      <object_component id="oc-8f">
         <name>EradHWBP8RegsFile</name>
         <uninitialized>true</uninitialized>
         <run_address>0x5e938</run_address>
         <size>0x8</size>
         <input_file_ref idref="fl-9"/>
      </object_component>
      <object_component id="oc-97">
         <name>EradCounter1RegsFile</name>
         <uninitialized>true</uninitialized>
         <run_address>0x5e980</run_address>
         <size>0xa</size>
         <input_file_ref idref="fl-9"/>
      </object_component>
      <object_component id="oc-98">
         <name>EradCounter2RegsFile</name>
         <uninitialized>true</uninitialized>
         <run_address>0x5e990</run_address>
         <size>0xa</size>
         <input_file_ref idref="fl-9"/>
      </object_component>
      <object_component id="oc-99">
         <name>EradCounter3RegsFile</name>
         <uninitialized>true</uninitialized>
         <run_address>0x5e9a0</run_address>
         <size>0xa</size>
         <input_file_ref idref="fl-9"/>
      </object_component>
      <object_component id="oc-9a">
         <name>EradCounter4RegsFile</name>
         <uninitialized>true</uninitialized>
         <run_address>0x5e9b0</run_address>
         <size>0xa</size>
         <input_file_ref idref="fl-9"/>
      </object_component>
      <object_component id="oc-e1">
         <name>Flash0CtrlRegsFile</name>
         <uninitialized>true</uninitialized>
         <run_address>0x5f800</run_address>
         <size>0x182</size>
         <input_file_ref idref="fl-9"/>
      </object_component>
      <object_component id="oc-be">
         <name>Flash0EccRegsFile</name>
         <uninitialized>true</uninitialized>
         <run_address>0x5fb00</run_address>
         <size>0x28</size>
         <input_file_ref idref="fl-9"/>
      </object_component>
      <object_component id="oc-ca">
         <name>FsiTxaRegsFile</name>
         <uninitialized>true</uninitialized>
         <run_address>0x6600</run_address>
         <size>0x50</size>
         <input_file_ref idref="fl-9"/>
      </object_component>
      <object_component id="oc-cb">
         <name>FsiRxaRegsFile</name>
         <uninitialized>true</uninitialized>
         <run_address>0x6680</run_address>
         <size>0x50</size>
         <input_file_ref idref="fl-9"/>
      </object_component>
      <object_component id="oc-e3">
         <name>GpioCtrlRegsFile</name>
         <uninitialized>true</uninitialized>
         <run_address>0x7c00</run_address>
         <size>0x200</size>
         <input_file_ref idref="fl-9"/>
      </object_component>
      <object_component id="oc-c5">
         <name>GpioDataRegsFile</name>
         <uninitialized>true</uninitialized>
         <run_address>0x7f00</run_address>
         <size>0x3a</size>
         <input_file_ref idref="fl-9"/>
      </object_component>
      <object_component id="oc-bd">
         <name>I2caRegsFile</name>
         <uninitialized>true</uninitialized>
         <run_address>0x7300</run_address>
         <size>0x22</size>
         <input_file_ref idref="fl-9"/>
      </object_component>
      <object_component id="oc-ba">
         <name>InputXbarRegsFile</name>
         <uninitialized>true</uninitialized>
         <run_address>0x7900</run_address>
         <size>0x20</size>
         <input_file_ref idref="fl-9"/>
      </object_component>
      <object_component id="oc-9e">
         <name>XbarRegsFile</name>
         <uninitialized>true</uninitialized>
         <run_address>0x7920</run_address>
         <size>0x10</size>
         <input_file_ref idref="fl-9"/>
      </object_component>
      <object_component id="oc-d4">
         <name>LinaRegsFile</name>
         <uninitialized>true</uninitialized>
         <run_address>0x6a00</run_address>
         <size>0xec</size>
         <input_file_ref idref="fl-9"/>
      </object_component>
      <object_component id="oc-d5">
         <name>LinbRegsFile</name>
         <uninitialized>true</uninitialized>
         <run_address>0x6b00</run_address>
         <size>0xec</size>
         <input_file_ref idref="fl-9"/>
      </object_component>
      <object_component id="oc-d0">
         <name>MemCfgRegsFile</name>
         <uninitialized>true</uninitialized>
         <run_address>0x5f400</run_address>
         <size>0x76</size>
         <input_file_ref idref="fl-9"/>
      </object_component>
      <object_component id="oc-c1">
         <name>AccessProtectionRegsFile</name>
         <uninitialized>true</uninitialized>
         <run_address>0x5f4c0</run_address>
         <size>0x2e</size>
         <input_file_ref idref="fl-9"/>
      </object_component>
      <object_component id="oc-c6">
         <name>MemoryErrorRegsFile</name>
         <uninitialized>true</uninitialized>
         <run_address>0x5f500</run_address>
         <size>0x3a</size>
         <input_file_ref idref="fl-9"/>
      </object_component>
      <object_component id="oc-84">
         <name>NmiIntruptRegsFile</name>
         <uninitialized>true</uninitialized>
         <run_address>0x7060</run_address>
         <size>0x7</size>
         <input_file_ref idref="fl-9"/>
      </object_component>
      <object_component id="oc-c8">
         <name>OutputXbarRegsFile</name>
         <uninitialized>true</uninitialized>
         <run_address>0x7a80</run_address>
         <size>0x40</size>
         <input_file_ref idref="fl-9"/>
      </object_component>
      <object_component id="oc-ad">
         <name>PieCtrlRegsFile</name>
         <uninitialized>true</uninitialized>
         <run_address>0xce0</run_address>
         <size>0x1a</size>
         <input_file_ref idref="fl-9"/>
      </object_component>
      <object_component id="oc-b6">
         <name>PmbusaRegsFile</name>
         <uninitialized>true</uninitialized>
         <run_address>0x6400</run_address>
         <size>0x1e</size>
         <input_file_ref idref="fl-9"/>
      </object_component>
      <object_component id="oc-9f">
         <name>SciaRegsFile</name>
         <uninitialized>true</uninitialized>
         <run_address>0x7200</run_address>
         <size>0x10</size>
         <input_file_ref idref="fl-9"/>
      </object_component>
      <object_component id="oc-a0">
         <name>ScibRegsFile</name>
         <uninitialized>true</uninitialized>
         <run_address>0x7210</run_address>
         <size>0x10</size>
         <input_file_ref idref="fl-9"/>
      </object_component>
      <object_component id="oc-cc">
         <name>Sdfm1RegsFile</name>
         <uninitialized>true</uninitialized>
         <run_address>0x5e00</run_address>
         <size>0x50</size>
         <input_file_ref idref="fl-9"/>
      </object_component>
      <object_component id="oc-a1">
         <name>SpiaRegsFile</name>
         <uninitialized>true</uninitialized>
         <run_address>0x6100</run_address>
         <size>0x10</size>
         <input_file_ref idref="fl-9"/>
      </object_component>
      <object_component id="oc-a2">
         <name>SpibRegsFile</name>
         <uninitialized>true</uninitialized>
         <run_address>0x6110</run_address>
         <size>0x10</size>
         <input_file_ref idref="fl-9"/>
      </object_component>
      <object_component id="oc-bf">
         <name>WdRegsFile</name>
         <uninitialized>true</uninitialized>
         <run_address>0x7000</run_address>
         <size>0x2b</size>
         <input_file_ref idref="fl-9"/>
      </object_component>
      <object_component id="oc-ae">
         <name>DmaClaSrcSelRegsFile</name>
         <uninitialized>true</uninitialized>
         <run_address>0x7980</run_address>
         <size>0x1a</size>
         <input_file_ref idref="fl-9"/>
      </object_component>
      <object_component id="oc-de">
         <name>DevCfgRegsFile</name>
         <uninitialized>true</uninitialized>
         <run_address>0x5d000</run_address>
         <size>0x132</size>
         <input_file_ref idref="fl-9"/>
      </object_component>
      <object_component id="oc-c2">
         <name>ClkCfgRegsFile</name>
         <uninitialized>true</uninitialized>
         <run_address>0x5d200</run_address>
         <size>0x34</size>
         <input_file_ref idref="fl-9"/>
      </object_component>
      <object_component id="oc-d1">
         <name>CpuSysRegsFile</name>
         <uninitialized>true</uninitialized>
         <run_address>0x5d300</run_address>
         <size>0x82</size>
         <input_file_ref idref="fl-9"/>
      </object_component>
      <object_component id="oc-e4">
         <name>SysPeriphAcRegsFile</name>
         <uninitialized>true</uninitialized>
         <run_address>0x5d500</run_address>
         <size>0x200</size>
         <input_file_ref idref="fl-9"/>
      </object_component>
      <object_component id="oc-81">
         <name>SyncSocRegsFile</name>
         <uninitialized>true</uninitialized>
         <run_address>0x7940</run_address>
         <size>0x6</size>
         <input_file_ref idref="fl-9"/>
      </object_component>
      <object_component id="oc-9c">
         <name>XintRegsFile</name>
         <uninitialized>true</uninitialized>
         <run_address>0x7070</run_address>
         <size>0xb</size>
         <input_file_ref idref="fl-9"/>
      </object_component>
      <object_component id="oc-ea">
         <name>.debug_info</name>
         <load_address>0x0</load_address>
         <run_address>0x0</run_address>
         <size>0x4820</size>
         <input_file_ref idref="fl-2"/>
      </object_component>
      <object_component id="oc-f1">
         <name>.debug_info</name>
         <load_address>0x4820</load_address>
         <run_address>0x4820</run_address>
         <size>0xd233</size>
         <input_file_ref idref="fl-3"/>
      </object_component>
      <object_component id="oc-f7">
         <name>.debug_info</name>
         <load_address>0x11a53</load_address>
         <run_address>0x11a53</run_address>
         <size>0x9964</size>
         <input_file_ref idref="fl-4"/>
      </object_component>
      <object_component id="oc-101">
         <name>.debug_info</name>
         <load_address>0x1b3b7</load_address>
         <run_address>0x1b3b7</run_address>
         <size>0x5aa9</size>
         <input_file_ref idref="fl-5"/>
      </object_component>
      <object_component id="oc-108">
         <name>.debug_info</name>
         <load_address>0x20e60</load_address>
         <run_address>0x20e60</run_address>
         <size>0x5537</size>
         <input_file_ref idref="fl-6"/>
      </object_component>
      <object_component id="oc-10f">
         <name>.debug_info</name>
         <load_address>0x26397</load_address>
         <run_address>0x26397</run_address>
         <size>0x10a</size>
         <input_file_ref idref="fl-7"/>
      </object_component>
      <object_component id="oc-112">
         <name>.debug_info</name>
         <load_address>0x264a1</load_address>
         <run_address>0x264a1</run_address>
         <size>0x2d91</size>
         <input_file_ref idref="fl-8"/>
      </object_component>
      <object_component id="oc-118">
         <name>.debug_info</name>
         <load_address>0x29232</load_address>
         <run_address>0x29232</run_address>
         <size>0x9589</size>
         <input_file_ref idref="fl-a"/>
      </object_component>
      <object_component id="oc-11d">
         <name>.debug_info</name>
         <load_address>0x327bb</load_address>
         <run_address>0x327bb</run_address>
         <size>0x349a</size>
         <input_file_ref idref="fl-b"/>
      </object_component>
      <object_component id="oc-122">
         <name>.debug_info</name>
         <load_address>0x35c55</load_address>
         <run_address>0x35c55</run_address>
         <size>0x65b3</size>
         <input_file_ref idref="fl-c"/>
      </object_component>
      <object_component id="oc-127">
         <name>.debug_info</name>
         <load_address>0x3c208</load_address>
         <run_address>0x3c208</run_address>
         <size>0x7791</size>
         <input_file_ref idref="fl-d"/>
      </object_component>
      <object_component id="oc-12e">
         <name>.debug_info</name>
         <load_address>0x43999</load_address>
         <run_address>0x43999</run_address>
         <size>0x104</size>
         <input_file_ref idref="fl-e"/>
      </object_component>
      <object_component id="oc-131">
         <name>.debug_info</name>
         <load_address>0x43a9d</load_address>
         <run_address>0x43a9d</run_address>
         <size>0x1000</size>
         <input_file_ref idref="fl-f"/>
      </object_component>
      <object_component id="oc-138">
         <name>.debug_info</name>
         <load_address>0x44a9d</load_address>
         <run_address>0x44a9d</run_address>
         <size>0x4bd</size>
         <input_file_ref idref="fl-1f"/>
      </object_component>
      <object_component id="oc-13d">
         <name>.debug_info</name>
         <load_address>0x44f5a</load_address>
         <run_address>0x44f5a</run_address>
         <size>0x9a7</size>
         <input_file_ref idref="fl-25"/>
      </object_component>
      <object_component id="oc-142">
         <name>.debug_info</name>
         <load_address>0x45901</load_address>
         <run_address>0x45901</run_address>
         <size>0x13ba</size>
         <input_file_ref idref="fl-2d"/>
      </object_component>
      <object_component id="oc-14a">
         <name>.debug_info</name>
         <load_address>0x46cbb</load_address>
         <run_address>0x46cbb</run_address>
         <size>0x173</size>
         <input_file_ref idref="fl-50"/>
      </object_component>
      <object_component id="oc-14e">
         <name>.debug_info</name>
         <load_address>0x46e2e</load_address>
         <run_address>0x46e2e</run_address>
         <size>0x3aa</size>
         <input_file_ref idref="fl-54"/>
      </object_component>
      <object_component id="oc-153">
         <name>.debug_info</name>
         <load_address>0x471d8</load_address>
         <run_address>0x471d8</run_address>
         <size>0x544</size>
         <input_file_ref idref="fl-55"/>
      </object_component>
      <object_component id="oc-15a">
         <name>.debug_info</name>
         <load_address>0x4771c</load_address>
         <run_address>0x4771c</run_address>
         <size>0x467</size>
         <input_file_ref idref="fl-57"/>
      </object_component>
      <object_component id="oc-15f">
         <name>.debug_info</name>
         <load_address>0x47b83</load_address>
         <run_address>0x47b83</run_address>
         <size>0x2a53</size>
         <input_file_ref idref="fl-58"/>
      </object_component>
      <object_component id="oc-167">
         <name>.debug_info</name>
         <load_address>0x4a5d6</load_address>
         <run_address>0x4a5d6</run_address>
         <size>0x114</size>
         <input_file_ref idref="fl-5e"/>
      </object_component>
      <object_component id="oc-16c">
         <name>.debug_info</name>
         <load_address>0x4a6ea</load_address>
         <run_address>0x4a6ea</run_address>
         <size>0x120</size>
         <input_file_ref idref="fl-5f"/>
      </object_component>
      <object_component id="oc-171">
         <name>.debug_info</name>
         <load_address>0x4a80a</load_address>
         <run_address>0x4a80a</run_address>
         <size>0x114</size>
         <input_file_ref idref="fl-60"/>
      </object_component>
      <object_component id="oc-176">
         <name>.debug_info</name>
         <load_address>0x4a91e</load_address>
         <run_address>0x4a91e</run_address>
         <size>0x114</size>
         <input_file_ref idref="fl-61"/>
      </object_component>
      <object_component id="oc-17b">
         <name>.debug_info</name>
         <load_address>0x4aa32</load_address>
         <run_address>0x4aa32</run_address>
         <size>0x122</size>
         <input_file_ref idref="fl-62"/>
      </object_component>
      <object_component id="oc-180">
         <name>.debug_info</name>
         <load_address>0x4ab54</load_address>
         <run_address>0x4ab54</run_address>
         <size>0x114</size>
         <input_file_ref idref="fl-63"/>
      </object_component>
      <object_component id="oc-185">
         <name>.debug_info</name>
         <load_address>0x4ac68</load_address>
         <run_address>0x4ac68</run_address>
         <size>0x114</size>
         <input_file_ref idref="fl-64"/>
      </object_component>
      <object_component id="oc-18a">
         <name>.debug_info</name>
         <load_address>0x4ad7c</load_address>
         <run_address>0x4ad7c</run_address>
         <size>0x176</size>
         <input_file_ref idref="fl-65"/>
      </object_component>
      <object_component id="oc-18f">
         <name>.debug_info</name>
         <load_address>0x4aef2</load_address>
         <run_address>0x4aef2</run_address>
         <size>0x14e</size>
         <input_file_ref idref="fl-66"/>
      </object_component>
      <object_component id="oc-194">
         <name>.debug_info</name>
         <load_address>0x4b040</load_address>
         <run_address>0x4b040</run_address>
         <size>0x231</size>
         <input_file_ref idref="fl-67"/>
      </object_component>
      <object_component id="oc-199">
         <name>.debug_info</name>
         <load_address>0x4b271</load_address>
         <run_address>0x4b271</run_address>
         <size>0x118</size>
         <input_file_ref idref="fl-68"/>
      </object_component>
      <object_component id="oc-19e">
         <name>.debug_info</name>
         <load_address>0x4b389</load_address>
         <run_address>0x4b389</run_address>
         <size>0x118</size>
         <input_file_ref idref="fl-69"/>
      </object_component>
      <object_component id="oc-1a3">
         <name>.debug_info</name>
         <load_address>0x4b4a1</load_address>
         <run_address>0x4b4a1</run_address>
         <size>0x11a</size>
         <input_file_ref idref="fl-6a"/>
      </object_component>
      <object_component id="oc-1a8">
         <name>.debug_info</name>
         <load_address>0x4b5bb</load_address>
         <run_address>0x4b5bb</run_address>
         <size>0x114</size>
         <input_file_ref idref="fl-6b"/>
      </object_component>
      <object_component id="oc-1ad">
         <name>.debug_info</name>
         <load_address>0x4b6cf</load_address>
         <run_address>0x4b6cf</run_address>
         <size>0x1a5</size>
         <input_file_ref idref="fl-75"/>
      </object_component>
      <object_component id="oc-7d">
         <name>.debug_info</name>
         <load_address>0x4b874</load_address>
         <run_address>0x4b874</run_address>
         <size>0x53953</size>
         <input_file_ref idref="fl-76"/>
      </object_component>
      <object_component id="oc-264">
         <name>.debug_info</name>
         <load_address>0x9f1c7</load_address>
         <run_address>0x9f1c7</run_address>
         <size>0xbf</size>
      </object_component>
      <object_component id="oc-ed">
         <name>.debug_frame</name>
         <load_address>0x0</load_address>
         <run_address>0x0</run_address>
         <size>0x88</size>
         <input_file_ref idref="fl-2"/>
      </object_component>
      <object_component id="oc-f3">
         <name>.debug_frame</name>
         <load_address>0x88</load_address>
         <run_address>0x88</run_address>
         <size>0xf8</size>
         <input_file_ref idref="fl-3"/>
      </object_component>
      <object_component id="oc-fd">
         <name>.debug_frame</name>
         <load_address>0x180</load_address>
         <run_address>0x180</run_address>
         <size>0x16c</size>
         <input_file_ref idref="fl-4"/>
      </object_component>
      <object_component id="oc-104">
         <name>.debug_frame</name>
         <load_address>0x2ec</load_address>
         <run_address>0x2ec</run_address>
         <size>0xa8</size>
         <input_file_ref idref="fl-5"/>
      </object_component>
      <object_component id="oc-109">
         <name>.debug_frame</name>
         <load_address>0x394</load_address>
         <run_address>0x394</run_address>
         <size>0x28</size>
         <input_file_ref idref="fl-6"/>
      </object_component>
      <object_component id="oc-114">
         <name>.debug_frame</name>
         <load_address>0x3bc</load_address>
         <run_address>0x3bc</run_address>
         <size>0xf30</size>
         <input_file_ref idref="fl-8"/>
      </object_component>
      <object_component id="oc-119">
         <name>.debug_frame</name>
         <load_address>0x12ec</load_address>
         <run_address>0x12ec</run_address>
         <size>0x28</size>
         <input_file_ref idref="fl-a"/>
      </object_component>
      <object_component id="oc-11e">
         <name>.debug_frame</name>
         <load_address>0x1314</load_address>
         <run_address>0x1314</run_address>
         <size>0x28</size>
         <input_file_ref idref="fl-b"/>
      </object_component>
      <object_component id="oc-123">
         <name>.debug_frame</name>
         <load_address>0x133c</load_address>
         <run_address>0x133c</run_address>
         <size>0x28</size>
         <input_file_ref idref="fl-c"/>
      </object_component>
      <object_component id="oc-128">
         <name>.debug_frame</name>
         <load_address>0x1364</load_address>
         <run_address>0x1364</run_address>
         <size>0x28</size>
         <input_file_ref idref="fl-d"/>
      </object_component>
      <object_component id="oc-134">
         <name>.debug_frame</name>
         <load_address>0x138c</load_address>
         <run_address>0x138c</run_address>
         <size>0x8c</size>
         <input_file_ref idref="fl-f"/>
      </object_component>
      <object_component id="oc-139">
         <name>.debug_frame</name>
         <load_address>0x1418</load_address>
         <run_address>0x1418</run_address>
         <size>0x28</size>
         <input_file_ref idref="fl-1f"/>
      </object_component>
      <object_component id="oc-13e">
         <name>.debug_frame</name>
         <load_address>0x1440</load_address>
         <run_address>0x1440</run_address>
         <size>0x114</size>
         <input_file_ref idref="fl-25"/>
      </object_component>
      <object_component id="oc-144">
         <name>.debug_frame</name>
         <load_address>0x1554</load_address>
         <run_address>0x1554</run_address>
         <size>0x12c</size>
         <input_file_ref idref="fl-2d"/>
      </object_component>
      <object_component id="oc-14f">
         <name>.debug_frame</name>
         <load_address>0x1680</load_address>
         <run_address>0x1680</run_address>
         <size>0x40</size>
         <input_file_ref idref="fl-54"/>
      </object_component>
      <object_component id="oc-156">
         <name>.debug_frame</name>
         <load_address>0x16c0</load_address>
         <run_address>0x16c0</run_address>
         <size>0x60</size>
         <input_file_ref idref="fl-55"/>
      </object_component>
      <object_component id="oc-15b">
         <name>.debug_frame</name>
         <load_address>0x1720</load_address>
         <run_address>0x1720</run_address>
         <size>0x40</size>
         <input_file_ref idref="fl-57"/>
      </object_component>
      <object_component id="oc-162">
         <name>.debug_frame</name>
         <load_address>0x1760</load_address>
         <run_address>0x1760</run_address>
         <size>0x43c</size>
         <input_file_ref idref="fl-58"/>
      </object_component>
      <object_component id="oc-e6">
         <name>.debug_frame</name>
         <load_address>0x1b9c</load_address>
         <run_address>0x1b9c</run_address>
         <size>0x39c</size>
         <input_file_ref idref="fl-76"/>
      </object_component>
      <object_component id="oc-ee">
         <name>.debug_line</name>
         <load_address>0x0</load_address>
         <run_address>0x0</run_address>
         <size>0xdb</size>
         <input_file_ref idref="fl-2"/>
      </object_component>
      <object_component id="oc-f4">
         <name>.debug_line</name>
         <load_address>0xdb</load_address>
         <run_address>0xdb</run_address>
         <size>0x405</size>
[...]
      </symbol>
      <symbol id="sm-4a2">
         <name>_SD1DR2_ISR</name>
         <value>0x9122</value>
         <object_component_ref idref="oc-113"/>
      </symbol>
      <symbol id="sm-4a4">
         <name>_EPWM7_ISR</name>
         <value>0x924e</value>
         <object_component_ref idref="oc-113"/>
      </symbol>
      <symbol id="sm-4a6">
         <name>_USER10_ISR</name>
         <value>0x90aa</value>
         <object_component_ref idref="oc-113"/>
      </symbol>
      <symbol id="sm-4a8">
         <name>_USER7_ISR</name>
         <value>0x9050</value>
         <object_component_ref idref="oc-113"/>
      </symbol>
      <symbol id="sm-4aa">
         <name>_PMBUSA_ISR</name>
         <value>0x917c</value>
         <object_component_ref idref="oc-113"/>
      </symbol>
      <symbol id="sm-4ac">
         <name>_XINT1_ISR</name>
         <value>0x9028</value>
         <object_component_ref idref="oc-113"/>
      </symbol>
      <symbol id="sm-4ae">
         <name>_DMA_CH6_ISR</name>
         <value>0x9341</value>
         <object_component_ref idref="oc-113"/>
      </symbol>
      <symbol id="sm-4b0">
         <name>_ECAP2_ISR</name>
         <value>0x932d</value>
         <object_component_ref idref="oc-113"/>
      </symbol>
      <symbol id="sm-4b2">
         <name>_SD1DR3_ISR</name>
         <value>0x9118</value>
         <object_component_ref idref="oc-113"/>
      </symbol>
      <symbol id="sm-4b4">
         <name>_USER6_ISR</name>
         <value>0x905a</value>
         <object_component_ref idref="oc-113"/>
      </symbol>
      <symbol id="sm-4b6">
         <name>_EPWM4_TZ_ISR</name>
         <value>0x9280</value>
         <object_component_ref idref="oc-113"/>
      </symbol>
      <symbol id="sm-4b8">
         <name>_EPWM3_TZ_ISR</name>
         <value>0x9294</value>
         <object_component_ref idref="oc-113"/>
      </symbol>
      <symbol id="sm-4ba">
         <name>_I2CA_FIFO_ISR</name>
         <value>0x91cc</value>
         <object_component_ref idref="oc-113"/>
      </symbol>
      <symbol id="sm-4bc">
         <name>_ECAP3_ISR</name>
         <value>0x9323</value>
         <object_component_ref idref="oc-113"/>
      </symbol>
      <symbol id="sm-4be">
         <name>_RTOS_ISR</name>
         <value>0x915e</value>
         <object_component_ref idref="oc-113"/>
      </symbol>
      <symbol id="sm-4c0">
         <name>_EPWM1_ISR</name>
         <value>0x92c6</value>
         <object_component_ref idref="oc-113"/>
      </symbol>
      <symbol id="sm-4c2">
         <name>_USER12_ISR</name>
         <value>0x9096</value>
         <object_component_ref idref="oc-113"/>
      </symbol>
      <symbol id="sm-4c4">
         <name>_CLA1_4_ISR</name>
         <value>0x93c3</value>
         <object_component_ref idref="oc-113"/>
      </symbol>
      <symbol id="sm-4c6">
         <name>_USER1_ISR</name>
         <value>0x908c</value>
         <object_component_ref idref="oc-113"/>
      </symbol>
      <symbol id="sm-4c8">
         <name>_CLA_UNDERFLOW_ISR</name>
         <value>0x9387</value>
         <object_component_ref idref="oc-113"/>
      </symbol>
      <symbol id="sm-4ca">
         <name>_ADCC_EVT_ISR</name>
         <value>0x941d</value>
         <object_component_ref idref="oc-113"/>
      </symbol>
      <symbol id="sm-4cc">
         <name>_SYS_PLL_SLIP_ISR</name>
         <value>0x90d2</value>
         <object_component_ref idref="oc-113"/>
      </symbol>
      <symbol id="sm-4ce">
         <name>_XINT3_ISR</name>
         <value>0x9014</value>
         <object_component_ref idref="oc-113"/>
      </symbol>
      <symbol id="sm-4d0">
         <name>_NMI_ISR</name>
         <value>0x919a</value>
         <object_component_ref idref="oc-113"/>
      </symbol>
      <symbol id="sm-4d2">
         <name>_CANA0_ISR</name>
         <value>0x9413</value>
         <object_component_ref idref="oc-113"/>
      </symbol>
      <symbol id="sm-4d4">
         <name>_CANB0_ISR</name>
         <value>0x93ff</value>
         <object_component_ref idref="oc-113"/>
      </symbol>
      <symbol id="sm-4d6">
         <name>_EPWM8_ISR</name>
         <value>0x923a</value>
         <object_component_ref idref="oc-113"/>
      </symbol>
      <symbol id="sm-4d8">
         <name>_EPWM2_ISR</name>
         <value>0x92b2</value>
         <object_component_ref idref="oc-113"/>
      </symbol>
      <symbol id="sm-4da">
         <name>_CLA1_5_ISR</name>
         <value>0x93b9</value>
         <object_component_ref idref="oc-113"/>
      </symbol>
      <symbol id="sm-4dc">
         <name>_EPWM5_TZ_ISR</name>
         <value>0x926c</value>
         <object_component_ref idref="oc-113"/>
      </symbol>
      <symbol id="sm-4de">
         <name>_WAKE_ISR</name>
         <value>0x9032</value>
         <object_component_ref idref="oc-113"/>
      </symbol>
      <symbol id="sm-4e0">
         <name>_XINT2_ISR</name>
         <value>0x901e</value>
         <object_component_ref idref="oc-113"/>
      </symbol>
      <symbol id="sm-4e2">
         <name>_LINA_0_ISR</name>
         <value>0x91ae</value>
         <object_component_ref idref="oc-113"/>
      </symbol>
      <symbol id="sm-4e4">
         <name>_DMA_CH1_ISR</name>
         <value>0x9373</value>
         <object_component_ref idref="oc-113"/>
      </symbol>
      <symbol id="sm-4e6">
         <name>_CANA1_ISR</name>
         <value>0x9409</value>
         <object_component_ref idref="oc-113"/>
      </symbol>
      <symbol id="sm-4e8">
         <name>_CANB1_ISR</name>
         <value>0x93f5</value>
         <object_component_ref idref="oc-113"/>
      </symbol>
      <symbol id="sm-4ea">
         <name>_ADCA_EVT_ISR</name>
         <value>0x9481</value>
         <object_component_ref idref="oc-113"/>
      </symbol>
      <symbol id="sm-4ec">
         <name>_SD1DR4_ISR</name>
         <value>0x910e</value>
         <object_component_ref idref="oc-113"/>
      </symbol>
      <symbol id="sm-4ee">
         <name>_SPIB_RX_ISR</name>
         <value>0x90e6</value>
         <object_component_ref idref="oc-113"/>
      </symbol>
      <symbol id="sm-4f0">
         <name>_CLA1PROMCRC_ISR</name>
         <value>0x93eb</value>
         <object_component_ref idref="oc-113"/>
      </symbol>
      <symbol id="sm-4f2">
         <name>_SPIB_TX_ISR</name>
         <value>0x90dc</value>
         <object_component_ref idref="oc-113"/>
      </symbol>
      <symbol id="sm-4f4">
         <name>_EPWM3_ISR</name>
         <value>0x929e</value>
         <object_component_ref idref="oc-113"/>
      </symbol>
      <symbol id="sm-4f6">
         <name>_USER9_ISR</name>
         <value>0x903c</value>
         <object_component_ref idref="oc-113"/>
      </symbol>
      <symbol id="sm-4f8">
         <name>_CLA1_6_ISR</name>
         <value>0x93af</value>
         <object_component_ref idref="oc-113"/>
      </symbol>
      <symbol id="sm-4fa">
         <name>_USER3_ISR</name>
         <value>0x9078</value>
         <object_component_ref idref="oc-113"/>
      </symbol>
      <symbol id="sm-4fc">
         <name>_NOTUSED_ISR</name>
         <value>0x9190</value>
         <object_component_ref idref="oc-113"/>
      </symbol>
      <symbol id="sm-4fe">
         <name>_LINA_1_ISR</name>
         <value>0x91a4</value>
         <object_component_ref idref="oc-113"/>
      </symbol>
      <symbol id="sm-500">
         <name>_RAM_ACCESS_VIOLATION_ISR</name>
         <value>0x9172</value>
         <object_component_ref idref="oc-113"/>
      </symbol>
      <symbol id="sm-502">
         <name>_DMA_CH2_ISR</name>
         <value>0x9369</value>
         <object_component_ref idref="oc-113"/>
      </symbol>
      <symbol id="sm-504">
         <name>_ECAP4_ISR</name>
         <value>0x9319</value>
         <object_component_ref idref="oc-113"/>
      </symbol>
      <symbol id="sm-506">
         <name>_ADCA1_ISR</name>
         <value>0x94a9</value>
         <object_component_ref idref="oc-113"/>
      </symbol>
      <symbol id="sm-508">
         <name>_FPU_UNDERFLOW_ISR</name>
         <value>0x91fe</value>
         <object_component_ref idref="oc-113"/>
      </symbol>
      <symbol id="sm-50a">
         <name>_ADCB1_ISR</name>
         <value>0x9477</value>
         <object_component_ref idref="oc-113"/>
      </symbol>
      <symbol id="sm-50c">
         <name>_ADCC1_ISR</name>
         <value>0x9445</value>
         <object_component_ref idref="oc-113"/>
      </symbol>
      <symbol id="sm-50e">
         <name>_FSIRXA1_ISR</name>
         <value>0x91f4</value>
         <object_component_ref idref="oc-113"/>
      </symbol>
      <symbol id="sm-510">
         <name>_USER8_ISR</name>
         <value>0x9046</value>
         <object_component_ref idref="oc-113"/>
      </symbol>
      <symbol id="sm-512">
         <name>_CLA1_7_ISR</name>
         <value>0x93a5</value>
         <object_component_ref idref="oc-113"/>
      </symbol>
      <symbol id="sm-514">
         <name>_USER2_ISR</name>
         <value>0x9082</value>
         <object_component_ref idref="oc-113"/>
      </symbol>
      <symbol id="sm-516">
         <name>_EPWM1_TZ_ISR</name>
         <value>0x92bc</value>
         <object_component_ref idref="oc-113"/>
      </symbol>
      <symbol id="sm-518">
         <name>_DMA_CH3_ISR</name>
         <value>0x935f</value>
         <object_component_ref idref="oc-113"/>
      </symbol>
      <symbol id="sm-51a">
         <name>_ECAP5_ISR</name>
         <value>0x930f</value>
         <object_component_ref idref="oc-113"/>
      </symbol>
      <symbol id="sm-51c">
         <name>_ADCA2_ISR</name>
         <value>0x949f</value>
         <object_component_ref idref="oc-113"/>
      </symbol>
      <symbol id="sm-51e">
         <name>_ADCB2_ISR</name>
         <value>0x946d</value>
         <object_component_ref idref="oc-113"/>
      </symbol>
      <symbol id="sm-520">
         <name>_ADCC2_ISR</name>
         <value>0x943b</value>
         <object_component_ref idref="oc-113"/>
      </symbol>
      <symbol id="sm-522">
         <name>_SCIB_RX_ISR</name>
         <value>0x9140</value>
         <object_component_ref idref="oc-113"/>
      </symbol>
      <symbol id="sm-524">
         <name>_EMU_ISR</name>
         <value>0x92d0</value>
         <object_component_ref idref="oc-113"/>
      </symbol>
      <symbol id="sm-526">
         <name>_SCIB_TX_ISR</name>
         <value>0x9136</value>
         <object_component_ref idref="oc-113"/>
      </symbol>
      <symbol id="sm-528">
         <name>_SPIA_RX_ISR</name>
         <value>0x90fa</value>
         <object_component_ref idref="oc-113"/>
      </symbol>
      <symbol id="sm-52a">
         <name>_SPIA_TX_ISR</name>
         <value>0x90f0</value>
         <object_component_ref idref="oc-113"/>
      </symbol>
      <symbol id="sm-52c">
         <name>_FSIRXA2_ISR</name>
         <value>0x91ea</value>
         <object_component_ref idref="oc-113"/>
      </symbol>
      <symbol id="sm-52e">
         <name>_XINT5_ISR</name>
         <value>0x9000</value>
         <object_component_ref idref="oc-113"/>
      </symbol>
      <symbol id="sm-530">
         <name>_CLA_OVERFLOW_ISR</name>
         <value>0x9391</value>
         <object_component_ref idref="oc-113"/>
      </symbol>
      <symbol id="sm-561">
         <name>_F28x_usDelay</name>
         <value>0x15d</value>
         <object_component_ref idref="oc-12c"/>
      </symbol>
      <symbol id="sm-571">
         <name>_Example_Fail</name>
         <value>0xa9be</value>
         <object_component_ref idref="oc-133"/>
      </symbol>
      <symbol id="sm-572">
         <name>_Device_initGPIO</name>
         <value>0x9803</value>
         <object_component_ref idref="oc-1d1"/>
      </symbol>
      <symbol id="sm-574">
         <name>___error__</name>
         <value>0x9800</value>
         <object_component_ref idref="oc-1d1"/>
      </symbol>
      <symbol id="sm-576">
         <name>_Device_init</name>
         <value>0x98e5</value>
         <object_component_ref idref="oc-1d1"/>
      </symbol>
      <symbol id="sm-578">
         <name>_Example_PassCount</name>
         <value>0xa9bc</value>
         <object_component_ref idref="oc-133"/>
      </symbol>
      <symbol id="sm-579">
         <name>_Device_enableAllPeripherals</name>
         <value>0x9813</value>
         <object_component_ref idref="oc-1d1"/>
      </symbol>
      <symbol id="sm-5b2">
         <name>_Interrupt_enable</name>
         <value>0x96a6</value>
         <object_component_ref idref="oc-1cf"/>
      </symbol>
      <symbol id="sm-5b4">
         <name>_Interrupt_initVectorTable</name>
         <value>0x9646</value>
         <object_component_ref idref="oc-1cf"/>
      </symbol>
      <symbol id="sm-5b6">
         <name>_Interrupt_disable</name>
         <value>0x9754</value>
         <object_component_ref idref="oc-1cf"/>
      </symbol>
      <symbol id="sm-5b8">
         <name>_Interrupt_initModule</name>
         <value>0x9663</value>
         <object_component_ref idref="oc-1cf"/>
      </symbol>
      <symbol id="sm-5f7">
         <name>_SysCtl_selectXTALSingleEnded</name>
         <value>0x188</value>
         <object_component_ref idref="oc-1d8"/>
      </symbol>
      <symbol id="sm-5f9">
         <name>_SysCtl_selectXTAL</name>
         <value>0x1a5</value>
         <object_component_ref idref="oc-1d8"/>
      </symbol>
      <symbol id="sm-5fb">
         <name>_SysCtl_delay</name>
         <value>0x161</value>
         <object_component_ref idref="oc-143"/>
      </symbol>
      <symbol id="sm-5fc">
         <name>_SysCtl_selectOscSource</name>
         <value>0x1d0</value>
         <object_component_ref idref="oc-1d8"/>
      </symbol>
      <symbol id="sm-5fe">
         <name>_SysCtl_isPLLValid</name>
         <value>0x1fd</value>
         <object_component_ref idref="oc-1d8"/>
      </symbol>
      <symbol id="sm-600">
         <name>_SysCtl_setClock</name>
         <value>0x299</value>
         <object_component_ref idref="oc-1d8"/>
      </symbol>
      <symbol id="sm-602">
         <name>_SysCtl_getLowSpeedClock</name>
         <value>0x387</value>
         <object_component_ref idref="oc-1d8"/>
      </symbol>
      <symbol id="sm-604">
         <name>_SysCtl_getClock</name>
         <value>0x341</value>
         <object_component_ref idref="oc-1d8"/>
      </symbol>
      <symbol id="sm-606">
         <name>_SysCtl_getDeviceParametric</name>
         <value>0x39c</value>
         <object_component_ref idref="oc-1d8"/>
      </symbol>
      <symbol id="sm-622">
         <name>_c_int00</name>
         <value>0x9f20</value>
         <object_component_ref idref="oc-7c"/>
      </symbol>
      <symbol id="sm-623">
         <name>__stack</name>
         <value>0x400</value>
         <object_component_ref idref="oc-148"/>
      </symbol>
      <symbol id="sm-630">
         <name>__system_post_cinit</name>
         <value>0x9ffe</value>
         <object_component_ref idref="oc-1b3"/>
      </symbol>
      <symbol id="sm-645">
         <name>C$$EXIT</name>
         <value>0xa08b</value>
         <object_component_ref idref="oc-1b5"/>
      </symbol>
      <symbol id="sm-646">
         <name>_exit</name>
         <value>0xa08d</value>
         <object_component_ref idref="oc-1b5"/>
      </symbol>
      <symbol id="sm-648">
         <name>___TI_cleanup_ptr</name>
         <value>0xa9e0</value>
         <object_component_ref idref="oc-155"/>
      </symbol>
      <symbol id="sm-649">
         <name>___TI_enable_exit_profile_output</name>
         <value>0xa9de</value>
         <object_component_ref idref="oc-155"/>
      </symbol>
      <symbol id="sm-64a">
         <name>_abort</name>
         <value>0xa08b</value>
         <object_component_ref idref="oc-1b5"/>
      </symbol>
      <symbol id="sm-64c">
         <name>___TI_dtors_ptr</name>
         <value>0xa9e2</value>
         <object_component_ref idref="oc-155"/>
      </symbol>
      <symbol id="sm-65b">
         <name>__args_main</name>
         <value>0xa17f</value>
         <object_component_ref idref="oc-1b4"/>
      </symbol>
      <symbol id="sm-7bf">
         <name>___TI_printfi</name>
         <value>0x8c79</value>
         <object_component_ref idref="oc-1c2"/>
      </symbol>
      <symbol id="sm-7db">
         <name>FD$$ADD</name>
         <value>0x9bb9</value>
         <object_component_ref idref="oc-166"/>
      </symbol>
      <symbol id="sm-7eb">
         <name>FD$$CMP</name>
         <value>0x8fd5</value>
         <object_component_ref idref="oc-16b"/>
      </symbol>
      <symbol id="sm-7fd">
         <name>FD$$MPY</name>
         <value>0x9d76</value>
         <object_component_ref idref="oc-170"/>
      </symbol>
      <symbol id="sm-80a">
         <name>FD$$NEG</name>
         <value>0xa1bb</value>
         <object_component_ref idref="oc-175"/>
      </symbol>
      <symbol id="sm-816">
         <name>FD$$SUB</name>
         <value>0xa1a1</value>
         <object_component_ref idref="oc-17a"/>
      </symbol>
      <symbol id="sm-825">
         <name>FD$$TOI</name>
         <value>0x9fdd</value>
         <object_component_ref idref="oc-17f"/>
      </symbol>
      <symbol id="sm-834">
         <name>FD$$TOL</name>
         <value>0x87e1</value>
         <object_component_ref idref="oc-184"/>
      </symbol>
      <symbol id="sm-840">
         <name>LL$$AND</name>
         <value>0xa167</value>
         <object_component_ref idref="oc-189"/>
      </symbol>
      <symbol id="sm-841">
         <name>LL$$OR</name>
         <value>0xa16f</value>
         <object_component_ref idref="oc-189"/>
      </symbol>
      <symbol id="sm-842">
         <name>LL$$XOR</name>
         <value>0xa177</value>
         <object_component_ref idref="oc-189"/>
      </symbol>
      <symbol id="sm-850">
         <name>ULL$$CMP</name>
         <value>0xa0ea</value>
         <object_component_ref idref="oc-18e"/>
      </symbol>
      <symbol id="sm-851">
         <name>LL$$CMP</name>
         <value>0xa0d8</value>
         <object_component_ref idref="oc-18e"/>
      </symbol>
      <symbol id="sm-87d">
         <name>ULL$$MOD</name>
         <value>0x877f</value>
         <object_component_ref idref="oc-193"/>
      </symbol>
      <symbol id="sm-87e">
         <name>ULL$$DIV</name>
         <value>0x8750</value>
         <object_component_ref idref="oc-193"/>
      </symbol>
      <symbol id="sm-87f">
         <name>LL$$MOD</name>
         <value>0x8716</value>
         <object_component_ref idref="oc-193"/>
      </symbol>
      <symbol id="sm-880">
         <name>LL$$DIV</name>
         <value>0x86da</value>
         <object_component_ref idref="oc-193"/>
      </symbol>
      <symbol id="sm-890">
         <name>I$$TOFD</name>
         <value>0xa0f6</value>
         <object_component_ref idref="oc-198"/>
      </symbol>
      <symbol id="sm-8a0">
         <name>L$$TOFD</name>
         <value>0xa12f</value>
         <object_component_ref idref="oc-19d"/>
      </symbol>
      <symbol id="sm-8b0">
         <name>FS$$TOFD</name>
         <value>0xa113</value>
         <object_component_ref idref="oc-1a2"/>
      </symbol>
      <symbol id="sm-8c7">
         <name>FD$$DIV</name>
         <value>0x9ceb</value>
         <object_component_ref idref="oc-1a7"/>
      </symbol>
      <symbol id="sm-8d3">
         <name>UL$$MOD</name>
         <value>0xa085</value>
         <object_component_ref idref="oc-1ac"/>
      </symbol>
      <symbol id="sm-8d4">
         <name>L$$MOD</name>
         <value>0xa070</value>
         <object_component_ref idref="oc-1ac"/>
      </symbol>
      <symbol id="sm-8d5">
         <name>L$$DIV</name>
         <value>0xa061</value>
         <object_component_ref idref="oc-1ac"/>
      </symbol>
      <symbol id="sm-8d6">
         <name>UL$$DIV</name>
         <value>0xa07e</value>
         <object_component_ref idref="oc-1ac"/>
      </symbol>
   </symbol_table>
   <title>Link successful</title>
</link_info>
