******************************************************************************
             TMS320C2000 Linker PC v20.8.0                     
******************************************************************************
>> Linked Mon Nov  9 11:22:11 2020

OUTPUT FILE NAME:   <Resonant_Demo.out>
ENTRY POINT SYMBOL: "_c_int00"  address: 00009bfb


MEMORY CONFIGURATION

         name            origin    length      used     unused   attr    fill
----------------------  --------  ---------  --------  --------  ----  --------
PAGE 0:
  BEGIN                 00000000   00000002  00000002  00000000  RWIX
  RAMM0                 000000f5   0000030b  0000030a  00000001  RWIX
  RAMLS0                00008000   00000800  00000800  00000000  RWIX
  RAMLS1                00008800   00000800  00000800  00000000  RWIX
  RAMLS2                00009000   00000800  000007ff  00000001  RWIX
  RAMLS3                00009800   00000800  00000800  00000000  RWIX
  RAMLS4                0000a000   00000800  00000326  000004da  RWIX
  RESET                 003fffc0   00000002  00000000  00000002  RWIX

PAGE 1:
  BOOT_RSVD             00000002   000000f3  00000000  000000f3  RWIX
  RAMM1                 00000400   00000400  00000200  00000200  RWIX
  ADCA_RESULT           00000b00   00000020  00000018  00000008  RWIX
  ADCB_RESULT           00000b20   00000020  00000018  00000008  RWIX
  ADCC_RESULT           00000b40   00000020  00000018  00000008  RWIX
  CPU_TIMER0            00000c00   00000008  00000008  00000000  RWIX
  CPU_TIMER1            00000c08   00000008  00000008  00000000  RWIX
  CPU_TIMER2            00000c10   00000008  00000008  00000000  RWIX
  PIE_CTRL              00000ce0   00000020  0000001a  00000006  RWIX
  PIE_VECT              00000d00   00000200  000001c0  00000040  RWIX
  DMA                   00001000   00000200  000000e0  00000120  RWIX
  CLA1                  00001400   00000080  00000048  00000038  RWIX
  EPWM1                 00004000   00000100  00000100  00000000  RWIX
  EPWM2                 00004100   00000100  00000100  00000000  RWIX
  EPWM3                 00004200   00000100  00000100  00000000  RWIX
  EPWM4                 00004300   00000100  00000100  00000000  RWIX
  EPWM5                 00004400   00000100  00000100  00000000  RWIX
  EPWM6                 00004500   00000100  00000100  00000000  RWIX
  EPWM7                 00004600   00000100  00000100  00000000  RWIX
  EPWM8                 00004700   00000100  00000100  00000000  RWIX
  EQEP1                 00005100   00000040  00000036  0000000a  RWIX
  EQEP2                 00005140   00000040  00000036  0000000a  RWIX
  ECAP1                 00005200   00000040  0000001a  00000026  RWIX
  ECAP2                 00005240   00000040  0000001a  00000026  RWIX
  ECAP3                 00005280   00000040  0000001a  00000026  RWIX
  ECAP4                 000052c0   00000040  0000001a  00000026  RWIX
  ECAP5                 00005300   00000040  0000001a  00000026  RWIX
  ECAP6                 00005340   00000040  0000001a  00000026  RWIX
  ECAP7                 00005380   00000040  0000001a  00000026  RWIX
  PGA1                  00005b00   00000010  0000000a  00000006  RWIX
  PGA2                  00005b10   00000010  0000000a  00000006  RWIX
  PGA3                  00005b20   00000010  0000000a  00000006  RWIX
  PGA4                  00005b30   00000010  0000000a  00000006  RWIX
  PGA5                  00005b40   00000010  0000000a  00000006  RWIX
  PGA6                  00005b50   00000010  0000000a  00000006  RWIX
  PGA7                  00005b60   00000010  0000000a  00000006  RWIX
  DACA                  00005c00   00000010  00000007  00000009  RWIX
  DACB                  00005c10   00000010  00000007  00000009  RWIX
  CMPSS1                00005c80   00000020  0000001b  00000005  RWIX
  CMPSS2                00005ca0   00000020  0000001b  00000005  RWIX
  CMPSS3                00005cc0   00000020  0000001b  00000005  RWIX
  CMPSS4                00005ce0   00000020  0000001b  00000005  RWIX
  CMPSS5                00005d00   00000020  0000001b  00000005  RWIX
  CMPSS6                00005d20   00000020  0000001b  00000005  RWIX
  CMPSS7                00005d40   00000020  0000001b  00000005  RWIX
  SDFM1                 00005e00   00000080  00000050  00000030  RWIX
  SPIA                  00006100   00000010  00000010  00000000  RWIX
  SPIB                  00006110   00000010  00000010  00000000  RWIX
  CLAPROMCRC            000061c0   00000020  00000020  00000000  RWIX
  PMBUSA                00006400   00000020  0000001e  00000002  RWIX
  FSITXA                00006600   00000080  00000050  00000030  RWIX
  FSIRXA                00006680   00000080  00000050  00000030  RWIX
  LINA                  00006a00   00000100  000000ec  00000014  RWIX
  LINB                  00006b00   00000100  000000ec  00000014  RWIX
  WD                    00007000   00000040  0000002b  00000015  RWIX
  NMIINTRUPT            00007060   00000010  00000007  00000009  RWIX
  XINT                  00007070   00000010  0000000b  00000005  RWIX
  SCIA                  00007200   00000010  00000010  00000000  RWIX
  SCIB                  00007210   00000010  00000010  00000000  RWIX
  I2CA                  00007300   00000040  00000022  0000001e  RWIX
  ADCA                  00007400   00000080  00000076  0000000a  RWIX
  ADCB                  00007480   00000080  00000076  0000000a  RWIX
  ADCC                  00007500   00000080  00000076  0000000a  RWIX
  INPUT_XBAR            00007900   00000020  00000020  00000000  RWIX
  XBAR                  00007920   00000020  00000010  00000010  RWIX
  SYNC_SOC              00007940   00000010  00000006  0000000a  RWIX
  DMACLASRCSEL          00007980   00000040  0000001a  00000026  RWIX
  EPWM_XBAR             00007a00   00000040  00000040  00000000  RWIX
  CLB_XBAR              00007a40   00000040  00000000  00000040  RWIX
  OUTPUT_XBAR           00007a80   00000040  00000040  00000000  RWIX
  GPIOCTRL              00007c00   00000200  00000200  00000000  RWIX
  GPIODAT               00007f00   00000040  0000003a  00000006  RWIX
  RAMLS5                0000a800   00000800  000004fa  00000306  RWIX
  RAMLS6                0000b000   00000800  00000000  00000800  RWIX
  RAMLS7                0000b800   00000800  00000000  00000800  RWIX
  RAMGS0                0000c000   00002000  00000000  00002000  RWIX
  RAMGS1                0000e000   00002000  00000000  00002000  RWIX
  RAMGS2                00010000   00002000  00000000  00002000  RWIX
  RAMGS3                00012000   00002000  00000000  00002000  RWIX
  CANA                  00048000   00000800  00000164  0000069c  RWIX
  CANB                  0004a000   00000800  00000164  0000069c  RWIX
  DEV_CFG               0005d000   00000180  00000132  0000004e  RWIX
  CLK_CFG               0005d200   00000100  00000034  000000cc  RWIX
  CPU_SYS               0005d300   00000100  00000082  0000007e  RWIX
  PERIPH_AC             0005d500   00000200  00000200  00000000  RWIX
  ANALOG_SUBSYS         0005d700   00000100  00000090  00000070  RWIX
  DCC0                  0005e700   00000040  0000002c  00000014  RWIX
  ERAD_GLOBAL           0005e800   00000013  0000000b  00000008  RWIX
  ERAD_HWBP1            0005e900   00000008  00000008  00000000  RWIX
  ERAD_HWBP2            0005e908   00000008  00000008  00000000  RWIX
  ERAD_HWBP3            0005e910   00000008  00000008  00000000  RWIX
  ERAD_HWBP4            0005e918   00000008  00000008  00000000  RWIX
  ERAD_HWBP5            0005e920   00000008  00000008  00000000  RWIX
  ERAD_HWBP6            0005e928   00000008  00000008  00000000  RWIX
  ERAD_HWBP7            0005e930   00000008  00000008  00000000  RWIX
  ERAD_HWBP8            0005e938   00000008  00000008  00000000  RWIX
  ERAD_CTR1             0005e980   00000010  0000000a  00000006  RWIX
  ERAD_CTR2             0005e990   00000010  0000000a  00000006  RWIX
  ERAD_CTR3             0005e9a0   00000010  0000000a  00000006  RWIX
  ERAD_CTR4             0005e9b0   00000010  0000000a  00000006  RWIX
  DCSM_BANK0_Z1         0005f000   00000030  00000022  0000000e  RWIX
  DCSM_BANK0_Z2         0005f040   00000030  00000022  0000000e  RWIX
  DCSM_COMMON           0005f070   00000010  00000010  00000000  RWIX
  DCSM_BANK1_Z1         0005f100   00000030  00000020  00000010  RWIX
  DCSM_BANK1_Z2         0005f140   00000030  00000020  00000010  RWIX
  MEMCFG                0005f400   00000080  00000076  0000000a  RWIX
  ACCESSPROTECTION      0005f4c0   00000040  0000002e  00000012  RWIX
  MEMORYERROR           0005f500   00000040  0000003a  00000006  RWIX
  FLASH0_CTRL           0005f800   00000300  00000182  0000017e  RWIX
  FLASH0_ECC            0005fb00   00000040  00000028  00000018  RWIX


SECTION ALLOCATION MAP

 output                                  attributes/
section   page    origin      length       input sections
--------  ----  ----------  ----------   ----------------
codestart 
*          0    00000000    00000002     
                  00000000    00000002     f28004x_codestartbranch.obj (codestart)

.cinit     0    000000f5    00000064     
                  000000f5    00000028     Main_Resonant.obj (.cinit)
                  0000011d    0000000f     ADC_Operation.obj (.cinit)
                  0000012c    0000000e     rts2800_fpu32.lib : exit.c.obj (.cinit)
                  0000013a    0000000a     device.obj (.cinit)
                  00000144    00000005     PWM_Operation.obj (.cinit)
                  00000149    00000005     rts2800_fpu32.lib : _lock.c.obj (.cinit:__lock)
                  0000014e    00000005                       : _lock.c.obj (.cinit:__unlock)
                  00000153    00000004                       : errno.c.obj (.cinit)
                  00000157    00000002     --HOLE-- [fill = 0]

.TI.ramfunc 
*          0    00000159    00000008     
                  00000159    00000004     driverlib_coff.lib : sysctl.obj (.TI.ramfunc)
                  0000015d    00000004     f28004x_usdelay.obj (.TI.ramfunc)

.pinit     0    000000f5    00000000     UNINITIALIZED

.reset     0    003fffc0    00000002     DSECT
                  003fffc0    00000002     rts2800_fpu32.lib : boot28.asm.obj (.reset)

.stack     1    00000400    00000200     UNINITIALIZED
                  00000400    00000200     --HOLE--

AdcaResultFile 
*          1    00000b00    00000018     UNINITIALIZED
                  00000b00    00000018     f28004x_globalvariabledefs.obj (AdcaResultFile)

AdcbResultFile 
*          1    00000b20    00000018     UNINITIALIZED
                  00000b20    00000018     f28004x_globalvariabledefs.obj (AdcbResultFile)

AdccResultFile 
*          1    00000b40    00000018     UNINITIALIZED
                  00000b40    00000018     f28004x_globalvariabledefs.obj (AdccResultFile)

CpuTimer0RegsFile 
*          1    00000c00    00000008     UNINITIALIZED
                  00000c00    00000008     f28004x_globalvariabledefs.obj (CpuTimer0RegsFile)

CpuTimer1RegsFile 
*          1    00000c08    00000008     UNINITIALIZED
                  00000c08    00000008     f28004x_globalvariabledefs.obj (CpuTimer1RegsFile)

CpuTimer2RegsFile 
*          1    00000c10    00000008     UNINITIALIZED
                  00000c10    00000008     f28004x_globalvariabledefs.obj (CpuTimer2RegsFile)

PieCtrlRegsFile 
*          1    00000ce0    0000001a     UNINITIALIZED
                  00000ce0    0000001a     f28004x_globalvariabledefs.obj (PieCtrlRegsFile)

Cla1RegsFile 
*          1    00001400    00000048     UNINITIALIZED
                  00001400    00000048     f28004x_globalvariabledefs.obj (Cla1RegsFile)

DacaRegsFile 
*          1    00005c00    00000007     UNINITIALIZED
                  00005c00    00000007     f28004x_globalvariabledefs.obj (DacaRegsFile)

DacbRegsFile 
*          1    00005c10    00000007     UNINITIALIZED
                  00005c10    00000007     f28004x_globalvariabledefs.obj (DacbRegsFile)

.econst    1    0000a800    000004bc     
                  0000a800    00000101     rts2800_fpu32.lib : ctype.c.obj (.econst:.string:__ctypes_)
                  0000a901    00000001     --HOLE-- [fill = 0]
                  0000a902    000000ef     driverlib_coff.lib : gpio.obj (.econst:.string)
                  0000a9f1    00000001     --HOLE-- [fill = 0]
                  0000a9f2    000000ef                        : sysctl.obj (.econst:.string)
                  0000aae1    00000001     --HOLE-- [fill = 0]
                  0000aae2    000000ec                        : sci.obj (.econst:.string)
                  0000abce    0000007c                        : interrupt.obj (.econst:.string)
                  0000ac4a    00000026     rts2800_fpu32.lib : _printfi.c.obj (.econst:.string)
                  0000ac70    0000001c                       : _printfi.c.obj (.econst)
                  0000ac8c    0000001c                       : s_scalbn.c.obj (.econst)
                  0000aca8    00000009     Main_Resonant.obj (.econst:.string)
                  0000acb1    00000001     --HOLE-- [fill = 0]
                  0000acb2    00000008     rts2800_fpu32.lib : s_frexp.c.obj (.econst)
                  0000acba    00000002     Main_Resonant.obj (.econst)

.ebss      1    0000acbc    0000003e     UNINITIALIZED
                  0000acbc    00000004     device.obj (.ebss)
                  0000acc0    00000016     Main_Resonant.obj (.ebss)
                  0000acd6    0000000c     Main_Resonant.obj (.ebss:_data_buff)
                  0000ace2    00000006     ADC_Operation.obj (.ebss)
                  0000ace8    00000006     rts2800_fpu32.lib : exit.c.obj (.ebss)
                  0000acee    00000003     Main_Resonant.obj (.ebss:_AdcResult)
                  0000acf1    00000001     rts2800_fpu32.lib : errno.c.obj (.ebss)
                  0000acf2    00000002     PWM_Operation.obj (.ebss)
                  0000acf4    00000002     Main_Resonant.obj (.ebss:_Adc_sweep_Result)
                  0000acf6    00000002     rts2800_fpu32.lib : _lock.c.obj (.ebss:__lock)
                  0000acf8    00000002                       : _lock.c.obj (.ebss:__unlock)

PieVectTableFile 
*          1    00000d00    000001c0     UNINITIALIZED
                  00000d00    000001c0     f28004x_globalvariabledefs.obj (PieVectTableFile)

EmuKeyVar 
*          1    00000d00    00000000     UNINITIALIZED

EmuBModeVar 
*          1    00000d00    00000000     UNINITIALIZED

FlashCallbackVar 
*          1    00000d00    00000000     UNINITIALIZED

FlashScalingVar 
*          1    00000d00    00000000     UNINITIALIZED

AdcaRegsFile 
*          1    00007400    00000076     UNINITIALIZED
                  00007400    00000076     f28004x_globalvariabledefs.obj (AdcaRegsFile)

AdcbRegsFile 
*          1    00007480    00000076     UNINITIALIZED
                  00007480    00000076     f28004x_globalvariabledefs.obj (AdcbRegsFile)

AdccRegsFile 
*          1    00007500    00000076     UNINITIALIZED
                  00007500    00000076     f28004x_globalvariabledefs.obj (AdccRegsFile)

CanaRegsFile 
*          1    00048000    00000164     UNINITIALIZED
                  00048000    00000164     f28004x_globalvariabledefs.obj (CanaRegsFile)

CanbRegsFile 
*          1    0004a000    00000164     UNINITIALIZED
                  0004a000    00000164     f28004x_globalvariabledefs.obj (CanbRegsFile)

AnalogSubsysRegsFile 
*          1    0005d700    00000090     UNINITIALIZED
                  0005d700    00000090     f28004x_globalvariabledefs.obj (AnalogSubsysRegsFile)

Cla1SoftIntRegsFile 
*          1    00000ce0    00000003     DSECT
                  00000ce0    00000003     f28004x_globalvariabledefs.obj (Cla1SoftIntRegsFile)

ClaPromCrc0RegsFile 
*          1    000061c0    00000020     UNINITIALIZED
                  000061c0    00000020     f28004x_globalvariabledefs.obj (ClaPromCrc0RegsFile)

DmaRegsFile 
*          1    00001000    000000e0     UNINITIALIZED
                  00001000    000000e0     f28004x_globalvariabledefs.obj (DmaRegsFile)

EPwm1RegsFile 
*          1    00004000    00000100     UNINITIALIZED
                  00004000    00000100     f28004x_globalvariabledefs.obj (EPwm1RegsFile)

EPwm2RegsFile 
*          1    00004100    00000100     UNINITIALIZED
                  00004100    00000100     f28004x_globalvariabledefs.obj (EPwm2RegsFile)

EPwm3RegsFile 
*          1    00004200    00000100     UNINITIALIZED
                  00004200    00000100     f28004x_globalvariabledefs.obj (EPwm3RegsFile)

EPwm4RegsFile 
*          1    00004300    00000100     UNINITIALIZED
                  00004300    00000100     f28004x_globalvariabledefs.obj (EPwm4RegsFile)

EPwm5RegsFile 
*          1    00004400    00000100     UNINITIALIZED
                  00004400    00000100     f28004x_globalvariabledefs.obj (EPwm5RegsFile)

EPwm6RegsFile 
*          1    00004500    00000100     UNINITIALIZED
                  00004500    00000100     f28004x_globalvariabledefs.obj (EPwm6RegsFile)

EPwm7RegsFile 
*          1    00004600    00000100     UNINITIALIZED
                  00004600    00000100     f28004x_globalvariabledefs.obj (EPwm7RegsFile)

EPwm8RegsFile 
*          1    00004700    00000100     UNINITIALIZED
                  00004700    00000100     f28004x_globalvariabledefs.obj (EPwm8RegsFile)

EQep1RegsFile 
*          1    00005100    00000036     UNINITIALIZED
                  00005100    00000036     f28004x_globalvariabledefs.obj (EQep1RegsFile)

EQep2RegsFile 
*          1    00005140    00000036     UNINITIALIZED
                  00005140    00000036     f28004x_globalvariabledefs.obj (EQep2RegsFile)

ECap1RegsFile 
*          1    00005200    0000001a     UNINITIALIZED
                  00005200    0000001a     f28004x_globalvariabledefs.obj (ECap1RegsFile)

ECap2RegsFile 
*          1    00005240    0000001a     UNINITIALIZED
                  00005240    0000001a     f28004x_globalvariabledefs.obj (ECap2RegsFile)

ECap3RegsFile 
*          1    00005280    0000001a     UNINITIALIZED
                  00005280    0000001a     f28004x_globalvariabledefs.obj (ECap3RegsFile)

ECap4RegsFile 
*          1    000052c0    0000001a     UNINITIALIZED
                  000052c0    0000001a     f28004x_globalvariabledefs.obj (ECap4RegsFile)

ECap5RegsFile 
*          1    00005300    0000001a     UNINITIALIZED
                  00005300    0000001a     f28004x_globalvariabledefs.obj (ECap5RegsFile)

ECap6RegsFile 
*          1    00005340    0000001a     UNINITIALIZED
                  00005340    0000001a     f28004x_globalvariabledefs.obj (ECap6RegsFile)

ECap7RegsFile 
*          1    00005380    0000001a     UNINITIALIZED
                  00005380    0000001a     f28004x_globalvariabledefs.obj (ECap7RegsFile)

Pga1RegsFile 
*          1    00005b00    0000000a     UNINITIALIZED
                  00005b00    0000000a     f28004x_globalvariabledefs.obj (Pga1RegsFile)

Pga2RegsFile 
*          1    00005b10    0000000a     UNINITIALIZED
                  00005b10    0000000a     f28004x_globalvariabledefs.obj (Pga2RegsFile)

Pga3RegsFile 
*          1    00005b20    0000000a     UNINITIALIZED
                  00005b20    0000000a     f28004x_globalvariabledefs.obj (Pga3RegsFile)

Pga4RegsFile 
*          1    00005b30    0000000a     UNINITIALIZED
                  00005b30    0000000a     f28004x_globalvariabledefs.obj (Pga4RegsFile)

Pga5RegsFile 
*          1    00005b40    0000000a     UNINITIALIZED
                  00005b40    0000000a     f28004x_globalvariabledefs.obj (Pga5RegsFile)

Pga6RegsFile 
*          1    00005b50    0000000a     UNINITIALIZED
                  00005b50    0000000a     f28004x_globalvariabledefs.obj (Pga6RegsFile)

Pga7RegsFile 
*          1    00005b60    0000000a     UNINITIALIZED
                  00005b60    0000000a     f28004x_globalvariabledefs.obj (Pga7RegsFile)

Cmpss1RegsFile 
*          1    00005c80    0000001b     UNINITIALIZED
                  00005c80    0000001b     f28004x_globalvariabledefs.obj (Cmpss1RegsFile)

Cmpss2RegsFile 
*          1    00005ca0    0000001b     UNINITIALIZED
                  00005ca0    0000001b     f28004x_globalvariabledefs.obj (Cmpss2RegsFile)

Cmpss3RegsFile 
*          1    00005cc0    0000001b     UNINITIALIZED
                  00005cc0    0000001b     f28004x_globalvariabledefs.obj (Cmpss3RegsFile)

Cmpss4RegsFile 
*          1    00005ce0    0000001b     UNINITIALIZED
                  00005ce0    0000001b     f28004x_globalvariabledefs.obj (Cmpss4RegsFile)

Cmpss5RegsFile 
*          1    00005d00    0000001b     UNINITIALIZED
                  00005d00    0000001b     f28004x_globalvariabledefs.obj (Cmpss5RegsFile)

Cmpss6RegsFile 
*          1    00005d20    0000001b     UNINITIALIZED
                  00005d20    0000001b     f28004x_globalvariabledefs.obj (Cmpss6RegsFile)

Cmpss7RegsFile 
*          1    00005d40    0000001b     UNINITIALIZED
                  00005d40    0000001b     f28004x_globalvariabledefs.obj (Cmpss7RegsFile)

Sdfm1RegsFile 
*          1    00005e00    00000050     UNINITIALIZED
                  00005e00    00000050     f28004x_globalvariabledefs.obj (Sdfm1RegsFile)

SpiaRegsFile 
*          1    00006100    00000010     UNINITIALIZED
                  00006100    00000010     f28004x_globalvariabledefs.obj (SpiaRegsFile)

SpibRegsFile 
*          1    00006110    00000010     UNINITIALIZED
                  00006110    00000010     f28004x_globalvariabledefs.obj (SpibRegsFile)

PmbusaRegsFile 
*          1    00006400    0000001e     UNINITIALIZED
                  00006400    0000001e     f28004x_globalvariabledefs.obj (PmbusaRegsFile)

FsiTxaRegsFile 
*          1    00006600    00000050     UNINITIALIZED
                  00006600    00000050     f28004x_globalvariabledefs.obj (FsiTxaRegsFile)

FsiRxaRegsFile 
*          1    00006680    00000050     UNINITIALIZED
                  00006680    00000050     f28004x_globalvariabledefs.obj (FsiRxaRegsFile)

LinaRegsFile 
*          1    00006a00    000000ec     UNINITIALIZED
                  00006a00    000000ec     f28004x_globalvariabledefs.obj (LinaRegsFile)

LinbRegsFile 
*          1    00006b00    000000ec     UNINITIALIZED
                  00006b00    000000ec     f28004x_globalvariabledefs.obj (LinbRegsFile)

WdRegsFile 
*          1    00007000    0000002b     UNINITIALIZED
                  00007000    0000002b     f28004x_globalvariabledefs.obj (WdRegsFile)

NmiIntruptRegsFile 
*          1    00007060    00000007     UNINITIALIZED
                  00007060    00000007     f28004x_globalvariabledefs.obj (NmiIntruptRegsFile)

XintRegsFile 
*          1    00007070    0000000b     UNINITIALIZED
                  00007070    0000000b     f28004x_globalvariabledefs.obj (XintRegsFile)

SciaRegsFile 
*          1    00007200    00000010     UNINITIALIZED
                  00007200    00000010     f28004x_globalvariabledefs.obj (SciaRegsFile)

ScibRegsFile 
*          1    00007210    00000010     UNINITIALIZED
                  00007210    00000010     f28004x_globalvariabledefs.obj (ScibRegsFile)

I2caRegsFile 
*          1    00007300    00000022     UNINITIALIZED
                  00007300    00000022     f28004x_globalvariabledefs.obj (I2caRegsFile)

InputXbarRegsFile 
*          1    00007900    00000020     UNINITIALIZED
                  00007900    00000020     f28004x_globalvariabledefs.obj (InputXbarRegsFile)

XbarRegsFile 
*          1    00007920    00000010     UNINITIALIZED
                  00007920    00000010     f28004x_globalvariabledefs.obj (XbarRegsFile)

SyncSocRegsFile 
*          1    00007940    00000006     UNINITIALIZED
                  00007940    00000006     f28004x_globalvariabledefs.obj (SyncSocRegsFile)

DmaClaSrcSelRegsFile 
*          1    00007980    0000001a     UNINITIALIZED
                  00007980    0000001a     f28004x_globalvariabledefs.obj (DmaClaSrcSelRegsFile)

EPwmXbarRegsFile 
*          1    00007a00    00000040     UNINITIALIZED
                  00007a00    00000040     f28004x_globalvariabledefs.obj (EPwmXbarRegsFile)

OutputXbarRegsFile 
*          1    00007a80    00000040     UNINITIALIZED
                  00007a80    00000040     f28004x_globalvariabledefs.obj (OutputXbarRegsFile)

GpioCtrlRegsFile 
*          1    00007c00    00000200     UNINITIALIZED
                  00007c00    00000200     f28004x_globalvariabledefs.obj (GpioCtrlRegsFile)

GpioDataRegsFile 
*          1    00007f00    0000003a     UNINITIALIZED
                  00007f00    0000003a     f28004x_globalvariabledefs.obj (GpioDataRegsFile)

DevCfgRegsFile 
*          1    0005d000    00000132     UNINITIALIZED
                  0005d000    00000132     f28004x_globalvariabledefs.obj (DevCfgRegsFile)

ClkCfgRegsFile 
*          1    0005d200    00000034     UNINITIALIZED
                  0005d200    00000034     f28004x_globalvariabledefs.obj (ClkCfgRegsFile)

CpuSysRegsFile 
*          1    0005d300    00000082     UNINITIALIZED
                  0005d300    00000082     f28004x_globalvariabledefs.obj (CpuSysRegsFile)

SysPeriphAcRegsFile 
*          1    0005d500    00000200     UNINITIALIZED
                  0005d500    00000200     f28004x_globalvariabledefs.obj (SysPeriphAcRegsFile)

Dcc0RegsFile 
*          1    0005e700    0000002c     UNINITIALIZED
                  0005e700    0000002c     f28004x_globalvariabledefs.obj (Dcc0RegsFile)

EradGlobalRegsFile 
*          1    0005e800    0000000b     UNINITIALIZED
                  0005e800    0000000b     f28004x_globalvariabledefs.obj (EradGlobalRegsFile)

EradHWBP1RegsFile 
*          1    0005e900    00000008     UNINITIALIZED
                  0005e900    00000008     f28004x_globalvariabledefs.obj (EradHWBP1RegsFile)

EradHWBP2RegsFile 
*          1    0005e908    00000008     UNINITIALIZED
                  0005e908    00000008     f28004x_globalvariabledefs.obj (EradHWBP2RegsFile)

EradHWBP3RegsFile 
*          1    0005e910    00000008     UNINITIALIZED
                  0005e910    00000008     f28004x_globalvariabledefs.obj (EradHWBP3RegsFile)

EradHWBP4RegsFile 
*          1    0005e918    00000008     UNINITIALIZED
                  0005e918    00000008     f28004x_globalvariabledefs.obj (EradHWBP4RegsFile)

EradHWBP5RegsFile 
*          1    0005e920    00000008     UNINITIALIZED
                  0005e920    00000008     f28004x_globalvariabledefs.obj (EradHWBP5RegsFile)

EradHWBP6RegsFile 
*          1    0005e928    00000008     UNINITIALIZED
                  0005e928    00000008     f28004x_globalvariabledefs.obj (EradHWBP6RegsFile)

EradHWBP7RegsFile 
*          1    0005e930    00000008     UNINITIALIZED
                  0005e930    00000008     f28004x_globalvariabledefs.obj (EradHWBP7RegsFile)

EradHWBP8RegsFile 
*          1    0005e938    00000008     UNINITIALIZED
                  0005e938    00000008     f28004x_globalvariabledefs.obj (EradHWBP8RegsFile)

EradCounter1RegsFile 
*          1    0005e980    0000000a     UNINITIALIZED
                  0005e980    0000000a     f28004x_globalvariabledefs.obj (EradCounter1RegsFile)

EradCounter2RegsFile 
*          1    0005e990    0000000a     UNINITIALIZED
                  0005e990    0000000a     f28004x_globalvariabledefs.obj (EradCounter2RegsFile)

EradCounter3RegsFile 
*          1    0005e9a0    0000000a     UNINITIALIZED
                  0005e9a0    0000000a     f28004x_globalvariabledefs.obj (EradCounter3RegsFile)

EradCounter4RegsFile 
*          1    0005e9b0    0000000a     UNINITIALIZED
                  0005e9b0    0000000a     f28004x_globalvariabledefs.obj (EradCounter4RegsFile)

DcsmBank0Z1RegsFile 
*          1    0005f000    00000022     UNINITIALIZED
                  0005f000    00000022     f28004x_globalvariabledefs.obj (DcsmBank0Z1RegsFile)

DcsmBank0Z2RegsFile 
*          1    0005f040    00000022     UNINITIALIZED
                  0005f040    00000022     f28004x_globalvariabledefs.obj (DcsmBank0Z2RegsFile)

DcsmCommonRegsFile 
*          1    0005f070    00000010     UNINITIALIZED
                  0005f070    00000010     f28004x_globalvariabledefs.obj (DcsmCommonRegsFile)

DcsmBank1Z1RegsFile 
*          1    0005f100    00000020     UNINITIALIZED
                  0005f100    00000020     f28004x_globalvariabledefs.obj (DcsmBank1Z1RegsFile)

DcsmBank1Z2RegsFile 
*          1    0005f140    00000020     UNINITIALIZED
                  0005f140    00000020     f28004x_globalvariabledefs.obj (DcsmBank1Z2RegsFile)

MemCfgRegsFile 
*          1    0005f400    00000076     UNINITIALIZED
                  0005f400    00000076     f28004x_globalvariabledefs.obj (MemCfgRegsFile)

AccessProtectionRegsFile 
*          1    0005f4c0    0000002e     UNINITIALIZED
                  0005f4c0    0000002e     f28004x_globalvariabledefs.obj (AccessProtectionRegsFile)

MemoryErrorRegsFile 
*          1    0005f500    0000003a     UNINITIALIZED
                  0005f500    0000003a     f28004x_globalvariabledefs.obj (MemoryErrorRegsFile)

Flash0CtrlRegsFile 
*          1    0005f800    00000182     UNINITIALIZED
                  0005f800    00000182     f28004x_globalvariabledefs.obj (Flash0CtrlRegsFile)

Flash0EccRegsFile 
*          1    0005fb00    00000028     UNINITIALIZED
                  0005fb00    00000028     f28004x_globalvariabledefs.obj (Flash0EccRegsFile)

.text.1    0    00000162    0000029e     
                  00000162    00000187     device.obj (.text)
                  000002e9    00000112     PWM_Operation.obj (.text)
                  000003fb    00000005     rts2800_fpu32.lib : strcpy.c.obj (.text)

.text.2    0    00008000    00000800     
                  00008000    000006da     rts2800_fpu32.lib : _printfi.c.obj (.text)
                  000086da    00000107                       : ll_div28.asm.obj (.text)
                  000087e1    0000001f     driverlib_coff.lib : sysctl.obj (.text:_DCC_setCounter1ClkSource)

.text.3    0    00008800    00000800     
                  00008800    0000060a     rts2800_fpu32.lib : _printfi.c.obj (.text:__TI_printfi)
                  00008e0a    0000015c     Init_Resonant.obj (.text)
                  00008f66    0000008b     rts2800_fpu32.lib : fd_div28.asm.obj (.text)
                  00008ff1    0000000e     driverlib_coff.lib : interrupt.obj (.text:_Interrupt_defaultHandler)
                  00008fff    00000001     rts2800_fpu32.lib : startup.c.obj (.text)

.text.4    0    00009000    000007ff     
                  00009000    000004b3     f28004x_defaultisr.obj (.text:retain)
                  000094b3    00000138     Main_Resonant.obj (.text:retain)
                  000095eb    000000e2     ADC_Operation.obj (.text)
                  000096cd    000000b6     driverlib_coff.lib : sysctl.obj (.text:_SysCtl_setClock)
                  00009783    0000007c     Main_Resonant.obj (.text)

.text.5    0    00009800    00000800     
                  00009800    000000ae     rts2800_fpu32.lib : s_scalbn.c.obj (.text)
                  000098ae    0000009c                       : fd_add28.asm.obj (.text)
                  0000994a    0000009b     driverlib_coff.lib : sysctl.obj (.text:_SysCtl_isPLLValid)
                  000099e5    00000088     rts2800_fpu32.lib : fs_div28.asm.obj (.text)
                  00009a6d    00000083                       : fd_mpy28.asm.obj (.text)
                  00009af0    0000005b     driverlib_coff.lib : sysctl.obj (.text:_SysCtl_selectOscSource)
                  00009b4b    0000005a     rts2800_fpu32.lib : s_frexp.c.obj (.text)
                  00009ba5    00000056     driverlib_coff.lib : sysctl.obj (.text:_DCC_setCounterSeeds)
                  00009bfb    00000056     rts2800_fpu32.lib : boot28.asm.obj (.text)
                  00009c51    00000052     driverlib_coff.lib : gpio.obj (.text:_GPIO_setPadConfig)
                  00009ca3    00000046                        : sci.obj (.text:_SCI_clearInterruptStatus)
                  00009ce9    00000041                        : sci.obj (.text:_SCI_writeCharArray)
                  00009d2a    0000003e                        : sci.obj (.text:_SCI_setConfig)
                  00009d68    0000003b                        : gpio.obj (.text:_GPIO_setAnalogMode)
                  00009da3    00000037                        : gpio.obj (.text:_GPIO_setPinConfig)
                  00009dda    00000032     rts2800_fpu32.lib : sprintf.c.obj (.text)
                  00009e0c    00000031     driverlib_coff.lib : gpio.obj (.text:_GPIO_setDirectionMode)
                  00009e3d    00000031     rts2800_fpu32.lib : atoi.c.obj (.text)
                  00009e6e    00000030                       : _ltoa.c.obj (.text)
                  00009e9e    0000002a                       : fd_cmp28.asm.obj (.text)
                  00009ec8    0000002a                       : l_div28.asm.obj (.text)
                  00009ef2    00000029                       : exit.c.obj (.text)
                  00009f1b    00000026     driverlib_coff.lib : sysctl.obj (.text:_SysCtl_pollX1Counter)
                  00009f41    00000025                        : sysctl.obj (.text:_DCC_enableSingleShotMode)
                  00009f66    00000025     rts2800_fpu32.lib : s_copysign.c.obj (.text)
                  00009f8b    00000024     driverlib_coff.lib : sysctl.obj (.text:_SysCtl_selectXTAL)
                  00009faf    00000024     rts2800_fpu32.lib : cpy_tbl.c.obj (.text)
                  00009fd3    00000022     driverlib_coff.lib : sci.obj (.text:_SCI_isFIFOEnabled)
                  00009ff5    0000000b                        : sysctl.obj (.text:_SysCtl_isMCDClockFailureDetected)

.text.6    0    0000a000    00000326     
                  0000a000    00000021     rts2800_fpu32.lib : fd_toi28.asm.obj (.text)
                  0000a021    00000020     driverlib_coff.lib : interrupt.obj (.text:_Interrupt_initVectorTable)
                  0000a041    0000001f     rts2800_fpu32.lib : fd_tol28.asm.obj (.text)
                  0000a060    0000001e                       : ll_cmp28.asm.obj (.text)
                  0000a07e    0000001d     driverlib_coff.lib : sysctl.obj (.text:_DCC_setCounter0ClkSource)
                  0000a09b    0000001d     rts2800_fpu32.lib : i_tofd28.asm.obj (.text)
                  0000a0b8    0000001d                       : memcpy.c.obj (.text)
                  0000a0d5    0000001c                       : fs_tofdfpu32.asm.obj (.text)
                  0000a0f1    0000001c                       : l_tofd28.asm.obj (.text)
                  0000a10d    0000001b     driverlib_coff.lib : sci.obj (.text:_SCI_isSpaceAvailableNonFIFO)
                  0000a128    0000001a                        : sysctl.obj (.text:_SysCtl_selectXTALSingleEnded)
                  0000a142    00000019                        : sci.obj (.text:_SCI_disableModule)
                  0000a15b    00000019                        : sci.obj (.text:_SCI_performSoftwareReset)
                  0000a174    00000018     rts2800_fpu32.lib : ll_aox28.asm.obj (.text)
                  0000a18c    00000017     driverlib_coff.lib : sysctl.obj (.text:_DCC_disableDoneSignal)
                  0000a1a3    00000017                        : sysctl.obj (.text:_DCC_enableDoneSignal)
                  0000a1ba    00000017                        : sysctl.obj (.text:_SysCtl_enablePeripheral)
                  0000a1d1    00000016                        : sysctl.obj (.text:_DCC_clearDoneFlag)
                  0000a1e7    00000016                        : sysctl.obj (.text:_DCC_clearErrorFlag)
                  0000a1fd    00000016                        : sysctl.obj (.text:_DCC_disableErrorSignal)
                  0000a213    00000016                        : sysctl.obj (.text:_DCC_enableErrorSignal)
                  0000a229    00000015                        : sci.obj (.text:_SCI_getTxFIFOStatus)
                  0000a23e    00000015                        : sci.obj (.text:_SCI_isBaseValid)
                  0000a253    00000014                        : sysctl.obj (.text:_DCC_disableModule)
                  0000a267    00000014                        : sysctl.obj (.text:_DCC_enableModule)
                  0000a27b    00000014                        : gpio.obj (.text:_GPIO_isPinValid)
                  0000a28f    00000014                        : sci.obj (.text:_SCI_enableModule)
                  0000a2a3    00000012     rts2800_fpu32.lib : args_main.c.obj (.text)
                  0000a2b5    00000010     driverlib_coff.lib : sysctl.obj (.text:_DCC_isBaseValid)
                  0000a2c5    00000010     rts2800_fpu32.lib : memccpy.c.obj (.text)
                  0000a2d5    0000000e                       : fd_sub28.asm.obj (.text)
                  0000a2e3    0000000c                       : strchr.c.obj (.text)
                  0000a2ef    00000009                       : _lock.c.obj (.text)
                  0000a2f8    00000009                       : fd_neg28.asm.obj (.text)
                  0000a301    00000009                       : wcslen.c.obj (.text)
                  0000a30a    00000008                       : strlen.c.obj (.text)
                  0000a312    00000007     driverlib_coff.lib : sysctl.obj (.text:_SysCtl_resetMCD)
                  0000a319    00000007     rts2800_fpu32.lib : memset.c.obj (.text)
                  0000a320    00000002     driverlib_coff.lib : interrupt.obj (.text:_Interrupt_illegalOperationHandler)
                  0000a322    00000002                        : interrupt.obj (.text:_Interrupt_nmiHandler)
                  0000a324    00000002     rts2800_fpu32.lib : pre_init.c.obj (.text)

MODULE SUMMARY

       Module                           code   initialized data   uninitialized data
       ------                           ----   ----------------   ------------------
    .\
       f28004x_globalvariabledefs.obj   0      0                  8353              
       f28004x_defaultisr.obj           1203   0                  0                 
       Main_Resonant.obj                436    51                 39                
       Init_Resonant.obj                348    0                  0                 
       PWM_Operation.obj                274    5                  2                 
       ADC_Operation.obj                226    15                 6                 
       f28004x_usdelay.obj              4      0                  0                 
       f28004x_codestartbranch.obj      2      0                  0                 
    +--+--------------------------------+------+------------------+--------------------+
       Total:                           2493   71                 8400              
                                                                                    
    .\device\
       device.obj                       391    10                 4                 
    +--+--------------------------------+------+------------------+--------------------+
       Total:                           391    10                 4                 
                                                                                    
    C:\ti\c2000\C2000Ware_3_03_00_00\driverlib\f28004x\driverlib\ccs\Debug\driverlib_coff.lib
       sysctl.obj                       946    239                0                 
       sci.obj                          370    236                0                 
       gpio.obj                         265    239                0                 
       interrupt.obj                    50     124                0                 
    +--+--------------------------------+------+------------------+--------------------+
       Total:                           1631   838                0                 
                                                                                    
    C:\ti\ccs1011\ccs\tools\compiler\ti-cgt-c2000_20.8.0.STS\lib\rts2800_fpu32.lib
       _printfi.c.obj                   3300   66                 0                 
       ll_div28.asm.obj                 263    0                  0                 
       ctype.c.obj                      0      257                0                 
       s_scalbn.c.obj                   174    28                 0                 
       fd_add28.asm.obj                 156    0                  0                 
       fd_div28.asm.obj                 139    0                  0                 
       fs_div28.asm.obj                 136    0                  0                 
       fd_mpy28.asm.obj                 131    0                  0                 
       s_frexp.c.obj                    90     8                  0                 
       boot28.asm.obj                   86     0                  0                 
       exit.c.obj                       41     14                 6                 
       sprintf.c.obj                    50     0                  0                 
       atoi.c.obj                       49     0                  0                 
       _ltoa.c.obj                      48     0                  0                 
       fd_cmp28.asm.obj                 42     0                  0                 
       l_div28.asm.obj                  42     0                  0                 
       s_copysign.c.obj                 37     0                  0                 
       cpy_tbl.c.obj                    36     0                  0                 
       fd_toi28.asm.obj                 33     0                  0                 
       fd_tol28.asm.obj                 31     0                  0                 
       ll_cmp28.asm.obj                 30     0                  0                 
       i_tofd28.asm.obj                 29     0                  0                 
       memcpy.c.obj                     29     0                  0                 
       fs_tofdfpu32.asm.obj             28     0                  0                 
       l_tofd28.asm.obj                 28     0                  0                 
       ll_aox28.asm.obj                 24     0                  0                 
       _lock.c.obj                      9      10                 4                 
       args_main.c.obj                  18     0                  0                 
       memccpy.c.obj                    16     0                  0                 
       fd_sub28.asm.obj                 14     0                  0                 
       strchr.c.obj                     12     0                  0                 
       fd_neg28.asm.obj                 9      0                  0                 
       wcslen.c.obj                     9      0                  0                 
       strlen.c.obj                     8      0                  0                 
       memset.c.obj                     7      0                  0                 
       errno.c.obj                      0      4                  1                 
       strcpy.c.obj                     5      0                  0                 
       pre_init.c.obj                   2      0                  0                 
       startup.c.obj                    1      0                  0                 
    +--+--------------------------------+------+------------------+--------------------+
       Total:                           5162   387                11                
                                                                                    
       Stack:                           0      0                  512               
    +--+--------------------------------+------+------------------+--------------------+
       Grand Total:                     9677   1306               8927              


GLOBAL DATA SYMBOLS: SORTED BY DATA PAGE

address     data page           name
--------    ----------------    ----
00000400      10 (00000400)     __stack

00000b00      2c (00000b00)     _AdcaResultRegs
00000b20      2c (00000b00)     _AdcbResultRegs

00000b40      2d (00000b40)     _AdccResultRegs

00000c00      30 (00000c00)     _CpuTimer0Regs
00000c08      30 (00000c00)     _CpuTimer1Regs
00000c10      30 (00000c00)     _CpuTimer2Regs

00000ce0      33 (00000cc0)     _Cla1SoftIntRegs
00000ce0      33 (00000cc0)     _PieCtrlRegs

00000d00      34 (00000d00)     _PieVectTable

00001000      40 (00001000)     _DmaRegs

00001400      50 (00001400)     _Cla1Regs

00004000     100 (00004000)     _EPwm1Regs

00004100     104 (00004100)     _EPwm2Regs

00004200     108 (00004200)     _EPwm3Regs

00004300     10c (00004300)     _EPwm4Regs

00004400     110 (00004400)     _EPwm5Regs

00004500     114 (00004500)     _EPwm6Regs

00004600     118 (00004600)     _EPwm7Regs

00004700     11c (00004700)     _EPwm8Regs

00005100     144 (00005100)     _EQep1Regs

00005140     145 (00005140)     _EQep2Regs

00005200     148 (00005200)     _ECap1Regs

00005240     149 (00005240)     _ECap2Regs

00005280     14a (00005280)     _ECap3Regs

000052c0     14b (000052c0)     _ECap4Regs

00005300     14c (00005300)     _ECap5Regs

00005340     14d (00005340)     _ECap6Regs

00005380     14e (00005380)     _ECap7Regs

00005b00     16c (00005b00)     _Pga1Regs
00005b10     16c (00005b00)     _Pga2Regs
00005b20     16c (00005b00)     _Pga3Regs
00005b30     16c (00005b00)     _Pga4Regs

00005b40     16d (00005b40)     _Pga5Regs
00005b50     16d (00005b40)     _Pga6Regs
00005b60     16d (00005b40)     _Pga7Regs

00005c00     170 (00005c00)     _DacaRegs
00005c10     170 (00005c00)     _DacbRegs

00005c80     172 (00005c80)     _Cmpss1Regs
00005ca0     172 (00005c80)     _Cmpss2Regs

00005cc0     173 (00005cc0)     _Cmpss3Regs
00005ce0     173 (00005cc0)     _Cmpss4Regs

00005d00     174 (00005d00)     _Cmpss5Regs
00005d20     174 (00005d00)     _Cmpss6Regs

00005d40     175 (00005d40)     _Cmpss7Regs

00005e00     178 (00005e00)     _Sdfm1Regs

00006100     184 (00006100)     _SpiaRegs
00006110     184 (00006100)     _SpibRegs

000061c0     187 (000061c0)     _ClaPromCrc0Regs

00006400     190 (00006400)     _PmbusaRegs

00006600     198 (00006600)     _FsiTxaRegs

00006680     19a (00006680)     _FsiRxaRegs

00006a00     1a8 (00006a00)     _LinaRegs

00006b00     1ac (00006b00)     _LinbRegs

00007000     1c0 (00007000)     _WdRegs

00007060     1c1 (00007040)     _NmiIntruptRegs
00007070     1c1 (00007040)     _XintRegs

00007200     1c8 (00007200)     _SciaRegs
00007210     1c8 (00007200)     _ScibRegs

00007300     1cc (00007300)     _I2caRegs

00007400     1d0 (00007400)     _AdcaRegs

00007480     1d2 (00007480)     _AdcbRegs

00007500     1d4 (00007500)     _AdccRegs

00007900     1e4 (00007900)     _InputXbarRegs
00007920     1e4 (00007900)     _XbarRegs

00007940     1e5 (00007940)     _SyncSocRegs

00007980     1e6 (00007980)     _DmaClaSrcSelRegs

00007a00     1e8 (00007a00)     _EPwmXbarRegs

00007a80     1ea (00007a80)     _OutputXbarRegs

00007c00     1f0 (00007c00)     _GpioCtrlRegs

00007f00     1fc (00007f00)     _GpioDataRegs

0000a800     2a0 (0000a800)     __ctypes_

0000acba     2b2 (0000ac80)     _ramp_period
0000acbc     2b2 (0000ac80)     _Example_PassCount
0000acbe     2b2 (0000ac80)     _Example_Fail

0000acc0     2b3 (0000acc0)     _buff_length
0000acc1     2b3 (0000acc0)     _EndChar
0000acc2     2b3 (0000acc0)     _sendChar
0000acc3     2b3 (0000acc0)     _receivedChar
0000acc4     2b3 (0000acc0)     _errorCount
0000acc5     2b3 (0000acc0)     _SCI_check
0000acc6     2b3 (0000acc0)     _Duty
0000acc8     2b3 (0000acc0)     _ramp_value
0000acca     2b3 (0000acc0)     _Vin
0000accc     2b3 (0000acc0)     _Vout
0000acce     2b3 (0000acc0)     _KnobPrd
0000acd0     2b3 (0000acc0)     _fs_mod
0000acd2     2b3 (0000acc0)     _fs
0000acd4     2b3 (0000acc0)     _ramp_flag
0000acd6     2b3 (0000acc0)     _data_buff
0000ace2     2b3 (0000acc0)     _adc_a_module
0000ace4     2b3 (0000acc0)     _adc_b_module
0000ace6     2b3 (0000acc0)     _adc_c_module
0000ace8     2b3 (0000acc0)     ___TI_enable_exit_profile_output
0000acea     2b3 (0000acc0)     ___TI_cleanup_ptr
0000acec     2b3 (0000acc0)     ___TI_dtors_ptr
0000acee     2b3 (0000acc0)     _AdcResult
0000acf1     2b3 (0000acc0)     _errno
0000acf2     2b3 (0000acc0)     _PWM_MOD
0000acf4     2b3 (0000acc0)     _Adc_sweep_Result
0000acf6     2b3 (0000acc0)     __lock
0000acf8     2b3 (0000acc0)     __unlock

00048000    1200 (00048000)     _CanaRegs

0004a000    1280 (0004a000)     _CanbRegs

0005d000    1740 (0005d000)     _DevCfgRegs

0005d200    1748 (0005d200)     _ClkCfgRegs

0005d300    174c (0005d300)     _CpuSysRegs

0005d500    1754 (0005d500)     _SysPeriphAcRegs

0005d700    175c (0005d700)     _AnalogSubsysRegs

0005e700    179c (0005e700)     _Dcc0Regs

0005e800    17a0 (0005e800)     _EradGlobalRegs

0005e900    17a4 (0005e900)     _EradHWBP1Regs
0005e908    17a4 (0005e900)     _EradHWBP2Regs
0005e910    17a4 (0005e900)     _EradHWBP3Regs
0005e918    17a4 (0005e900)     _EradHWBP4Regs
0005e920    17a4 (0005e900)     _EradHWBP5Regs
0005e928    17a4 (0005e900)     _EradHWBP6Regs
0005e930    17a4 (0005e900)     _EradHWBP7Regs
0005e938    17a4 (0005e900)     _EradHWBP8Regs

0005e980    17a6 (0005e980)     _EradCounter1Regs
0005e990    17a6 (0005e980)     _EradCounter2Regs
0005e9a0    17a6 (0005e980)     _EradCounter3Regs
0005e9b0    17a6 (0005e980)     _EradCounter4Regs

0005f000    17c0 (0005f000)     _DcsmBank0Z1Regs

0005f040    17c1 (0005f040)     _DcsmBank0Z2Regs
0005f070    17c1 (0005f040)     _DcsmCommonRegs

0005f100    17c4 (0005f100)     _DcsmBank1Z1Regs

0005f140    17c5 (0005f140)     _DcsmBank1Z2Regs

0005f400    17d0 (0005f400)     _MemCfgRegs

0005f4c0    17d3 (0005f4c0)     _AccessProtectionRegs

0005f500    17d4 (0005f500)     _MemoryErrorRegs

0005f800    17e0 (0005f800)     _Flash0CtrlRegs

0005fb00    17ec (0005fb00)     _Flash0EccRegs


GLOBAL SYMBOLS: SORTED ALPHABETICALLY BY Name 

page  address   name                            
----  -------   ----                            
abs   ffffffff  .text                           
0     00009ef2  C$$EXIT                         
0     000098ae  FD$$ADD                         
0     00009e9e  FD$$CMP                         
0     00008f66  FD$$DIV                         
0     00009a6d  FD$$MPY                         
0     0000a2f8  FD$$NEG                         
0     0000a2d5  FD$$SUB                         
0     0000a000  FD$$TOI                         
0     0000a041  FD$$TOL                         
0     000099e5  FS$$DIV                         
0     0000a0d5  FS$$TOFD                        
0     0000a09b  I$$TOFD                         
0     00009ec8  L$$DIV                          
0     00009ed7  L$$MOD                          
0     0000a0f1  L$$TOFD                         
0     0000a174  LL$$AND                         
0     0000a060  LL$$CMP                         
0     000086da  LL$$DIV                         
0     00008716  LL$$MOD                         
0     0000a17c  LL$$OR                          
0     0000a184  LL$$XOR                         
0     00009ee5  UL$$DIV                         
0     00009eec  UL$$MOD                         
0     0000a072  ULL$$CMP                        
0     00008750  ULL$$DIV                        
0     0000877f  ULL$$MOD                        
0     000090be  _ADCA1_ISR                      
0     000092e4  _ADCA2_ISR                      
0     000092ee  _ADCA3_ISR                      
0     000092f8  _ADCA4_ISR                      
0     000092da  _ADCA_EVT_ISR                   
0     000090c8  _ADCB1_ISR                      
0     0000930c  _ADCB2_ISR                      
0     00009316  _ADCB3_ISR                      
0     00009320  _ADCB4_ISR                      
0     00009302  _ADCB_EVT_ISR                   
0     000090d2  _ADCC1_ISR                      
0     00009438  _ADCC2_ISR                      
0     00009442  _ADCC3_ISR                      
0     0000944c  _ADCC4_ISR                      
0     0000942e  _ADCC_EVT_ISR                   
1     0005f4c0  _AccessProtectionRegs           
1     0000acee  _AdcResult                      
0     000095eb  _Adc_A_Init                     
0     00009631  _Adc_B_Init                     
0     0000967e  _Adc_C_Init                     
0     00008ee8  _Adc_Init                       
1     0000acf4  _Adc_sweep_Result               
1     00007400  _AdcaRegs                       
1     00000b00  _AdcaResultRegs                 
1     00007480  _AdcbRegs                       
1     00000b20  _AdcbResultRegs                 
1     00007500  _AdccRegs                       
1     00000b40  _AdccResultRegs                 
1     0005d700  _AnalogSubsysRegs               
0     000092b2  _CANA0_ISR                      
0     000092bc  _CANA1_ISR                      
0     000092c6  _CANB0_ISR                      
0     000092d0  _CANB1_ISR                      
0     00009406  _CLA1PROMCRC_ISR                
0     0000932a  _CLA1_1_ISR                     
0     00009334  _CLA1_2_ISR                     
0     0000933e  _CLA1_3_ISR                     
0     00009348  _CLA1_4_ISR                     
0     00009352  _CLA1_5_ISR                     
0     0000935c  _CLA1_6_ISR                     
0     00009366  _CLA1_7_ISR                     
0     00009370  _CLA1_8_ISR                     
0     0000947e  _CLA_OVERFLOW_ISR               
0     00009488  _CLA_UNDERFLOW_ISR              
1     00048000  _CanaRegs                       
1     0004a000  _CanbRegs                       
1     00001400  _Cla1Regs                       
0     00000ce0  _Cla1SoftIntRegs                
1     000061c0  _ClaPromCrc0Regs                
1     0005d200  _ClkCfgRegs                     
1     00005c80  _Cmpss1Regs                     
1     00005ca0  _Cmpss2Regs                     
1     00005cc0  _Cmpss3Regs                     
1     00005ce0  _Cmpss4Regs                     
1     00005d00  _Cmpss5Regs                     
1     00005d20  _Cmpss6Regs                     
1     00005d40  _Cmpss7Regs                     
1     0005d300  _CpuSysRegs                     
1     00000c00  _CpuTimer0Regs                  
1     00000c08  _CpuTimer1Regs                  
1     00000c10  _CpuTimer2Regs                  
0     00009014  _DATALOG_ISR                    
0     0000923a  _DMA_CH1_ISR                    
0     00009244  _DMA_CH2_ISR                    
0     0000924e  _DMA_CH3_ISR                    
0     00009258  _DMA_CH4_ISR                    
0     00009262  _DMA_CH5_ISR                    
0     0000926c  _DMA_CH6_ISR                    
1     00005c00  _DacaRegs                       
1     00005c10  _DacbRegs                       
1     0005e700  _Dcc0Regs                       
1     0005f000  _DcsmBank0Z1Regs                
1     0005f040  _DcsmBank0Z2Regs                
1     0005f100  _DcsmBank1Z1Regs                
1     0005f140  _DcsmBank1Z2Regs                
1     0005f070  _DcsmCommonRegs                 
1     0005d000  _DevCfgRegs                     
0     000001f5  _Device_enableAllPeripherals    
0     000001c8  _Device_init                    
0     000002d2  _Device_initGPIO                
1     00007980  _DmaClaSrcSelRegs               
1     00001000  _DmaRegs                        
1     0000acc6  _Duty                           
0     000091a4  _ECAP1_ISR                      
0     000091ae  _ECAP2_ISR                      
0     000091b8  _ECAP3_ISR                      
0     000091c2  _ECAP4_ISR                      
0     000091cc  _ECAP5_ISR                      
0     000091ea  _ECAP6_2_ISR                    
0     000091d6  _ECAP6_ISR                      
0     000091f4  _ECAP7_2_ISR                    
0     000091e0  _ECAP7_ISR                      
1     00005200  _ECap1Regs                      
1     00005240  _ECap2Regs                      
1     00005280  _ECap3Regs                      
1     000052c0  _ECap4Regs                      
1     00005300  _ECap5Regs                      
1     00005340  _ECap6Regs                      
1     00005380  _ECap7Regs                      
0     0000949c  _EMPTY_ISR                      
0     00009028  _EMU_ISR                        
0     00009154  _EPWM1_ISR                      
0     00009104  _EPWM1_TZ_ISR                   
0     0000915e  _EPWM2_ISR                      
0     0000910e  _EPWM2_TZ_ISR                   
0     00009168  _EPWM3_ISR                      
0     00009118  _EPWM3_TZ_ISR                   
0     00009172  _EPWM4_ISR                      
0     00009122  _EPWM4_TZ_ISR                   
0     0000917c  _EPWM5_ISR                      
0     0000912c  _EPWM5_TZ_ISR                   
0     00009186  _EPWM6_ISR                      
0     00009136  _EPWM6_TZ_ISR                   
0     00009190  _EPWM7_ISR                      
0     00009140  _EPWM7_TZ_ISR                   
0     0000919a  _EPWM8_ISR                      
0     0000914a  _EPWM8_TZ_ISR                   
1     00004000  _EPwm1Regs                      
1     00004100  _EPwm2Regs                      
1     00004200  _EPwm3Regs                      
1     00004300  _EPwm4Regs                      
1     00004400  _EPwm5Regs                      
1     00004500  _EPwm6Regs                      
1     00004600  _EPwm7Regs                      
1     00004700  _EPwm8Regs                      
1     00007a00  _EPwmXbarRegs                   
0     000091fe  _EQEP1_ISR                      
0     00009208  _EQEP2_ISR                      
1     00005100  _EQep1Regs                      
1     00005140  _EQep2Regs                      
1     0000acc1  _EndChar                        
0     000002e9  _Epwm_Init                      
1     0005e980  _EradCounter1Regs               
1     0005e990  _EradCounter2Regs               
1     0005e9a0  _EradCounter3Regs               
1     0005e9b0  _EradCounter4Regs               
1     0005e800  _EradGlobalRegs                 
1     0005e900  _EradHWBP1Regs                  
1     0005e908  _EradHWBP2Regs                  
1     0005e910  _EradHWBP3Regs                  
1     0005e918  _EradHWBP4Regs                  
1     0005e920  _EradHWBP5Regs                  
1     0005e928  _EradHWBP6Regs                  
1     0005e930  _EradHWBP7Regs                  
1     0005e938  _EradHWBP8Regs                  
1     0000acbe  _Example_Fail                   
1     0000acbc  _Example_PassCount              
0     0000015d  _F28x_usDelay                   
0     00009460  _FLASH_CORRECTABLE_ERROR_ISR    
0     00009398  _FPU_OVERFLOW_ISR               
0     000093a2  _FPU_UNDERFLOW_ISR              
0     000093f2  _FSIRXA1_ISR                    
0     000093fc  _FSIRXA2_ISR                    
0     000093de  _FSITXA1_ISR                    
0     000093e8  _FSITXA2_ISR                    
1     0005f800  _Flash0CtrlRegs                 
1     0005fb00  _Flash0EccRegs                  
0     000094b3  _Freq_Mod                       
1     00006680  _FsiRxaRegs                     
1     00006600  _FsiTxaRegs                     
0     00008e8a  _GPIO_Init                      
0     00009d68  _GPIO_setAnalogMode             
0     00009e0c  _GPIO_setDirectionMode          
0     00009c51  _GPIO_setPadConfig              
0     00009da3  _GPIO_setPinConfig              
1     00007c00  _GpioCtrlRegs                   
1     00007f00  _GpioDataRegs                   
0     00009280  _I2CA_FIFO_ISR                  
0     00009276  _I2CA_ISR                       
1     00007300  _I2caRegs                       
0     0000903c  _ILLEGAL_ISR                    
1     00007900  _InputXbarRegs                  
0     00008eef  _Interrupt_Init                 
0     0000a021  _Interrupt_initVectorTable      
1     0000acce  _KnobPrd                        
0     00009410  _LINA_0_ISR                     
0     0000941a  _LINA_1_ISR                     
1     00006a00  _LinaRegs                       
1     00006b00  _LinbRegs                       
1     0005f400  _MemCfgRegs                     
1     0005f500  _MemoryErrorRegs                
0     00009032  _NMI_ISR                        
0     000094a9  _NOTUSED_ISR                    
1     00007060  _NmiIntruptRegs                 
1     00007a80  _OutputXbarRegs                 
0     00009492  _PIE_RESERVED_ISR               
0     00009424  _PMBUSA_ISR                     
0     000003af  _PWM_DIS                        
0     000003ba  _PWM_EN                         
1     0000acf2  _PWM_MOD                        
0     000003c5  _PWM_SET                        
1     00005b00  _Pga1Regs                       
1     00005b10  _Pga2Regs                       
1     00005b20  _Pga3Regs                       
1     00005b30  _Pga4Regs                       
1     00005b40  _Pga5Regs                       
1     00005b50  _Pga6Regs                       
1     00005b60  _Pga7Regs                       
1     00000ce0  _PieCtrlRegs                    
1     00000d00  _PieVectTable                   
1     00006400  _PmbusaRegs                     
0     0000946a  _RAM_ACCESS_VIOLATION_ISR       
0     00009456  _RAM_CORRECTABLE_ERROR_ISR      
0     0000901e  _RTOS_ISR                       
0     00008f45  _Resonant_Init                  
0     0000928a  _SCIA_RX_ISR                    
0     00009294  _SCIA_TX_ISR                    
0     0000929e  _SCIB_RX_ISR                    
0     000092a8  _SCIB_TX_ISR                    
0     00008ea3  _SCI_Init                       
1     0000acc5  _SCI_check                      
0     00009ca3  _SCI_clearInterruptStatus       
0     00009d2a  _SCI_setConfig                  
0     00009ce9  _SCI_writeCharArray             
0     000093b6  _SD1DR1_ISR                     
0     000093c0  _SD1DR2_ISR                     
0     000093ca  _SD1DR3_ISR                     
0     000093d4  _SD1DR4_ISR                     
0     000093ac  _SD1_ISR                        
0     00009212  _SPIA_RX_ISR                    
0     0000921c  _SPIA_TX_ISR                    
0     00009226  _SPIB_RX_ISR                    
0     00009230  _SPIB_TX_ISR                    
0     00009474  _SYS_PLL_SLIP_ISR               
1     00007200  _SciaRegs                       
1     00007210  _ScibRegs                       
1     00005e00  _Sdfm1Regs                      
1     00006100  _SpiaRegs                       
1     00006110  _SpibRegs                       
0     00009556  _Sweep_Routine                  
1     00007940  _SyncSocRegs                    
0     00000159  _SysCtl_delay                   
0     0000994a  _SysCtl_isPLLValid              
0     00009af0  _SysCtl_selectOscSource         
0     00009f8b  _SysCtl_selectXTAL              
0     0000a128  _SysCtl_selectXTALSingleEnded   
0     000096cd  _SysCtl_setClock                
1     0005d500  _SysPeriphAcRegs                
0     000090f0  _TIMER0_ISR                     
0     00009000  _TIMER1_ISR                     
0     0000900a  _TIMER2_ISR                     
0     00008f21  _Timer_Init                     
0     000090a0  _USER10_ISR                     
0     000090aa  _USER11_ISR                     
0     000090b4  _USER12_ISR                     
0     00009046  _USER1_ISR                      
0     00009050  _USER2_ISR                      
0     0000905a  _USER3_ISR                      
0     00009064  _USER4_ISR                      
0     0000906e  _USER5_ISR                      
0     00009078  _USER6_ISR                      
0     00009082  _USER7_ISR                      
0     0000908c  _USER8_ISR                      
0     00009096  _USER9_ISR                      
1     0000acca  _Vin                            
1     0000accc  _Vout                           
0     000090fa  _WAKE_ISR                       
1     00007000  _WdRegs                         
0     000090dc  _XINT1_ISR                      
0     000090e6  _XINT2_ISR                      
0     0000937a  _XINT3_ISR                      
0     00009384  _XINT4_ISR                      
0     0000938e  _XINT5_ISR                      
1     00007920  _XbarRegs                       
1     00007070  _XintRegs                       
1     00000600  __STACK_END                     
abs   00000200  __STACK_SIZE                    
1     0000acea  ___TI_cleanup_ptr               
1     0000acec  ___TI_dtors_ptr                 
1     0000ace8  ___TI_enable_exit_profile_output
0     00009e6e  ___TI_ltoa                      
abs   ffffffff  ___TI_pprof_out_hndl            
0     00008c79  ___TI_printfi                   
abs   ffffffff  ___TI_prof_data_size            
abs   ffffffff  ___TI_prof_data_start           
abs   ffffffff  ___binit__                      
abs   ffffffff  ___c_args__                     
0     000000f5  ___cinit__                      
0     000002e2  ___error__                      
abs   ffffffff  ___etext__                      
abs   ffffffff  ___pinit__                      
abs   ffffffff  ___text__                       
0     0000a2a3  __args_main                     
1     0000a800  __ctypes_                       
1     0000acf6  __lock                          
0     0000a2f7  __nop                           
0     0000a2f3  __register_lock                 
0     0000a2ef  __register_unlock               
1     00000400  __stack                         
0     00008fff  __system_post_cinit             
0     0000a324  __system_pre_init               
1     0000acf8  __unlock                        
0     00009ef2  _abort                          
1     0000ace2  _adc_a_module                   
1     0000ace4  _adc_b_module                   
1     0000ace6  _adc_c_module                   
0     00009e3d  _atoi                           
1     0000acc0  _buff_length                    
0     00009bfb  _c_int00                        
0     00009faf  _copy_in                        
0     00009f66  _copysignl                      
1     0000acd6  _data_buff                      
1     0000acf1  _errno                          
1     0000acc4  _errorCount                     
0     00009ef4  _exit                           
0     00009b4b  _frexpl                         
1     0000acd2  _fs                             
1     0000acd0  _fs_mod                         
0     00009800  _ldexpl                         
0     000097bf  _main                           
0     0000a2c5  _memccpy                        
0     0000a0b8  _memcpy                         
0     0000a319  _memset                         
1     0000acd4  _ramp_flag                      
1     0000acba  _ramp_period                    
1     0000acc8  _ramp_value                     
1     0000acc3  _receivedChar                   
0     00009800  _scalbnl                        
1     0000acc2  _sendChar                       
0     00009dda  _sprintf                        
0     0000a2e3  _strchr                         
0     000003fb  _strcpy                         
0     0000a30a  _strlen                         
0     0000a301  _wcslen                         
abs   ffffffff  binit                           
0     000000f5  cinit                           
0     00000000  code_start                      
abs   ffffffff  etext                           
abs   ffffffff  pinit                           


GLOBAL SYMBOLS: SORTED BY Symbol Address 

page  address   name                            
----  -------   ----                            
0     00000000  code_start                      
0     000000f5  ___cinit__                      
0     000000f5  cinit                           
0     00000159  _SysCtl_delay                   
0     0000015d  _F28x_usDelay                   
0     000001c8  _Device_init                    
0     000001f5  _Device_enableAllPeripherals    
0     000002d2  _Device_initGPIO                
0     000002e2  ___error__                      
0     000002e9  _Epwm_Init                      
0     000003af  _PWM_DIS                        
0     000003ba  _PWM_EN                         
0     000003c5  _PWM_SET                        
0     000003fb  _strcpy                         
0     00000ce0  _Cla1SoftIntRegs                
0     000086da  LL$$DIV                         
0     00008716  LL$$MOD                         
0     00008750  ULL$$DIV                        
0     0000877f  ULL$$MOD                        
0     00008c79  ___TI_printfi                   
0     00008e8a  _GPIO_Init                      
0     00008ea3  _SCI_Init                       
0     00008ee8  _Adc_Init                       
0     00008eef  _Interrupt_Init                 
0     00008f21  _Timer_Init                     
0     00008f45  _Resonant_Init                  
0     00008f66  FD$$DIV                         
0     00008fff  __system_post_cinit             
0     00009000  _TIMER1_ISR                     
0     0000900a  _TIMER2_ISR                     
0     00009014  _DATALOG_ISR                    
0     0000901e  _RTOS_ISR                       
0     00009028  _EMU_ISR                        
0     00009032  _NMI_ISR                        
0     0000903c  _ILLEGAL_ISR                    
0     00009046  _USER1_ISR                      
0     00009050  _USER2_ISR                      
0     0000905a  _USER3_ISR                      
0     00009064  _USER4_ISR                      
0     0000906e  _USER5_ISR                      
0     00009078  _USER6_ISR                      
0     00009082  _USER7_ISR                      
0     0000908c  _USER8_ISR                      
0     00009096  _USER9_ISR                      
0     000090a0  _USER10_ISR                     
0     000090aa  _USER11_ISR                     
0     000090b4  _USER12_ISR                     
0     000090be  _ADCA1_ISR                      
0     000090c8  _ADCB1_ISR                      
0     000090d2  _ADCC1_ISR                      
0     000090dc  _XINT1_ISR                      
0     000090e6  _XINT2_ISR                      
0     000090f0  _TIMER0_ISR                     
0     000090fa  _WAKE_ISR                       
0     00009104  _EPWM1_TZ_ISR                   
0     0000910e  _EPWM2_TZ_ISR                   
0     00009118  _EPWM3_TZ_ISR                   
0     00009122  _EPWM4_TZ_ISR                   
0     0000912c  _EPWM5_TZ_ISR                   
0     00009136  _EPWM6_TZ_ISR                   
0     00009140  _EPWM7_TZ_ISR                   
0     0000914a  _EPWM8_TZ_ISR                   
0     00009154  _EPWM1_ISR                      
0     0000915e  _EPWM2_ISR                      
0     00009168  _EPWM3_ISR                      
0     00009172  _EPWM4_ISR                      
0     0000917c  _EPWM5_ISR                      
0     00009186  _EPWM6_ISR                      
0     00009190  _EPWM7_ISR                      
0     0000919a  _EPWM8_ISR                      
0     000091a4  _ECAP1_ISR                      
0     000091ae  _ECAP2_ISR                      
0     000091b8  _ECAP3_ISR                      
0     000091c2  _ECAP4_ISR                      
0     000091cc  _ECAP5_ISR                      
0     000091d6  _ECAP6_ISR                      
0     000091e0  _ECAP7_ISR                      
0     000091ea  _ECAP6_2_ISR                    
0     000091f4  _ECAP7_2_ISR                    
0     000091fe  _EQEP1_ISR                      
0     00009208  _EQEP2_ISR                      
0     00009212  _SPIA_RX_ISR                    
0     0000921c  _SPIA_TX_ISR                    
0     00009226  _SPIB_RX_ISR                    
0     00009230  _SPIB_TX_ISR                    
0     0000923a  _DMA_CH1_ISR                    
0     00009244  _DMA_CH2_ISR                    
0     0000924e  _DMA_CH3_ISR                    
0     00009258  _DMA_CH4_ISR                    
0     00009262  _DMA_CH5_ISR                    
0     0000926c  _DMA_CH6_ISR                    
0     00009276  _I2CA_ISR                       
0     00009280  _I2CA_FIFO_ISR                  
0     0000928a  _SCIA_RX_ISR                    
0     00009294  _SCIA_TX_ISR                    
0     0000929e  _SCIB_RX_ISR                    
0     000092a8  _SCIB_TX_ISR                    
0     000092b2  _CANA0_ISR                      
0     000092bc  _CANA1_ISR                      
0     000092c6  _CANB0_ISR                      
0     000092d0  _CANB1_ISR                      
0     000092da  _ADCA_EVT_ISR                   
0     000092e4  _ADCA2_ISR                      
0     000092ee  _ADCA3_ISR                      
0     000092f8  _ADCA4_ISR                      
0     00009302  _ADCB_EVT_ISR                   
0     0000930c  _ADCB2_ISR                      
0     00009316  _ADCB3_ISR                      
0     00009320  _ADCB4_ISR                      
0     0000932a  _CLA1_1_ISR                     
0     00009334  _CLA1_2_ISR                     
0     0000933e  _CLA1_3_ISR                     
0     00009348  _CLA1_4_ISR                     
0     00009352  _CLA1_5_ISR                     
0     0000935c  _CLA1_6_ISR                     
0     00009366  _CLA1_7_ISR                     
0     00009370  _CLA1_8_ISR                     
0     0000937a  _XINT3_ISR                      
0     00009384  _XINT4_ISR                      
0     0000938e  _XINT5_ISR                      
0     00009398  _FPU_OVERFLOW_ISR               
0     000093a2  _FPU_UNDERFLOW_ISR              
0     000093ac  _SD1_ISR                        
0     000093b6  _SD1DR1_ISR                     
0     000093c0  _SD1DR2_ISR                     
0     000093ca  _SD1DR3_ISR                     
0     000093d4  _SD1DR4_ISR                     
0     000093de  _FSITXA1_ISR                    
0     000093e8  _FSITXA2_ISR                    
0     000093f2  _FSIRXA1_ISR                    
0     000093fc  _FSIRXA2_ISR                    
0     00009406  _CLA1PROMCRC_ISR                
0     00009410  _LINA_0_ISR                     
0     0000941a  _LINA_1_ISR                     
0     00009424  _PMBUSA_ISR                     
0     0000942e  _ADCC_EVT_ISR                   
0     00009438  _ADCC2_ISR                      
0     00009442  _ADCC3_ISR                      
0     0000944c  _ADCC4_ISR                      
0     00009456  _RAM_CORRECTABLE_ERROR_ISR      
0     00009460  _FLASH_CORRECTABLE_ERROR_ISR    
0     0000946a  _RAM_ACCESS_VIOLATION_ISR       
0     00009474  _SYS_PLL_SLIP_ISR               
0     0000947e  _CLA_OVERFLOW_ISR               
0     00009488  _CLA_UNDERFLOW_ISR              
0     00009492  _PIE_RESERVED_ISR               
0     0000949c  _EMPTY_ISR                      
0     000094a9  _NOTUSED_ISR                    
0     000094b3  _Freq_Mod                       
0     00009556  _Sweep_Routine                  
0     000095eb  _Adc_A_Init                     
0     00009631  _Adc_B_Init                     
0     0000967e  _Adc_C_Init                     
0     000096cd  _SysCtl_setClock                
0     000097bf  _main                           
0     00009800  _ldexpl                         
0     00009800  _scalbnl                        
0     000098ae  FD$$ADD                         
0     0000994a  _SysCtl_isPLLValid              
0     000099e5  FS$$DIV                         
0     00009a6d  FD$$MPY                         
0     00009af0  _SysCtl_selectOscSource         
0     00009b4b  _frexpl                         
0     00009bfb  _c_int00                        
0     00009c51  _GPIO_setPadConfig              
0     00009ca3  _SCI_clearInterruptStatus       
0     00009ce9  _SCI_writeCharArray             
0     00009d2a  _SCI_setConfig                  
0     00009d68  _GPIO_setAnalogMode             
0     00009da3  _GPIO_setPinConfig              
0     00009dda  _sprintf                        
0     00009e0c  _GPIO_setDirectionMode          
0     00009e3d  _atoi                           
0     00009e6e  ___TI_ltoa                      
0     00009e9e  FD$$CMP                         
0     00009ec8  L$$DIV                          
0     00009ed7  L$$MOD                          
0     00009ee5  UL$$DIV                         
0     00009eec  UL$$MOD                         
0     00009ef2  C$$EXIT                         
0     00009ef2  _abort                          
0     00009ef4  _exit                           
0     00009f66  _copysignl                      
0     00009f8b  _SysCtl_selectXTAL              
0     00009faf  _copy_in                        
0     0000a000  FD$$TOI                         
0     0000a021  _Interrupt_initVectorTable      
0     0000a041  FD$$TOL                         
0     0000a060  LL$$CMP                         
0     0000a072  ULL$$CMP                        
0     0000a09b  I$$TOFD                         
0     0000a0b8  _memcpy                         
0     0000a0d5  FS$$TOFD                        
0     0000a0f1  L$$TOFD                         
0     0000a128  _SysCtl_selectXTALSingleEnded   
0     0000a174  LL$$AND                         
0     0000a17c  LL$$OR                          
0     0000a184  LL$$XOR                         
0     0000a2a3  __args_main                     
0     0000a2c5  _memccpy                        
0     0000a2d5  FD$$SUB                         
0     0000a2e3  _strchr                         
0     0000a2ef  __register_unlock               
0     0000a2f3  __register_lock                 
0     0000a2f7  __nop                           
0     0000a2f8  FD$$NEG                         
0     0000a301  _wcslen                         
0     0000a30a  _strlen                         
0     0000a319  _memset                         
0     0000a324  __system_pre_init               
1     00000400  __stack                         
1     00000600  __STACK_END                     
1     00000b00  _AdcaResultRegs                 
1     00000b20  _AdcbResultRegs                 
1     00000b40  _AdccResultRegs                 
1     00000c00  _CpuTimer0Regs                  
1     00000c08  _CpuTimer1Regs                  
1     00000c10  _CpuTimer2Regs                  
1     00000ce0  _PieCtrlRegs                    
1     00000d00  _PieVectTable                   
1     00001000  _DmaRegs                        
1     00001400  _Cla1Regs                       
1     00004000  _EPwm1Regs                      
1     00004100  _EPwm2Regs                      
1     00004200  _EPwm3Regs                      
1     00004300  _EPwm4Regs                      
1     00004400  _EPwm5Regs                      
1     00004500  _EPwm6Regs                      
1     00004600  _EPwm7Regs                      
1     00004700  _EPwm8Regs                      
1     00005100  _EQep1Regs                      
1     00005140  _EQep2Regs                      
1     00005200  _ECap1Regs                      
1     00005240  _ECap2Regs                      
1     00005280  _ECap3Regs                      
1     000052c0  _ECap4Regs                      
1     00005300  _ECap5Regs                      
1     00005340  _ECap6Regs                      
1     00005380  _ECap7Regs                      
1     00005b00  _Pga1Regs                       
1     00005b10  _Pga2Regs                       
1     00005b20  _Pga3Regs                       
1     00005b30  _Pga4Regs                       
1     00005b40  _Pga5Regs                       
1     00005b50  _Pga6Regs                       
1     00005b60  _Pga7Regs                       
1     00005c00  _DacaRegs                       
1     00005c10  _DacbRegs                       
1     00005c80  _Cmpss1Regs                     
1     00005ca0  _Cmpss2Regs                     
1     00005cc0  _Cmpss3Regs                     
1     00005ce0  _Cmpss4Regs                     
1     00005d00  _Cmpss5Regs                     
1     00005d20  _Cmpss6Regs                     
1     00005d40  _Cmpss7Regs                     
1     00005e00  _Sdfm1Regs                      
1     00006100  _SpiaRegs                       
1     00006110  _SpibRegs                       
1     000061c0  _ClaPromCrc0Regs                
1     00006400  _PmbusaRegs                     
1     00006600  _FsiTxaRegs                     
1     00006680  _FsiRxaRegs                     
1     00006a00  _LinaRegs                       
1     00006b00  _LinbRegs                       
1     00007000  _WdRegs                         
1     00007060  _NmiIntruptRegs                 
1     00007070  _XintRegs                       
1     00007200  _SciaRegs                       
1     00007210  _ScibRegs                       
1     00007300  _I2caRegs                       
1     00007400  _AdcaRegs                       
1     00007480  _AdcbRegs                       
1     00007500  _AdccRegs                       
1     00007900  _InputXbarRegs                  
1     00007920  _XbarRegs                       
1     00007940  _SyncSocRegs                    
1     00007980  _DmaClaSrcSelRegs               
1     00007a00  _EPwmXbarRegs                   
1     00007a80  _OutputXbarRegs                 
1     00007c00  _GpioCtrlRegs                   
1     00007f00  _GpioDataRegs                   
1     0000a800  __ctypes_                       
1     0000acba  _ramp_period                    
1     0000acbc  _Example_PassCount              
1     0000acbe  _Example_Fail                   
1     0000acc0  _buff_length                    
1     0000acc1  _EndChar                        
1     0000acc2  _sendChar                       
1     0000acc3  _receivedChar                   
1     0000acc4  _errorCount                     
1     0000acc5  _SCI_check                      
1     0000acc6  _Duty                           
1     0000acc8  _ramp_value                     
1     0000acca  _Vin                            
1     0000accc  _Vout                           
1     0000acce  _KnobPrd                        
1     0000acd0  _fs_mod                         
1     0000acd2  _fs                             
1     0000acd4  _ramp_flag                      
1     0000acd6  _data_buff                      
1     0000ace2  _adc_a_module                   
1     0000ace4  _adc_b_module                   
1     0000ace6  _adc_c_module                   
1     0000ace8  ___TI_enable_exit_profile_output
1     0000acea  ___TI_cleanup_ptr               
1     0000acec  ___TI_dtors_ptr                 
1     0000acee  _AdcResult                      
1     0000acf1  _errno                          
1     0000acf2  _PWM_MOD                        
1     0000acf4  _Adc_sweep_Result               
1     0000acf6  __lock                          
1     0000acf8  __unlock                        
1     00048000  _CanaRegs                       
1     0004a000  _CanbRegs                       
1     0005d000  _DevCfgRegs                     
1     0005d200  _ClkCfgRegs                     
1     0005d300  _CpuSysRegs                     
1     0005d500  _SysPeriphAcRegs                
1     0005d700  _AnalogSubsysRegs               
1     0005e700  _Dcc0Regs                       
1     0005e800  _EradGlobalRegs                 
1     0005e900  _EradHWBP1Regs                  
1     0005e908  _EradHWBP2Regs                  
1     0005e910  _EradHWBP3Regs                  
1     0005e918  _EradHWBP4Regs                  
1     0005e920  _EradHWBP5Regs                  
1     0005e928  _EradHWBP6Regs                  
1     0005e930  _EradHWBP7Regs                  
1     0005e938  _EradHWBP8Regs                  
1     0005e980  _EradCounter1Regs               
1     0005e990  _EradCounter2Regs               
1     0005e9a0  _EradCounter3Regs               
1     0005e9b0  _EradCounter4Regs               
1     0005f000  _DcsmBank0Z1Regs                
1     0005f040  _DcsmBank0Z2Regs                
1     0005f070  _DcsmCommonRegs                 
1     0005f100  _DcsmBank1Z1Regs                
1     0005f140  _DcsmBank1Z2Regs                
1     0005f400  _MemCfgRegs                     
1     0005f4c0  _AccessProtectionRegs           
1     0005f500  _MemoryErrorRegs                
1     0005f800  _Flash0CtrlRegs                 
1     0005fb00  _Flash0EccRegs                  
abs   00000200  __STACK_SIZE                    
abs   ffffffff  .text                           
abs   ffffffff  ___TI_pprof_out_hndl            
abs   ffffffff  ___TI_prof_data_size            
abs   ffffffff  ___TI_prof_data_start           
abs   ffffffff  ___binit__                      
abs   ffffffff  ___c_args__                     
abs   ffffffff  ___etext__                      
abs   ffffffff  ___pinit__                      
abs   ffffffff  ___text__                       
abs   ffffffff  binit                           
abs   ffffffff  etext                           
abs   ffffffff  pinit                           

[356 symbols]
